     ษอออออออออออออออออออออออออออออออออออออออออออออออออออออออออออออออออป   
     บ  AXIL IBM-PC V3.00                       10-08-2014   14:29:03  บ   
     บ  Spectrum: QTD10083.SPE                                     0.s บ   
     ศอออออออออออออออออออออออออออออออออออออออออออออออออออออออออออออออออผ   
     ษอออออออออออออออออออออออออออออออออออออออออออออออออออออออออออออออออป   
     บ  Fitting Region: channels 130 -1800        3 iterations done    บ   
     บ  ChiSquare =    27.2   last change =   .00%    lambda= 1.E-05   บ   
     ฬอออออออออออออออออออออออออออออออออออออออออออออออออออออออออออออออออน   
     บ                        CALIBRATION  DATA                        บ   
     ฬออออออออออออออออหออออออออออออออออออออออออหอออออออออออออออออออออออน   
     บ                บ   Initial estimate     บ    Final estimate     บ   
     ฬออออออออออออออออฮออออออออออออออออออออออออฮอออออออออออออออออออออออน   
     บ  ZERO (eV)     บ      -35.3 ๑   100.0   บ     -35.3 ๑     1.0   บ   
     บ  GAIN (eV/ch)  บ     20.223 ๑   2.000   บ    20.223 ๑    .002   บ   
     บ det NOISE (eV) บ      160.8 ๑    40.0   บ     160.8 ๑     3.5   บ   
     บ  FANO factor   บ       .069 ๑    .050   บ      .069 ๑    .003   บ   
     ศออออออออออออออออสออออออออออออออออออออออออสอออออออออออออออออออออออผ   
     ษอออออออออออออออออออออออออออออออออออออออออออออออออออออออออออออออออป   
     บ                           PEAK  DATA                            บ   
     ฬอออออออออออออออออออออออออออออออออออออออออออออออออออออออออออออออออน   
     บ  # Line       E(KeV)  rel. int.   peak area   st. dev    chi-sq บ   
     บ               chan#   fwhm (eV)      backgr            tot. abs บ   
     ฬอออออออออออออออออออออออออออออออออออออออออออออออออออออออออออออออออน   
     บ                                                                 บ   
     บ  1 Bi-L1                            123230. ๑    458.           บ   
     บ    L1M3       13.210    .37289       45951. ๑    172.    174.3  บ   
     บ              654.973    212.94         269.           9.86E-01  บ   
     บ    L1M2       12.691    .34774       42852. ๑    160.     36.8  บ   
     บ              629.308    211.14         288.           9.85E-01  บ   
     บ    L1N3       15.710    .10937       13477. ๑     52.      4.3  บ   
     บ              778.596    221.42         209.           9.88E-01  บ   
     บ    L1N2       15.582    .09174       11305. ๑     44.     13.3  บ   
     บ              772.267    221.00         212.           9.88E-01  บ   
     บ    L1O3       16.295    .02172        2677. ๑     17.      5.0  บ   
     บ              807.524    223.36         192.           9.87E-01  บ   
     บ    L1O2       16.271    .01882        2319. ๑     16.      5.0  บ   
     บ              806.337    223.28         192.           9.87E-01  บ   
     บ    L1M5       13.808    .01950        2402. ๑     19.     21.2  บ   
     บ              684.543    215.00         274.           9.86E-01  บ   
     บ    L1M4       13.700    .01302        1604. ๑     18.    125.4  บ   
     บ              679.203    214.63         278.           9.88E-01  บ   
     บ    L1N5       15.951    .00320         395. ๑     14.      3.2  บ   
     บ              790.514    222.23         201.           9.87E-01  บ   
     บ    L1N4       15.904    .00200         247. ๑     14.      3.2  บ   
     บ              788.190    222.07         203.           9.88E-01  บ   
     บ                                                                 บ   
     บ  2 Bi-L2                            503550. ๑    783.           บ   
     บ    L2M4       13.024    .77725      391383. ๑    609.    206.1  บ   
     บ              645.775    212.30         275.           9.86E-01  บ   
     บ    L2N4       15.248    .16913       85165. ๑    133.    175.8  บ   
     บ              755.751    219.88         223.           9.87E-01  บ   
     บ    L2M1       11.712    .02148       10817. ๑     25.    214.0  บ   
     บ              580.897    207.69         329.           9.85E-01  บ   
     บ    L2N1       14.773    .00560        2822. ๑     16.     17.2  บ   
     บ              732.262    218.28         239.           9.87E-01  บ   
     บ    L2O4       15.685    .02444       12305. ๑     24.      4.7  บ   
     บ              777.360    221.34         209.           9.88E-01  บ   
     บ    L2O1       15.551    .00120         605. ๑     15.     25.8  บ   
     บ              770.734    220.89         214.           9.88E-01  บ   
     บ    L2M3       12.534    .00090         452. ๑     17.    181.4  บ   
     บ              621.545    210.59         294.           9.84E-01  บ   
     บ                                                                 บ   
     บ  3 Bi-L3                            155322. ๑    433.           บ   
     บ    L3M5       10.839    .68965      107118. ๑    299.    105.8  บ   
     บ              537.728    204.57         370.           9.82E-01  บ   
     บ    L3M4       10.731    .07843       12182. ๑     39.     96.2  บ   
     บ              532.388    204.18         375.           9.81E-01  บ   
     บ    L3N5       12.980    .14081       21871. ๑     63.    198.0  บ   
     บ              643.599    212.14         277.           9.86E-01  บ   
     บ    L3N4       12.955    .01576        2447. ๑     18.    198.5  บ   
     บ              642.363    212.06         278.           9.86E-01  บ   
     บ    L3M1        9.420    .04081        6339. ๑     27.    559.0  บ   
     บ              467.559    199.39         443.           9.73E-01  บ   
     บ    L3N1       12.482    .01032        1603. ๑     18.    210.1  บ   
     บ              618.974    210.41         297.           9.84E-01  บ   
     บ    L3O1       13.259    .00221         343. ๑     16.    226.5  บ   
     บ              657.396    213.11         266.           9.86E-01  บ   
     บ    L3O5       13.395    .02201        3418. ๑     19.    465.3  บ   
     บ              664.121    213.58         261.           9.87E-01  บ   
     บ                                                                 บ   
     บ  4 Pile_up                             409. ๑     30.           บ   
     บ    L2M1       26.043    .28703         118. ๑     12.      1.3  บ   
     บ             1289.535    253.49          62.           7.67E-01  บ   
     บ    L2N1       23.860    .14845          61. ๑     10.      1.1  บ   
     บ             1181.623    247.07          76.           8.44E-01  บ   
     บ    L3M5       28.269    .11758          48. ๑      8.      1.1  บ   
     บ             1399.645    259.89          53.           6.87E-01  บ   
     บ    L3N5       26.232    .06400          26. ๑      8.      1.6  บ   
     บ             1298.885    254.04          61.           7.60E-01  บ   
     บ    L3M1       25.712    .05924          24. ๑      8.      1.6  บ   
     บ             1273.203    252.53          64.           7.79E-01  บ   
     บ    L3N1       28.719    .03562          15. ๑      7.      2.1  บ   
     บ             1421.901    261.16          52.           6.72E-01  บ   
     บ               26.087    .03041          13. ๑      8.      1.5  บ   
     บ             1291.733    253.62          62.           7.65E-01  บ   
     บ               21.678    .01919           8. ๑     10.       .8  บ   
     บ             1073.711    240.47          98.           9.12E-01  บ   
     บ               23.752    .01688           7. ๑      9.      1.3  บ   
     บ             1176.282    246.75          77.           8.48E-01  บ   
     บ               24.049    .01655           7. ๑      9.      1.6  บ   
     บ             1190.973    247.63          75.           8.38E-01  บ   
     บ               28.602    .01646           7. ๑      7.      2.0  บ   
     บ             1416.084    260.83          52.           6.76E-01  บ   
     บ               23.530    .01532           6. ๑      9.      1.7  บ   
     บ             1165.291    246.08          79.           8.55E-01  บ   
     บ               24.733    .01493           6. ๑      8.      2.4  บ   
     บ             1224.792    249.66          70.           8.14E-01  บ   
     บ               28.458    .01311           5. ๑      7.      1.5  บ   
     บ             1408.996    260.42          52.           6.81E-01  บ   
     บ               27.939    .01213           5. ๑      7.      1.1  บ   
     บ             1383.314    258.95          54.           6.99E-01  บ   
     บ               30.496    .01204           5. ๑      7.      1.2  บ   
     บ             1509.756    266.13          49.           6.13E-01  บ   
     บ               26.537    .00921           4. ๑      8.      1.4  บ   
     บ             1313.989    254.93          60.           7.49E-01  บ   
     บ               22.441    .00878           4. ๑      9.      4.2  บ   
     บ             1111.454    242.80          89.           8.90E-01  บ   
     บ               30.946    .00730           3. ๑      7.      1.9  บ   
     บ             1532.012    267.37          48.           5.99E-01  บ   
     บ               29.305    .00691           3. ๑      7.      1.1  บ   
     บ             1450.868    262.81          54.           6.52E-01  บ   
     บ               25.901    .00660           3. ๑      8.      1.2  บ   
     บ             1282.554    253.08          63.           7.72E-01  บ   
     บ               26.416    .00474           2. ๑      8.      1.7  บ   
     บ             1308.015    254.58          60.           7.54E-01  บ   
     บ               21.570    .00437           2. ๑     10.       .8  บ   
     บ             1068.370    240.14         100.           9.15E-01  บ   
     บ               26.419    .00426           2. ๑      8.      1.7  บ   
     บ             1308.172    254.59          60.           7.53E-01  บ   
     บ               28.908    .00397           2. ๑      7.      2.3  บ   
     บ             1431.252    261.69          51.           6.65E-01  บ   
     บ               27.794    .00390           2. ๑      7.      1.0  บ   
     บ             1376.157    258.54          55.           7.04E-01  บ   
     บ               22.551    .00386           2. ๑      9.      4.1  บ   
     บ             1116.880    243.13          88.           8.87E-01  บ   
     บ               28.389    .00368           2. ๑      7.      1.3  บ   
     บ             1405.570    260.23          53.           6.83E-01  บ   
     บ               26.421    .00357           1. ๑      8.      1.7  บ   
     บ             1308.236    254.59          60.           7.53E-01  บ   
     บ               25.979    .00346           1. ๑      8.      1.3  บ   
     บ             1286.393    253.31          63.           7.69E-01  บ   
     บ               30.828    .00337           1. ๑      7.      1.4  บ   
     บ             1526.194    267.05          48.           6.02E-01  บ   
     บ               26.829    .00332           1. ๑      8.      1.4  บ   
     บ             1328.438    255.77          59.           7.39E-01  บ   
     บ               26.960    .00306           1. ๑      8.      1.8  บ   
     บ             1334.903    256.15          58.           7.34E-01  บ   
     บ               25.382    .00306           1. ๑      8.      3.3  บ   
     บ             1256.871    251.57          66.           7.91E-01  บ   
     บ               25.515    .00285           1. ๑      8.      2.3  บ   
     บ             1263.432    251.96          65.           7.86E-01  บ   
     บ               20.259    .00227           1. ๑     10.       .8  บ   
     บ             1003.542    236.08         108.           9.46E-01  บ   
     บ               26.721    .00222           1. ๑      8.      1.0  บ   
     บ             1323.097    255.46          59.           7.43E-01  บ   
     บ               23.941    .00188           1. ๑      9.      1.1  บ   
     บ             1185.633    247.31          75.           8.41E-01  บ   
     บ               28.791    .00184           1. ๑      7.      2.0  บ   
     บ             1425.434    261.36          51.           6.69E-01  บ   
     บ               24.668    .00180           1. ๑      8.      2.3  บ   
     บ             1221.564    249.47          70.           8.16E-01  บ   
     บ               27.123    .00179           1. ๑      8.      2.0  บ   
     บ             1342.956    256.62          57.           7.28E-01  บ   
     บ               23.422    .00174           1. ๑      9.      1.6  บ   
     บ             1159.950    245.76          80.           8.59E-01  บ   
     บ               28.271    .00170           1. ๑      7.      1.1  บ   
     บ             1399.752    259.89          53.           6.87E-01  บ   
     บ               24.922    .00167           1. ๑      8.      2.5  บ   
     บ             1234.143    250.22          68.           8.07E-01  บ   
     บ               24.403    .00154           1. ๑      8.      2.2  บ   
     บ             1208.460    248.68          72.           8.26E-01  บ   
     บ               31.532    .00141           1. ๑      7.      2.9  บ   
     บ             1560.979    268.98          45.           5.81E-01  บ   
     บ               24.234    .00122           1. ๑      9.      1.8  บ   
     บ             1200.104    248.18          73.           8.31E-01  บ   
     บ               31.396    .00111           0. ๑      7.      3.0  บ   
     บ             1554.268    268.61          46.           5.85E-01  บ   
     บ               26.429    .00105           0. ๑      8.      1.7  บ   
     บ             1308.649    254.62          60.           7.53E-01  บ   
     บ               31.279    .00102           0. ๑      7.      2.7  บ   
     บ             1548.450    268.29          46.           5.88E-01  บ   
     บ               25.612    .00101           0. ๑      8.      1.5  บ   
     บ             1268.245    252.24          64.           7.83E-01  บ   
     บ                                                                 บ   
     ศอออออออออออออออออออออออออออออออออออออออออออออออออออออออออออออออออผ   
                                                                           
     ษอออออออออออออออออออออออออออออออออออออออออออออออออออออออออออออออออป   
     บ                         FILTER BACKGROUND                       บ   
     ศอออออออออออออออออออออออออออออออออออออออออออออออออออออออออออออออออผ   
                                                                           
