     ษอออออออออออออออออออออออออออออออออออออออออออออออออออออออออออออออออป   
     บ  AXIL IBM-PC V3.00                       10-08-2014   14:28:55  บ   
     บ  Spectrum: QTD10050.SPE                                     0.s บ   
     ศอออออออออออออออออออออออออออออออออออออออออออออออออออออออออออออออออผ   
     ษอออออออออออออออออออออออออออออออออออออออออออออออออออออออออออออออออป   
     บ  Fitting Region: channels 130 -1800        3 iterations done    บ   
     บ  ChiSquare =   347.2   last change =   .01%    lambda= 1.E-05   บ   
     ฬอออออออออออออออออออออออออออออออออออออออออออออออออออออออออออออออออน   
     บ                        CALIBRATION  DATA                        บ   
     ฬออออออออออออออออหออออออออออออออออออออออออหอออออออออออออออออออออออน   
     บ                บ   Initial estimate     บ    Final estimate     บ   
     ฬออออออออออออออออฮออออออออออออออออออออออออฮอออออออออออออออออออออออน   
     บ  ZERO (eV)     บ      -16.0 ๑   100.0   บ     -16.0 ๑     1.1   บ   
     บ  GAIN (eV/ch)  บ     20.197 ๑   2.000   บ    20.197 ๑    .001   บ   
     บ det NOISE (eV) บ      134.3 ๑    40.0   บ     134.3 ๑     6.0   บ   
     บ  FANO factor   บ       .112 ๑    .050   บ      .112 ๑    .002   บ   
     ศออออออออออออออออสออออออออออออออออออออออออสอออออออออออออออออออออออผ   
     ษอออออออออออออออออออออออออออออออออออออออออออออออออออออออออออออออออป   
     บ                           PEAK  DATA                            บ   
     ฬอออออออออออออออออออออออออออออออออออออออออออออออออออออออออออออออออน   
     บ  # Line       E(KeV)  rel. int.   peak area   st. dev    chi-sq บ   
     บ               chan#   fwhm (eV)      backgr            tot. abs บ   
     ฬอออออออออออออออออออออออออออออออออออออออออออออออออออออออออออออออออน   
     บ                                                                 บ   
     บ  1 Sn-Ka                           5418283. ๑   2328.           บ   
     บ    KA1        25.271    .64942     3518755. ๑   1512.    138.7  บ   
     บ             1252.025    279.69        1413.           7.95E-01  บ   
     บ    KA2        25.044    .35058     1899528. ๑    817.     66.1  บ   
     บ             1240.786    278.72        1462.           8.03E-01  บ   
     บ                                                                 บ   
     บ  2 Sn-Kb                            964899. ๑    983.           บ   
     บ    KB1        28.486    .55780      538224. ๑    549.     34.1  บ   
     บ             1411.209    293.06         901.           6.80E-01  บ   
     บ    KB3        28.444    .28822      278108. ๑    285.     33.8  บ   
     บ             1409.129    292.89         908.           6.81E-01  บ   
     บ    KB2        29.109    .15397      148568. ๑    154.     33.4  บ   
     บ             1442.055    295.58         796.           6.59E-01  บ   
     บ                                                                 บ   
     บ  3 Pile_up                               0. ๑      0.           บ   
     บ                                                                 บ   
     ศอออออออออออออออออออออออออออออออออออออออออออออออออออออออออออออออออผ   
                                                                           
     ษอออออออออออออออออออออออออออออออออออออออออออออออออออออออออออออออออป   
     บ                         FILTER BACKGROUND                       บ   
     ศอออออออออออออออออออออออออออออออออออออออออออออออออออออออออออออออออผ   
                                                                           
