     ษอออออออออออออออออออออออออออออออออออออออออออออออออออออออออออออออออป   
     บ  AXIL IBM-PC V3.00                       10-08-2014   14:28:48  บ   
     บ  Spectrum: QTD10030.SPE                                     0.s บ   
     ศอออออออออออออออออออออออออออออออออออออออออออออออออออออออออออออออออผ   
     ษอออออออออออออออออออออออออออออออออออออออออออออออออออออออออออออออออป   
     บ  Fitting Region: channels 130 -1800        3 iterations done    บ   
     บ  ChiSquare =     5.1   last change =   .01%    lambda= 1.E-05   บ   
     ฬอออออออออออออออออออออออออออออออออออออออออออออออออออออออออออออออออน   
     บ                        CALIBRATION  DATA                        บ   
     ฬออออออออออออออออหออออออออออออออออออออออออหอออออออออออออออออออออออน   
     บ                บ   Initial estimate     บ    Final estimate     บ   
     ฬออออออออออออออออฮออออออออออออออออออออออออฮอออออออออออออออออออออออน   
     บ  ZERO (eV)     บ      -36.2 ๑   100.0   บ     -36.2 ๑     6.5   บ   
     บ  GAIN (eV/ch)  บ     20.235 ๑   2.000   บ    20.235 ๑    .014   บ   
     บ det NOISE (eV) บ       41.1 ๑    40.0   บ      41.1 ๑    56.8   บ   
     บ  FANO factor   บ       .142 ๑    .050   บ      .142 ๑    .017   บ   
     ศออออออออออออออออสออออออออออออออออออออออออสอออออออออออออออออออออออผ   
     ษอออออออออออออออออออออออออออออออออออออออออออออออออออออออออออออออออป   
     บ                           PEAK  DATA                            บ   
     ฬอออออออออออออออออออออออออออออออออออออออออออออออออออออออออออออออออน   
     บ  # Line       E(KeV)  rel. int.   peak area   st. dev    chi-sq บ   
     บ               chan#   fwhm (eV)      backgr            tot. abs บ   
     ฬอออออออออออออออออออออออออออออออออออออออออออออออออออออออออออออออออน   
     บ                                                                 บ   
     บ  1 Zn-Ka                             25465. ๑    160.           บ   
     บ    KA1         8.639    .66048       16819. ๑    106.      1.1  บ   
     บ              428.730    167.07          41.           9.65E-01  บ   
     บ    KA2         8.616    .33952        8646. ๑     55.      1.3  บ   
     บ              427.593    166.86          41.           9.65E-01  บ   
     บ                                                                 บ   
     บ  2 Zn-Kb                             18865. ๑    138.           บ   
     บ    KB1         9.572   1.00000       18865. ๑    138.      2.9  บ   
     บ              474.839    175.34          37.           9.74E-01  บ   
     บ                                                                 บ   
     บ  3 Pile_up                              39. ๑     10.           บ   
     บ    L1N2       18.203    .59701          23. ๑      9.       .9  บ   
     บ              901.395    238.63          38.           9.77E-01  บ   
     บ    L1O3       17.262    .40299          16. ๑      7.      1.6  บ   
     บ              854.900    232.57          33.           9.84E-01  บ   
     บ                                                                 บ   
     ศอออออออออออออออออออออออออออออออออออออออออออออออออออออออออออออออออผ   
                                                                           
     ษอออออออออออออออออออออออออออออออออออออออออออออออออออออออออออออออออป   
     บ                         FILTER BACKGROUND                       บ   
     ศอออออออออออออออออออออออออออออออออออออออออออออออออออออออออออออออออผ   
                                                                           
