     ษอออออออออออออออออออออออออออออออออออออออออออออออออออออออออออออออออป   
     บ  AXIL IBM-PC V3.00                       10-08-2014   14:28:51  บ   
     บ  Spectrum: QTD10045.SPE                                     0.s บ   
     ศอออออออออออออออออออออออออออออออออออออออออออออออออออออออออออออออออผ   
     ษอออออออออออออออออออออออออออออออออออออออออออออออออออออออออออออออออป   
     บ  Fitting Region: channels 130 -1800        4 iterations done    บ   
     บ  ChiSquare =   294.5   last change =   .00%    lambda= 1.E-06   บ   
     ฬอออออออออออออออออออออออออออออออออออออออออออออออออออออออออออออออออน   
     บ                        CALIBRATION  DATA                        บ   
     ฬออออออออออออออออหออออออออออออออออออออออออหอออออออออออออออออออออออน   
     บ                บ   Initial estimate     บ    Final estimate     บ   
     ฬออออออออออออออออฮออออออออออออออออออออออออฮอออออออออออออออออออออออน   
     บ  ZERO (eV)     บ      -24.4 ๑   100.0   บ     -24.4 ๑     1.0   บ   
     บ  GAIN (eV/ch)  บ     20.203 ๑   2.000   บ    20.203 ๑    .001   บ   
     บ det NOISE (eV) บ      121.3 ๑    40.0   บ     121.3 ๑     5.2   บ   
     บ  FANO factor   บ       .110 ๑    .050   บ      .110 ๑    .002   บ   
     ศออออออออออออออออสออออออออออออออออออออออออสอออออออออออออออออออออออผ   
     ษอออออออออออออออออออออออออออออออออออออออออออออออออออออออออออออออออป   
     บ                           PEAK  DATA                            บ   
     ฬอออออออออออออออออออออออออออออออออออออออออออออออออออออออออออออออออน   
     บ  # Line       E(KeV)  rel. int.   peak area   st. dev    chi-sq บ   
     บ               chan#   fwhm (eV)      backgr            tot. abs บ   
     ฬอออออออออออออออออออออออออออออออออออออออออออออออออออออออออออออออออน   
     บ                                                                 บ   
     บ  1 Rh-Ka                           6051141. ๑   2460.           บ   
     บ    KA1        20.216    .65377     3956038. ๑   1609.    116.2  บ   
     บ             1001.863    249.08         977.           9.47E-01  บ   
     บ    KA2        20.074    .34623     2095103. ๑    852.    108.1  บ   
     บ              994.835    248.41        1004.           9.50E-01  บ   
     บ                                                                 บ   
     บ  2 Rh-Kb                           1169477. ๑   1082.           บ   
     บ    KB1        22.724    .56918      665640. ๑    616.     37.0  บ   
     บ             1126.005    260.60         569.           8.81E-01  บ   
     บ    KB3        22.699    .29259      342172. ๑    318.     36.5  บ   
     บ             1124.767    260.49         574.           8.82E-01  บ   
     บ    KB2        23.173    .13824      161665. ๑    151.     30.8  บ   
     บ             1148.229    262.61         560.           8.67E-01  บ   
     บ                                                                 บ   
     บ  3 Pile_up                               0. ๑      0.           บ   
     บ                                                                 บ   
     ศอออออออออออออออออออออออออออออออออออออออออออออออออออออออออออออออออผ   
                                                                           
     ษอออออออออออออออออออออออออออออออออออออออออออออออออออออออออออออออออป   
     บ                         FILTER BACKGROUND                       บ   
     ศอออออออออออออออออออออออออออออออออออออออออออออออออออออออออออออออออผ   
                                                                           
