     ษอออออออออออออออออออออออออออออออออออออออออออออออออออออออออออออออออป   
     บ  AXIL IBM-PC V3.00                       10-08-2014   14:28:49  บ   
     บ  Spectrum: QTD10040.SPE                                     0.s บ   
     ศอออออออออออออออออออออออออออออออออออออออออออออออออออออออออออออออออผ   
     ษอออออออออออออออออออออออออออออออออออออออออออออออออออออออออออออออออป   
     บ  Fitting Region: channels 130 -1800        4 iterations done    บ   
     บ  ChiSquare =   128.6   last change =   .02%    lambda= 1.E-06   บ   
     ฬอออออออออออออออออออออออออออออออออออออออออออออออออออออออออออออออออน   
     บ                        CALIBRATION  DATA                        บ   
     ฬออออออออออออออออหออออออออออออออออออออออออหอออออออออออออออออออออออน   
     บ                บ   Initial estimate     บ    Final estimate     บ   
     ฬออออออออออออออออฮออออออออออออออออออออออออฮอออออออออออออออออออออออน   
     บ  ZERO (eV)     บ      -57.7 ๑   100.0   บ     -57.7 ๑      .6   บ   
     บ  GAIN (eV/ch)  บ     20.245 ๑   2.000   บ    20.245 ๑    .001   บ   
     บ det NOISE (eV) บ     -113.2 ๑    40.0   บ    -113.2 ๑    -3.7   บ   
     บ  FANO factor   บ       .180 ๑    .050   บ      .180 ๑    .002   บ   
     ศออออออออออออออออสออออออออออออออออออออออออสอออออออออออออออออออออออผ   
     ษอออออออออออออออออออออออออออออออออออออออออออออออออออออออออออออออออป   
     บ                           PEAK  DATA                            บ   
     ฬอออออออออออออออออออออออออออออออออออออออออออออออออออออออออออออออออน   
     บ  # Line       E(KeV)  rel. int.   peak area   st. dev    chi-sq บ   
     บ               chan#   fwhm (eV)      backgr            tot. abs บ   
     ฬอออออออออออออออออออออออออออออออออออออออออออออออออออออออออออออออออน   
     บ                                                                 บ   
     บ  1 Zr-Ka                           4957897. ๑   2227.           บ   
     บ    KA1        15.775    .65677     3256208. ๑   1463.    103.0  บ   
     บ              782.062    218.70         722.           9.88E-01  บ   
     บ    KA2        15.691    .34323     1701689. ๑    765.     96.1  บ   
     บ              777.913    217.96         741.           9.88E-01  บ   
     บ                                                                 บ   
     บ  2 Zr-Kb                           1139340. ๑   1068.           บ   
     บ    KB1        17.663    .87511      997042. ๑    935.    105.0  บ   
     บ              875.321    234.71         424.           9.81E-01  บ   
     บ    KB2        17.970    .12489      142297. ๑    135.     10.7  บ   
     บ              890.485    237.21         386.           9.79E-01  บ   
     บ                                                                 บ   
     บ  3 Pile_up                           48141. ๑    222.           บ   
     บ    L1O3       31.492    .66115       31846. ๑    148.      7.5  บ   
     บ             1558.426    329.02         268.           5.82E-01  บ   
     บ    L1M5       33.409    .26597       12811. ๑     61.      4.0  บ   
     บ             1653.108    340.03         249.           5.27E-01  บ   
     บ    L1M4       33.716    .03796        1828. ๑     17.      1.4  บ   
     บ             1668.273    341.76         235.           5.19E-01  บ   
     บ    L1N5       35.326    .02675        1288. ๑     12.      9.1  บ   
     บ             1747.791    350.70         117.           4.78E-01  บ   
     บ    L1N4       35.633    .00764         368. ๑      9.      3.5  บ   
     บ             1762.955    352.38          85.           4.71E-01  บ   
     บ                                                                 บ   
     ศอออออออออออออออออออออออออออออออออออออออออออออออออออออออออออออออออผ   
                                                                           
     ษอออออออออออออออออออออออออออออออออออออออออออออออออออออออออออออออออป   
     บ                         FILTER BACKGROUND                       บ   
     ศอออออออออออออออออออออออออออออออออออออออออออออออออออออออออออออออออผ   
                                                                           
