     ษอออออออออออออออออออออออออออออออออออออออออออออออออออออออออออออออออป   
     บ  AXIL IBM-PC V3.00                       10-08-2014   14:28:57  บ   
     บ  Spectrum: QTD10051.SPE                                     0.s บ   
     ศอออออออออออออออออออออออออออออออออออออออออออออออออออออออออออออออออผ   
     ษอออออออออออออออออออออออออออออออออออออออออออออออออออออออออออออออออป   
     บ  Fitting Region: channels 130 -1800        2 iterations done    บ   
     บ  ChiSquare =   367.4   last change =   .06%    lambda= 1.E-04   บ   
     ฬอออออออออออออออออออออออออออออออออออออออออออออออออออออออออออออออออน   
     บ                        CALIBRATION  DATA                        บ   
     ฬออออออออออออออออหออออออออออออออออออออออออหอออออออออออออออออออออออน   
     บ                บ   Initial estimate     บ    Final estimate     บ   
     ฬออออออออออออออออฮออออออออออออออออออออออออฮอออออออออออออออออออออออน   
     บ  ZERO (eV)     บ      -14.4 ๑   100.0   บ     -14.4 ๑      .9   บ   
     บ  GAIN (eV/ch)  บ     20.197 ๑   2.000   บ    20.197 ๑    .001   บ   
     บ det NOISE (eV) บ      122.8 ๑    40.0   บ     122.8 ๑     5.6   บ   
     บ  FANO factor   บ       .118 ๑    .050   บ      .118 ๑    .002   บ   
     ศออออออออออออออออสออออออออออออออออออออออออสอออออออออออออออออออออออผ   
     ษอออออออออออออออออออออออออออออออออออออออออออออออออออออออออออออออออป   
     บ                           PEAK  DATA                            บ   
     ฬอออออออออออออออออออออออออออออออออออออออออออออออออออออออออออออออออน   
     บ  # Line       E(KeV)  rel. int.   peak area   st. dev    chi-sq บ   
     บ               chan#   fwhm (eV)      backgr            tot. abs บ   
     ฬอออออออออออออออออออออออออออออออออออออออออออออออออออออออออออออออออน   
     บ                                                                 บ   
     บ  1 Sb-Ka                           5146726. ๑   2268.           บ   
     บ    KA1        26.359    .64820     3336123. ๑   1471.    132.6  บ   
     บ             1305.840    285.19        1633.           7.56E-01  บ   
     บ    KA2        26.111    .35180     1810602. ๑    799.     72.0  บ   
     บ             1293.561    284.10        1686.           7.65E-01  บ   
     บ                                                                 บ   
     บ  2 Sb-Kb                            911485. ๑    956.           บ   
     บ    KB1        29.726    .55613      506901. ๑    532.     39.5  บ   
     บ             1472.552    299.66        1025.           6.38E-01  บ   
     บ    KB3        29.679    .28683      261444. ๑    276.     40.4  บ   
     บ             1470.225    299.46        1033.           6.39E-01  บ   
     บ    KB2        30.390    .15704      143139. ๑    153.     45.7  บ   
     บ             1505.429    302.43         895.           6.16E-01  บ   
     บ                                                                 บ   
     บ  3 Pile_up                               0. ๑      0.           บ   
     บ                                                                 บ   
     ศอออออออออออออออออออออออออออออออออออออออออออออออออออออออออออออออออผ   
                                                                           
     ษอออออออออออออออออออออออออออออออออออออออออออออออออออออออออออออออออป   
     บ                         FILTER BACKGROUND                       บ   
     ศอออออออออออออออออออออออออออออออออออออออออออออออออออออออออออออออออผ   
                                                                           
