     ษอออออออออออออออออออออออออออออออออออออออออออออออออออออออออออออออออป   
     บ  AXIL IBM-PC V3.00                       10-08-2014   14:28:45  บ   
     บ  Spectrum: QTD10026.SPE                                     0.s บ   
     ศอออออออออออออออออออออออออออออออออออออออออออออออออออออออออออออออออผ   
     ษอออออออออออออออออออออออออออออออออออออออออออออออออออออออออออออออออป   
     บ  Fitting Region: channels 130 -1800        2 iterations done    บ   
     บ  ChiSquare =     6.0   last change =   .00%    lambda= 1.E-04   บ   
     ฬอออออออออออออออออออออออออออออออออออออออออออออออออออออออออออออออออน   
     บ                        CALIBRATION  DATA                        บ   
     ฬออออออออออออออออหออออออออออออออออออออออออหอออออออออออออออออออออออน   
     บ                บ   Initial estimate     บ    Final estimate     บ   
     ฬออออออออออออออออฮออออออออออออออออออออออออฮอออออออออออออออออออออออน   
     บ  ZERO (eV)     บ      -53.1 ๑   100.0   บ     -53.1 ๑    97.7   บ   
     บ  GAIN (eV/ch)  บ     20.869 ๑   2.000   บ    20.869 ๑    .715   บ   
     บ det NOISE (eV) บ      222.8 ๑    40.0   บ     222.8 ๑    63.5   บ   
     บ  FANO factor   บ       .047 ๑    .050   บ      .047 ๑    .050   บ   
     ศออออออออออออออออสออออออออออออออออออออออออสอออออออออออออออออออออออผ   
     ษอออออออออออออออออออออออออออออออออออออออออออออออออออออออออออออออออป   
     บ                           PEAK  DATA                            บ   
     ฬอออออออออออออออออออออออออออออออออออออออออออออออออออออออออออออออออน   
     บ  # Line       E(KeV)  rel. int.   peak area   st. dev    chi-sq บ   
     บ               chan#   fwhm (eV)      backgr            tot. abs บ   
     ฬอออออออออออออออออออออออออออออออออออออออออออออออออออออออออออออออออน   
     บ                                                                 บ   
     บ  1 Fe-Ka                                 3. ๑      5.           บ   
     บ    KA1         6.399   1.00000           3. ๑      6.       .8  บ   
     บ              309.164    236.76          16.           9.17E-01  บ   
     บ                                                                 บ   
     บ  2 Fe-Kb                                -1. ๑      4.           บ   
     บ    KB1         7.059   1.00000          -1. ๑      6.      1.0  บ   
     บ              340.789    238.15          16.           9.38E-01  บ   
     บ                                                                 บ   
     บ  3 Pile_up                               0. ๑      0.           บ   
     บ                                                                 บ   
     ศอออออออออออออออออออออออออออออออออออออออออออออออออออออออออออออออออผ   
                                                                           
     ษอออออออออออออออออออออออออออออออออออออออออออออออออออออออออออออออออป   
     บ                         FILTER BACKGROUND                       บ   
     ศอออออออออออออออออออออออออออออออออออออออออออออออออออออออออออออออออผ   
                                                                           
