     ษอออออออออออออออออออออออออออออออออออออออออออออออออออออออออออออออออป   
     บ  AXIL IBM-PC V3.00                       10-08-2014   14:28:58  บ   
     บ  Spectrum: QTD10074.SPE                                     0.s บ   
     ศอออออออออออออออออออออออออออออออออออออออออออออออออออออออออออออออออผ   
     ษอออออออออออออออออออออออออออออออออออออออออออออออออออออออออออออออออป   
     บ  Fitting Region: channels 130 -1800        5 iterations done    บ   
     บ  ChiSquare =    10.8   last change =   .07%    lambda= 1.E-07   บ   
     ฬอออออออออออออออออออออออออออออออออออออออออออออออออออออออออออออออออน   
     บ                        CALIBRATION  DATA                        บ   
     ฬออออออออออออออออหออออออออออออออออออออออออหอออออออออออออออออออออออน   
     บ                บ   Initial estimate     บ    Final estimate     บ   
     ฬออออออออออออออออฮออออออออออออออออออออออออฮอออออออออออออออออออออออน   
     บ  ZERO (eV)     บ     -127.2 ๑   100.0   บ    -127.2 ๑     8.2   บ   
     บ  GAIN (eV/ch)  บ     20.360 ๑   2.000   บ    20.360 ๑    .017   บ   
     บ det NOISE (eV) บ      132.1 ๑    40.0   บ     132.1 ๑    24.4   บ   
     บ  FANO factor   บ       .119 ๑    .050   บ      .119 ๑    .022   บ   
     ศออออออออออออออออสออออออออออออออออออออออออสอออออออออออออออออออออออผ   
     ษอออออออออออออออออออออออออออออออออออออออออออออออออออออออออออออออออป   
     บ                           PEAK  DATA                            บ   
     ฬอออออออออออออออออออออออออออออออออออออออออออออออออออออออออออออออออน   
     บ  # Line       E(KeV)  rel. int.   peak area   st. dev    chi-sq บ   
     บ               chan#   fwhm (eV)      backgr            tot. abs บ   
     ฬอออออออออออออออออออออออออออออออออออออออออออออออออออออออออออออออออน   
     บ                                                                 บ   
     บ  1 W -L1                             19554. ๑    214.           บ   
     บ    L1M3        9.819    .41627        8140. ๑     90.    112.5  บ   
     บ              488.523    206.09         127.           9.76E-01  บ   
     บ    L1M2        9.525    .32896        6433. ๑     71.     28.5  บ   
     บ              474.083    204.27         126.           9.74E-01  บ   
     บ    L1N3       11.674    .11300        2210. ๑     27.     26.5  บ   
     บ              579.634    217.26         148.           9.85E-01  บ   
     บ    L1N2       11.608    .08415        1646. ๑     22.     31.0  บ   
     บ              576.393    216.87         148.           9.85E-01  บ   
     บ    L1O3       12.059    .03006         588. ๑     14.     12.3  บ   
     บ              598.544    219.50         149.           9.83E-01  บ   
     บ    L1M5       10.291    .01442         282. ๑     12.     18.9  บ   
     บ              511.706    208.99         129.           9.79E-01  บ   
     บ    L1M4       10.228    .00961         188. ๑     12.     52.8  บ   
     บ              508.612    208.61         129.           9.78E-01  บ   
     บ    L1N5       11.851    .00353          69. ๑     12.     13.9  บ   
     บ              588.328    218.29         148.           9.86E-01  บ   
     บ                                                                 บ   
     บ  2 W -L2                             19824. ๑    215.           บ   
     บ    L2M4        9.672    .80449       15949. ๑    173.     51.9  บ   
     บ              481.303    205.18         127.           9.75E-01  บ   
     บ    L2N4       11.286    .16044        3181. ๑     36.    179.1  บ   
     บ              560.577    214.97         132.           9.84E-01  บ   
     บ    L2M1        8.724    .02168         430. ๑     12.     52.3  บ   
     บ              434.740    199.21         121.           9.66E-01  บ   
     บ    L2N1       10.949    .00553         110. ๑     12.     14.5  บ   
     บ              544.025    212.96         131.           9.82E-01  บ   
     บ    L2O4       11.539    .00615         122. ๑     12.     53.6  บ   
     บ              573.004    216.46         148.           9.85E-01  บ   
     บ    L2O1       11.468    .00101          20. ๑     12.    117.3  บ   
     บ              569.516    216.05         147.           9.84E-01  บ   
     บ    L2M3        9.261    .00070          14. ๑     11.     10.3  บ   
     บ              461.116    202.62         124.           9.71E-01  บ   
     บ                                                                 บ   
     บ  3 W -L3                              2263. ๑     57.           บ   
     บ    L3M5        8.398    .71392        1616. ๑     42.     30.7  บ   
     บ              418.728    197.12         119.           9.62E-01  บ   
     บ    L3M4        8.335    .08099         183. ๑     12.     23.7  บ   
     บ              415.634    196.71         119.           9.61E-01  บ   
     บ    L3N5        9.960    .15201         344. ๑     14.    178.4  บ   
     บ              495.448    206.96         128.           9.77E-01  บ   
     บ    L3M1        7.388    .03668          83. ๑     10.     17.3  บ   
     บ              369.120    190.48          99.           9.45E-01  บ   
     บ    L3N1        9.612    .00920          21. ๑     11.     47.1  บ   
     บ              478.356    204.81         126.           9.74E-01  บ   
     บ    L3O1       10.129    .00162           4. ๑     11.    151.2  บ   
     บ              503.749    208.00         129.           9.78E-01  บ   
     บ    L3O5       10.200    .00558          13. ๑     11.     72.5  บ   
     บ              507.236    208.44         129.           9.78E-01  บ   
     บ                                                                 บ   
     บ  4 Pile_up                               0. ๑      0.           บ   
     บ                                                                 บ   
     ศอออออออออออออออออออออออออออออออออออออออออออออออออออออออออออออออออผ   
                                                                           
     ษอออออออออออออออออออออออออออออออออออออออออออออออออออออออออออออออออป   
     บ                         FILTER BACKGROUND                       บ   
     ศอออออออออออออออออออออออออออออออออออออออออออออออออออออออออออออออออผ   
                                                                           
