     ษอออออออออออออออออออออออออออออออออออออออออออออออออออออออออออออออออป   
     บ  AXIL IBM-PC V3.00                       10-08-2014   14:28:47  บ   
     บ  Spectrum: QTD10029.SPE                                     0.s บ   
     ศอออออออออออออออออออออออออออออออออออออออออออออออออออออออออออออออออผ   
     ษอออออออออออออออออออออออออออออออออออออออออออออออออออออออออออออออออป   
     บ  Fitting Region: channels 130 -1800        3 iterations done    บ   
     บ  ChiSquare =     5.4   last change =   .04%    lambda= 1.E-05   บ   
     ฬอออออออออออออออออออออออออออออออออออออออออออออออออออออออออออออออออน   
     บ                        CALIBRATION  DATA                        บ   
     ฬออออออออออออออออหออออออออออออออออออออออออหอออออออออออออออออออออออน   
     บ                บ   Initial estimate     บ    Final estimate     บ   
     ฬออออออออออออออออฮออออออออออออออออออออออออฮอออออออออออออออออออออออน   
     บ  ZERO (eV)     บ      -40.7 ๑   100.0   บ     -40.7 ๑    12.6   บ   
     บ  GAIN (eV/ch)  บ     20.249 ๑   2.000   บ    20.249 ๑    .030   บ   
     บ det NOISE (eV) บ       93.6 ๑    40.0   บ      93.6 ๑    37.9   บ   
     บ  FANO factor   บ       .106 ๑    .050   บ      .106 ๑    .028   บ   
     ศออออออออออออออออสออออออออออออออออออออออออสอออออออออออออออออออออออผ   
     ษอออออออออออออออออออออออออออออออออออออออออออออออออออออออออออออออออป   
     บ                           PEAK  DATA                            บ   
     ฬอออออออออออออออออออออออออออออออออออออออออออออออออออออออออออออออออน   
     บ  # Line       E(KeV)  rel. int.   peak area   st. dev    chi-sq บ   
     บ               chan#   fwhm (eV)      backgr            tot. abs บ   
     ฬอออออออออออออออออออออออออออออออออออออออออออออออออออออออออออออออออน   
     บ                                                                 บ   
     บ  1 Cu-Ka                              5913. ๑     77.           บ   
     บ    KA1         8.048    .66084        3907. ๑     51.       .7  บ   
     บ              399.469    164.13          22.           9.57E-01  บ   
     บ    KA2         8.028    .33916        2005. ๑     27.       .5  บ   
     บ              398.481    163.99          22.           9.57E-01  บ   
     บ                                                                 บ   
     บ  2 Cu-Kb                              5727. ๑     76.           บ   
     บ    KB1         8.905   1.00000        5727. ๑     76.      1.0  บ   
     บ              441.792    169.92          25.           9.68E-01  บ   
     บ                                                                 บ   
     บ  3 Pile_up                               0. ๑      0.           บ   
     บ                                                                 บ   
     ศอออออออออออออออออออออออออออออออออออออออออออออออออออออออออออออออออผ   
                                                                           
     ษอออออออออออออออออออออออออออออออออออออออออออออออออออออออออออออออออป   
     บ                         FILTER BACKGROUND                       บ   
     ศอออออออออออออออออออออออออออออออออออออออออออออออออออออออออออออออออผ   
                                                                           
