     ษอออออออออออออออออออออออออออออออออออออออออออออออออออออออออออออออออป   
     บ  AXIL IBM-PC V3.00                       10-08-2014   14:28:52  บ   
     บ  Spectrum: QTD10046.SPE                                     0.s บ   
     ศอออออออออออออออออออออออออออออออออออออออออออออออออออออออออออออออออผ   
     ษอออออออออออออออออออออออออออออออออออออออออออออออออออออออออออออออออป   
     บ  Fitting Region: channels 130 -1800        2 iterations done    บ   
     บ  ChiSquare =   312.8   last change =   .06%    lambda= 1.E-04   บ   
     ฬอออออออออออออออออออออออออออออออออออออออออออออออออออออออออออออออออน   
     บ                        CALIBRATION  DATA                        บ   
     ฬออออออออออออออออหออออออออออออออออออออออออหอออออออออออออออออออออออน   
     บ                บ   Initial estimate     บ    Final estimate     บ   
     ฬออออออออออออออออฮออออออออออออออออออออออออฮอออออออออออออออออออออออน   
     บ  ZERO (eV)     บ      -24.5 ๑   100.0   บ     -24.5 ๑      .7   บ   
     บ  GAIN (eV/ch)  บ     20.202 ๑   2.000   บ    20.202 ๑    .001   บ   
     บ det NOISE (eV) บ      126.8 ๑    40.0   บ     126.8 ๑     3.9   บ   
     บ  FANO factor   บ       .108 ๑    .050   บ      .108 ๑    .002   บ   
     ศออออออออออออออออสออออออออออออออออออออออออสอออออออออออออออออออออออผ   
     ษอออออออออออออออออออออออออออออออออออออออออออออออออออออออออออออออออป   
     บ                           PEAK  DATA                            บ   
     ฬอออออออออออออออออออออออออออออออออออออออออออออออออออออออออออออออออน   
     บ  # Line       E(KeV)  rel. int.   peak area   st. dev    chi-sq บ   
     บ               chan#   fwhm (eV)      backgr            tot. abs บ   
     ฬอออออออออออออออออออออออออออออออออออออออออออออออออออออออออออออออออน   
     บ                                                                 บ   
     บ  1 Pd-Ka                           6067434. ๑   2462.           บ   
     บ    KA1        21.177    .65302     3962184. ๑   1608.    107.6  บ   
     บ             1049.460    254.72         818.           9.25E-01  บ   
     บ    KA2        21.020    .34698     2105251. ๑    855.     97.8  บ   
     บ             1041.688    254.01         844.           9.29E-01  บ   
     บ                                                                 บ   
     บ  2 Pd-Kb                           1144718. ๑   1070.           บ   
     บ    KB1        23.819    .56746      649580. ๑    608.     36.2  บ   
     บ             1180.237    266.40         526.           8.46E-01  บ   
     บ    KB3        23.791    .29171      333924. ๑    313.     37.8  บ   
     บ             1178.851    266.28         530.           8.47E-01  บ   
     บ    KB2        24.299    .14083      161214. ๑    152.     28.4  บ   
     บ             1203.997    268.47         477.           8.29E-01  บ   
     บ                                                                 บ   
     บ  3 Pile_up                               0. ๑      0.           บ   
     บ                                                                 บ   
     ศอออออออออออออออออออออออออออออออออออออออออออออออออออออออออออออออออผ   
                                                                           
     ษอออออออออออออออออออออออออออออออออออออออออออออออออออออออออออออออออป   
     บ                         FILTER BACKGROUND                       บ   
     ศอออออออออออออออออออออออออออออออออออออออออออออออออออออออออออออออออผ   
                                                                           
