     ษอออออออออออออออออออออออออออออออออออออออออออออออออออออออออออออออออป   
     บ  AXIL IBM-PC V3.00                       10-08-2014   14:28:47  บ   
     บ  Spectrum: QTD10028.SPE                                     0.s บ   
     ศอออออออออออออออออออออออออออออออออออออออออออออออออออออออออออออออออผ   
     ษอออออออออออออออออออออออออออออออออออออออออออออออออออออออออออออออออป   
     บ  Fitting Region: channels 130 -1800        6 iterations done    บ   
     บ  ChiSquare =     5.2   last change =   .06%    lambda= 1.E-04   บ   
     ฬอออออออออออออออออออออออออออออออออออออออออออออออออออออออออออออออออน   
     บ                        CALIBRATION  DATA                        บ   
     ฬออออออออออออออออหออออออออออออออออออออออออหอออออออออออออออออออออออน   
     บ                บ   Initial estimate     บ    Final estimate     บ   
     ฬออออออออออออออออฮออออออออออออออออออออออออฮอออออออออออออออออออออออน   
     บ  ZERO (eV)     บ      -94.5 ๑   100.0   บ     -94.5 ๑    22.1   บ   
     บ  GAIN (eV/ch)  บ     20.388 ๑   2.000   บ    20.388 ๑    .057   บ   
     บ det NOISE (eV) บ      124.7 ๑    40.0   บ     124.7 ๑    40.6   บ   
     บ  FANO factor   บ       .052 ๑    .050   บ      .052 ๑    .042   บ   
     ศออออออออออออออออสออออออออออออออออออออออออสอออออออออออออออออออออออผ   
     ษอออออออออออออออออออออออออออออออออออออออออออออออออออออออออออออออออป   
     บ                           PEAK  DATA                            บ   
     ฬอออออออออออออออออออออออออออออออออออออออออออออออออออออออออออออออออน   
     บ  # Line       E(KeV)  rel. int.   peak area   st. dev    chi-sq บ   
     บ               chan#   fwhm (eV)      backgr            tot. abs บ   
     ฬอออออออออออออออออออออออออออออออออออออออออออออออออออออออออออออออออน   
     บ                                                                 บ   
     บ  1 Ni-Ka                               852. ๑     30.           บ   
     บ    KA1         7.478    .66126         563. ๑     20.      1.1  บ   
     บ              371.420    154.57          15.           9.47E-01  บ   
     บ    KA2         7.461    .33874         289. ๑     11.      1.3  บ   
     บ              370.586    154.51          15.           9.47E-01  บ   
     บ                                                                 บ   
     บ  2 Ni-Kb                              1316. ๑     37.           บ   
     บ    KB1         8.265   1.00000        1316. ๑     37.      2.1  บ   
     บ              410.021    157.39          14.           9.60E-01  บ   
     บ                                                                 บ   
     บ  3 Pile_up                               0. ๑      0.           บ   
     บ                                                                 บ   
     ศอออออออออออออออออออออออออออออออออออออออออออออออออออออออออออออออออผ   
                                                                           
     ษอออออออออออออออออออออออออออออออออออออออออออออออออออออออออออออออออป   
     บ                         FILTER BACKGROUND                       บ   
     ศอออออออออออออออออออออออออออออออออออออออออออออออออออออออออออออออออผ   
                                                                           
