     ษอออออออออออออออออออออออออออออออออออออออออออออออออออออออออออออออออป   
     บ  AXIL IBM-PC V3.00                       10-08-2014   14:28:43  บ   
     บ  Spectrum: QTD10023.SPE                                     0.s บ   
     ศอออออออออออออออออออออออออออออออออออออออออออออออออออออออออออออออออผ   
     ษอออออออออออออออออออออออออออออออออออออออออออออออออออออออออออออออออป   
     บ  Fitting Region: channels 130 -1800        2 iterations done    บ   
     บ  ChiSquare =     9.5   last change =   .00%    lambda= 1.E-04   บ   
     ฬอออออออออออออออออออออออออออออออออออออออออออออออออออออออออออออออออน   
     บ                        CALIBRATION  DATA                        บ   
     ฬออออออออออออออออหออออออออออออออออออออออออหอออออออออออออออออออออออน   
     บ                บ   Initial estimate     บ    Final estimate     บ   
     ฬออออออออออออออออฮออออออออออออออออออออออออฮอออออออออออออออออออออออน   
     บ  ZERO (eV)     บ      -42.4 ๑   100.0   บ     -42.4 ๑    97.7   บ   
     บ  GAIN (eV/ch)  บ     20.187 ๑   2.000   บ    20.187 ๑    .416   บ   
     บ det NOISE (eV) บ      206.1 ๑    40.0   บ     206.1 ๑    55.1   บ   
     บ  FANO factor   บ       .040 ๑    .050   บ      .040 ๑    .050   บ   
     ศออออออออออออออออสออออออออออออออออออออออออสอออออออออออออออออออออออผ   
     ษอออออออออออออออออออออออออออออออออออออออออออออออออออออออออออออออออป   
     บ                           PEAK  DATA                            บ   
     ฬอออออออออออออออออออออออออออออออออออออออออออออออออออออออออออออออออน   
     บ  # Line       E(KeV)  rel. int.   peak area   st. dev    chi-sq บ   
     บ               chan#   fwhm (eV)      backgr            tot. abs บ   
     ฬอออออออออออออออออออออออออออออออออออออออออออออออออออออออออออออออออน   
     บ                                                                 บ   
     บ  1 V -Ka                                 8. ๑      5.           บ   
     บ    KA1         4.950   1.00000           8. ๑      7.       .9  บ   
     บ              247.303    216.08          18.           8.31E-01  บ   
     บ                                                                 บ   
     บ  2 V -Kb                                11. ๑      6.           บ   
     บ    KB1         5.427   1.00000          11. ๑      7.      1.0  บ   
     บ              270.932    217.01          18.           8.69E-01  บ   
     บ                                                                 บ   
     บ  3 Pile_up                               0. ๑      0.           บ   
     บ                                                                 บ   
     ศอออออออออออออออออออออออออออออออออออออออออออออออออออออออออออออออออผ   
                                                                           
     ษอออออออออออออออออออออออออออออออออออออออออออออออออออออออออออออออออป   
     บ                         FILTER BACKGROUND                       บ   
     ศอออออออออออออออออออออออออออออออออออออออออออออออออออออออออออออออออผ   
                                                                           
