     ษอออออออออออออออออออออออออออออออออออออออออออออออออออออออออออออออออป   
     บ  AXIL IBM-PC V3.00                       10-08-2014   14:28:42  บ   
     บ  Spectrum: QTD10022.SPE                                     0.s บ   
     ศอออออออออออออออออออออออออออออออออออออออออออออออออออออออออออออออออผ   
     ษอออออออออออออออออออออออออออออออออออออออออออออออออออออออออออออออออป   
     บ  Fitting Region: channels 130 -1800        2 iterations done    บ   
     บ  ChiSquare =    10.3   last change =   .00%    lambda= 1.E-04   บ   
     ฬอออออออออออออออออออออออออออออออออออออออออออออออออออออออออออออออออน   
     บ                        CALIBRATION  DATA                        บ   
     ฬออออออออออออออออหออออออออออออออออออออออออหอออออออออออออออออออออออน   
     บ                บ   Initial estimate     บ    Final estimate     บ   
     ฬออออออออออออออออฮออออออออออออออออออออออออฮอออออออออออออออออออออออน   
     บ  ZERO (eV)     บ      -52.5 ๑   100.0   บ     -52.5 ๑    99.0   บ   
     บ  GAIN (eV/ch)  บ     20.150 ๑   2.000   บ    20.150 ๑   1.627   บ   
     บ det NOISE (eV) บ      193.8 ๑    40.0   บ     193.8 ๑    63.0   บ   
     บ  FANO factor   บ       .035 ๑    .050   บ      .035 ๑    .050   บ   
     ศออออออออออออออออสออออออออออออออออออออออออสอออออออออออออออออออออออผ   
     ษอออออออออออออออออออออออออออออออออออออออออออออออออออออออออออออออออป   
     บ                           PEAK  DATA                            บ   
     ฬอออออออออออออออออออออออออออออออออออออออออออออออออออออออออออออออออน   
     บ  # Line       E(KeV)  rel. int.   peak area   st. dev    chi-sq บ   
     บ               chan#   fwhm (eV)      backgr            tot. abs บ   
     ฬอออออออออออออออออออออออออออออออออออออออออออออออออออออออออออออออออน   
     บ                                                                 บ   
     บ  1 Ti-Ka                                 1. ๑      5.           บ   
     บ    KA1         4.509   1.00000           1. ๑      8.      1.3  บ   
     บ              226.375    202.43          35.           7.84E-01  บ   
     บ                                                                 บ   
     บ  2 Ti-Kb                                 0. ๑      5.           บ   
     บ    KB1         4.932   1.00000           0. ๑      8.       .8  บ   
     บ              247.367    203.22          31.           8.30E-01  บ   
     บ                                                                 บ   
     บ  3 Pile_up                               0. ๑      0.           บ   
     บ                                                                 บ   
     ศอออออออออออออออออออออออออออออออออออออออออออออออออออออออออออออออออผ   
                                                                           
     ษอออออออออออออออออออออออออออออออออออออออออออออออออออออออออออออออออป   
     บ                         FILTER BACKGROUND                       บ   
     ศอออออออออออออออออออออออออออออออออออออออออออออออออออออออออออออออออผ   
                                                                           
