     ษอออออออออออออออออออออออออออออออออออออออออออออออออออออออออออออออออป   
     บ  AXIL IBM-PC V3.00                       10-08-2014   14:28:54  บ   
     บ  Spectrum: QTD10047.SPE                                     0.s บ   
     ศอออออออออออออออออออออออออออออออออออออออออออออออออออออออออออออออออผ   
     ษอออออออออออออออออออออออออออออออออออออออออออออออออออออออออออออออออป   
     บ  Fitting Region: channels 130 -1800        2 iterations done    บ   
     บ  ChiSquare =   311.5   last change =   .08%    lambda= 1.E-04   บ   
     ฬอออออออออออออออออออออออออออออออออออออออออออออออออออออออออออออออออน   
     บ                        CALIBRATION  DATA                        บ   
     ฬออออออออออออออออหออออออออออออออออออออออออหอออออออออออออออออออออออน   
     บ                บ   Initial estimate     บ    Final estimate     บ   
     ฬออออออออออออออออฮออออออออออออออออออออออออฮอออออออออออออออออออออออน   
     บ  ZERO (eV)     บ      -25.3 ๑   100.0   บ     -25.3 ๑      .8   บ   
     บ  GAIN (eV/ch)  บ     20.203 ๑   2.000   บ    20.203 ๑    .001   บ   
     บ det NOISE (eV) บ      132.0 ๑    40.0   บ     132.0 ๑     4.0   บ   
     บ  FANO factor   บ       .107 ๑    .050   บ      .107 ๑    .002   บ   
     ศออออออออออออออออสออออออออออออออออออออออออสอออออออออออออออออออออออผ   
     ษอออออออออออออออออออออออออออออออออออออออออออออออออออออออออออออออออป   
     บ                           PEAK  DATA                            บ   
     ฬอออออออออออออออออออออออออออออออออออออออออออออออออออออออออออออออออน   
     บ  # Line       E(KeV)  rel. int.   peak area   st. dev    chi-sq บ   
     บ               chan#   fwhm (eV)      backgr            tot. abs บ   
     ฬอออออออออออออออออออออออออออออออออออออออออออออออออออออออออออออออออน   
     บ                                                                 บ   
     บ  1 Ag-Ka                           5993438. ๑   2448.           บ   
     บ    KA1        22.163    .65212     3908452. ๑   1597.    101.4  บ   
     บ             1098.263    261.06        1377.           8.98E-01  บ   
     บ    KA2        21.990    .34788     2084986. ๑    852.     82.3  บ   
     บ             1089.700    260.30        1419.           9.03E-01  บ   
     บ                                                                 บ   
     บ  2 Ag-Kb                           1104714. ๑   1052.           บ   
     บ    KB1        24.942    .56579      625039. ๑    596.     36.5  บ   
     บ             1235.816    272.97         881.           8.07E-01  บ   
     บ    KB3        24.912    .29143      321947. ๑    308.     36.7  บ   
     บ             1234.331    272.84         885.           8.08E-01  บ   
     บ    KB2        25.456    .14278      157729. ๑    153.     37.1  บ   
     บ             1261.258    275.11         780.           7.88E-01  บ   
     บ                                                                 บ   
     บ  3 Pile_up                               0. ๑      0.           บ   
     บ                                                                 บ   
     ศอออออออออออออออออออออออออออออออออออออออออออออออออออออออออออออออออผ   
                                                                           
     ษอออออออออออออออออออออออออออออออออออออออออออออออออออออออออออออออออป   
     บ                         FILTER BACKGROUND                       บ   
     ศอออออออออออออออออออออออออออออออออออออออออออออออออออออออออออออออออผ   
                                                                           
