     ษอออออออออออออออออออออออออออออออออออออออออออออออออออออออออออออออออป   
     บ  AXIL IBM-PC V3.00                       10-08-2014   14:29:02  บ   
     บ  Spectrum: QTD10082.SPE                                     0.s บ   
     ศอออออออออออออออออออออออออออออออออออออออออออออออออออออออออออออออออผ   
     ษอออออออออออออออออออออออออออออออออออออออออออออออออออออออออออออออออป   
     บ  Fitting Region: channels 130 -1800        4 iterations done    บ   
     บ  ChiSquare =    33.7   last change =   .00%    lambda= 1.E-06   บ   
     ฬอออออออออออออออออออออออออออออออออออออออออออออออออออออออออออออออออน   
     บ                        CALIBRATION  DATA                        บ   
     ฬออออออออออออออออหออออออออออออออออออออออออหอออออออออออออออออออออออน   
     บ                บ   Initial estimate     บ    Final estimate     บ   
     ฬออออออออออออออออฮออออออออออออออออออออออออฮอออออออออออออออออออออออน   
     บ  ZERO (eV)     บ      -39.9 ๑   100.0   บ     -39.9 ๑     1.2   บ   
     บ  GAIN (eV/ch)  บ     20.222 ๑   2.000   บ    20.222 ๑    .002   บ   
     บ det NOISE (eV) บ      162.0 ๑    40.0   บ     162.0 ๑     3.8   บ   
     บ  FANO factor   บ       .061 ๑    .050   บ      .061 ๑    .003   บ   
     ศออออออออออออออออสออออออออออออออออออออออออสอออออออออออออออออออออออผ   
     ษอออออออออออออออออออออออออออออออออออออออออออออออออออออออออออออออออป   
     บ                           PEAK  DATA                            บ   
     ฬอออออออออออออออออออออออออออออออออออออออออออออออออออออออออออออออออน   
     บ  # Line       E(KeV)  rel. int.   peak area   st. dev    chi-sq บ   
     บ               chan#   fwhm (eV)      backgr            tot. abs บ   
     ฬอออออออออออออออออออออออออออออออออออออออออออออออออออออออออออออออออน   
     บ                                                                 บ   
     บ  1 Pb-L1                            110245. ๑    437.           บ   
     บ    L1M3       12.793    .37802       41675. ๑    166.    111.1  บ   
     บ              634.592    207.41         285.           9.85E-01  บ   
     บ    L1M2       12.306    .34544       38083. ๑    152.     70.5  บ   
     บ              610.510    205.87         301.           9.83E-01  บ   
     บ    L1N3       15.218    .10996       12123. ๑     50.     16.6  บ   
     บ              754.509    214.95         240.           9.87E-01  บ   
     บ    L1N2       15.101    .09081       10011. ๑     43.     19.4  บ   
     บ              748.723    214.59         244.           9.87E-01  บ   
     บ    L1O3       15.765    .03930        4333. ๑     23.     19.4  บ   
     บ              781.558    216.61         227.           9.88E-01  บ   
     บ    L1M5       13.377    .01893        2087. ๑     18.     20.7  บ   
     บ              663.471    209.25         266.           9.87E-01  บ   
     บ    L1M4       13.275    .01262        1391. ๑     17.    144.1  บ   
     บ              658.427    208.93         269.           9.86E-01  บ   
     บ    L1N5       15.453    .00301         332. ๑     15.     15.4  บ   
     บ              766.130    215.66         234.           9.88E-01  บ   
     บ    L1N4       15.427    .00190         210. ๑     15.     15.9  บ   
     บ              764.844    215.58         235.           9.88E-01  บ   
     บ                                                                 บ   
     บ  2 Pb-L2                            424304. ๑    723.           บ   
     บ    L2M4       12.614    .78003      330972. ๑    565.    110.0  บ   
     บ              625.741    206.85         291.           9.85E-01  บ   
     บ    L2N4       14.764    .16802       71292. ๑    122.     80.6  บ   
     บ              732.059    213.56         227.           9.87E-01  บ   
     บ    L2M1       11.349    .02148        9113. ๑     24.    203.5  บ   
     บ              563.186    202.80         336.           9.84E-01  บ   
     บ    L2N1       14.308    .00561        2381. ๑     16.     17.9  บ   
     บ              709.509    212.15         240.           9.87E-01  บ   
     บ    L2O4       15.178    .02276        9655. ๑     23.     16.5  บ   
     บ              752.531    214.83         242.           9.87E-01  บ   
     บ    L2O1       15.053    .00120         510. ๑     16.     28.3  บ   
     บ              746.350    214.44         245.           9.87E-01  บ   
     บ    L2M3       12.127    .00090         381. ๑     18.    150.8  บ   
     บ              601.658    205.30         308.           9.83E-01  บ   
     บ                                                                 บ   
     บ  3 Pb-L3                            118651. ๑    379.           บ   
     บ    L3M5       10.552    .69240       82154. ๑    263.     85.2  บ   
     บ              523.774    200.20         369.           9.80E-01  บ   
     บ    L3M4       10.450    .07873        9342. ๑     36.     81.8  บ   
     บ              518.730    199.87         373.           9.80E-01  บ   
     บ    L3N5       12.623    .14017       16631. ๑     56.    104.4  บ   
     บ              626.186    206.88         290.           9.85E-01  บ   
     บ    L3N4       12.601    .01566        1858. ๑     18.    110.0  บ   
     บ              625.098    206.81         291.           9.84E-01  บ   
     บ    L3M1        9.185    .04029        4781. ๑     26.    492.9  บ   
     บ              456.176    195.67         431.           9.71E-01  บ   
     บ    L3N1       12.143    .01012        1201. ๑     18.    145.1  บ   
     บ              602.450    205.35         307.           9.83E-01  บ   
     บ    L3O1       12.888    .00211         250. ๑     17.    258.8  บ   
     บ              639.290    207.71         282.           9.85E-01  บ   
     บ    L3O5       13.015    .02051        2433. ๑     18.    428.3  บ   
     บ              645.570    208.12         278.           9.86E-01  บ   
     บ                                                                 บ   
     บ  4 Pile_up                            1447. ๑     51.           บ   
     บ    L2N4       25.229    .29244         423. ๑     18.    645.9  บ   
     บ             1249.542    243.59         116.           7.96E-01  บ   
     บ    L2M1       23.166    .13752         199. ๑     13.      6.2  บ   
     บ             1147.557    237.97         119.           8.67E-01  บ   
     บ    L2N1       27.378    .11932         173. ๑     12.     11.8  บ   
     บ             1355.842    249.32         103.           7.19E-01  บ   
     บ    L3M5       25.408    .07033         102. ๑     11.    448.0  บ   
     บ             1258.404    244.08         115.           7.90E-01  บ   
     บ    L3N5       24.920    .06389          92. ๑     11.    252.3  บ   
     บ             1234.293    242.76         118.           8.07E-01  บ   
     บ    L3M1       27.782    .05414          78. ๑     10.     10.1  บ   
     บ             1375.779    250.37         100.           7.05E-01  บ   
     บ    L3N1       25.316    .02805          41. ๑     11.    587.1  บ   
     บ             1253.858    243.83         115.           7.93E-01  บ   
     บ               23.346    .01654          24. ๑     11.      4.8  บ   
     บ             1156.419    238.47         129.           8.61E-01  บ   
     บ               21.104    .01617          23. ๑     12.      2.1  บ   
     บ             1045.573    232.22         137.           9.27E-01  บ   
     บ               23.064    .01564          23. ๑     11.      5.5  บ   
     บ             1142.514    237.69         119.           8.71E-01  บ   
     บ               23.963    .01525          22. ๑     11.      2.6  บ   
     บ             1186.969    240.16         124.           8.41E-01  บ   
     บ               22.858    .01502          22. ๑     11.      2.4  บ   
     บ             1132.309    237.12         121.           8.77E-01  บ   
     บ               27.558    .01435          21. ๑     10.     15.3  บ   
     บ             1364.704    249.79         102.           7.13E-01  บ   
     บ               27.070    .01303          19. ๑     10.      1.6  บ   
     บ             1340.593    248.50         105.           7.30E-01  บ   
     บ               25.719    .01273          18. ๑     11.     20.6  บ   
     บ             1273.795    244.91         113.           7.79E-01  บ   
     บ               29.528    .01217          18. ๑      9.      3.2  บ   
     บ             1462.142    254.91          89.           6.44E-01  บ   
     บ               29.931    .01105          16. ๑      9.      2.7  บ   
     บ             1482.079    255.94          86.           6.31E-01  บ   
     บ               21.799    .00800          12. ๑     11.      1.8  บ   
     บ             1079.959    234.17         130.           9.09E-01  บ   
     บ               25.100    .00768          11. ๑     11.    565.6  บ   
     บ             1243.155    243.24         117.           8.01E-01  บ   
     บ               28.379    .00727          11. ๑     10.     90.2  บ   
     บ             1405.342    251.94          97.           6.84E-01  บ   
     บ               27.961    .00651           9. ๑     10.      6.5  บ   
     บ             1384.641    250.84          99.           6.98E-01  บ   
     บ               27.473    .00591           9. ๑     10.     12.9  บ   
     บ             1360.530    249.56         102.           7.16E-01  บ   
     บ               25.587    .00423           6. ๑     11.    125.8  บ   
     บ             1267.265    244.56         113.           7.83E-01  บ   
     บ               25.629    .00407           6. ๑     11.     75.1  บ   
     บ             1269.354    244.67         113.           7.82E-01  บ   
     บ               26.922    .00398           6. ๑     10.      2.7  บ   
     บ             1333.293    248.11         106.           7.35E-01  บ   
     บ               21.002    .00368           5. ๑     12.      2.6  บ   
     บ             1040.529    231.93         138.           9.29E-01  บ   
     บ               21.901    .00359           5. ๑     11.      2.5  บ   
     บ             1084.985    234.46         129.           9.06E-01  บ   
     บ               25.991    .00350           5. ๑     11.      3.6  บ   
     บ             1287.254    245.64         111.           7.69E-01  บ   
     บ               24.612    .00349           5. ๑     11.      6.8  บ   
     บ             1219.045    241.93         120.           8.18E-01  บ   
     บ               25.214    .00319           5. ๑     11.    645.9  บ   
     บ             1248.814    243.55         116.           7.97E-01  บ   
     บ               26.113    .00311           5. ๑     11.      3.2  บ   
     บ             1293.270    245.96         110.           7.65E-01  บ   
     บ               24.754    .00265           4. ๑     11.     65.3  บ   
     บ             1226.042    242.31         119.           8.13E-01  บ   
     บ               30.334    .00251           4. ๑      9.      1.6  บ   
     บ             1502.016    256.98          83.           6.18E-01  บ   
     บ               25.889    .00233           3. ๑     11.      3.6  บ   
     บ             1282.210    245.37         112.           7.73E-01  บ   
     บ               19.737    .00188           3. ๑     12.       .8  บ   
     บ              977.975    228.32         153.           9.56E-01  บ   
     บ               23.244    .00188           3. ๑     11.      5.5  บ   
     บ             1151.375    238.19         130.           8.65E-01  บ   
     บ               24.143    .00183           3. ๑     11.      1.2  บ   
     บ             1195.831    240.65         123.           8.35E-01  บ   
     บ               26.317    .00171           2. ๑     10.      2.2  บ   
     บ             1303.357    246.51         109.           7.57E-01  บ   
     บ               22.756    .00171           2. ๑     11.      1.8  บ   
     บ             1127.265    236.84         122.           8.80E-01  บ   
     บ               23.655    .00167           2. ๑     11.      2.7  บ   
     บ             1171.721    239.32         127.           8.51E-01  บ   
     บ               23.949    .00163           2. ๑     11.      2.6  บ   
     บ             1186.259    240.12         124.           8.41E-01  บ   
     บ               30.529    .00148           2. ๑      9.      1.8  บ   
     บ             1511.642    257.47          81.           6.12E-01  บ   
     บ               25.617    .00145           2. ๑     11.     99.2  บ   
     บ             1268.751    244.64         113.           7.82E-01  บ   
     บ               26.516    .00141           2. ๑     10.      2.8  บ   
     บ             1313.206    247.04         108.           7.50E-01  บ   
     บ                                                                 บ   
     ศอออออออออออออออออออออออออออออออออออออออออออออออออออออออออออออออออผ   
                                                                           
     ษอออออออออออออออออออออออออออออออออออออออออออออออออออออออออออออออออป   
     บ                         FILTER BACKGROUND                       บ   
     ศอออออออออออออออออออออออออออออออออออออออออออออออออออออออออออออออออผ   
                                                                           
