     ษอออออออออออออออออออออออออออออออออออออออออออออออออออออออออออออออออป   
     บ  AXIL IBM-PC V3.00                       10-08-2014   14:28:50  บ   
     บ  Spectrum: QTD10042.SPE                                     0.s บ   
     ศอออออออออออออออออออออออออออออออออออออออออออออออออออออออออออออออออผ   
     ษอออออออออออออออออออออออออออออออออออออออออออออออออออออออออออออออออป   
     บ  Fitting Region: channels 130 -1800        4 iterations done    บ   
     บ  ChiSquare =   169.1   last change =   .01%    lambda= 1.E-06   บ   
     ฬอออออออออออออออออออออออออออออออออออออออออออออออออออออออออออออออออน   
     บ                        CALIBRATION  DATA                        บ   
     ฬออออออออออออออออหออออออออออออออออออออออออหอออออออออออออออออออออออน   
     บ                บ   Initial estimate     บ    Final estimate     บ   
     ฬออออออออออออออออฮออออออออออออออออออออออออฮอออออออออออออออออออออออน   
     บ  ZERO (eV)     บ      -59.4 ๑   100.0   บ     -59.4 ๑      .6   บ   
     บ  GAIN (eV/ch)  บ     20.242 ๑   2.000   บ    20.242 ๑    .001   บ   
     บ det NOISE (eV) บ      -67.0 ๑    40.0   บ     -67.0 ๑    -6.8   บ   
     บ  FANO factor   บ       .154 ๑    .050   บ      .154 ๑    .002   บ   
     ศออออออออออออออออสออออออออออออออออออออออออสอออออออออออออออออออออออผ   
     ษอออออออออออออออออออออออออออออออออออออออออออออออออออออออออออออออออป   
     บ                           PEAK  DATA                            บ   
     ฬอออออออออออออออออออออออออออออออออออออออออออออออออออออออออออออออออน   
     บ  # Line       E(KeV)  rel. int.   peak area   st. dev    chi-sq บ   
     บ               chan#   fwhm (eV)      backgr            tot. abs บ   
     ฬอออออออออออออออออออออออออออออออออออออออออออออออออออออออออออออออออน   
     บ                                                                 บ   
     บ  1 Mo-Ka                           5843868. ๑   2418.           บ   
     บ    KA1        17.479    .65574     3832066. ๑   1586.    125.7  บ   
     บ              866.418    230.48         900.           9.83E-01  บ   
     บ    KA2        17.374    .34426     2011802. ๑    833.     95.3  บ   
     บ              861.231    229.73         921.           9.83E-01  บ   
     บ                                                                 บ   
     บ  2 Mo-Kb                           1227820. ๑   1109.           บ   
     บ    KB1        19.602    .86946     1067540. ๑    964.     91.5  บ   
     บ              971.297    245.19         587.           9.58E-01  บ   
     บ    KB2        19.965    .13054      160280. ๑    147.     19.8  บ   
     บ              989.230    247.62         532.           9.52E-01  บ   
     บ                                                                 บ   
     บ  3 Pile_up                           48290. ๑    222.           บ   
     บ    L1O3       34.853    .45149       21802. ๑    103.     14.0  บ   
     บ             1724.715    332.24         480.           4.90E-01  บ   
     บ    L1M5       34.958    .43000       20765. ๑     98.      9.6  บ   
     บ             1729.902    332.76         485.           4.87E-01  บ   
     บ    L1M4       34.748    .11851        5723. ๑     34.     16.8  บ   
     บ             1719.528    331.72         474.           4.92E-01  บ   
     บ                                                                 บ   
     ศอออออออออออออออออออออออออออออออออออออออออออออออออออออออออออออออออผ   
                                                                           
     ษอออออออออออออออออออออออออออออออออออออออออออออออออออออออออออออออออป   
     บ                         FILTER BACKGROUND                       บ   
     ศอออออออออออออออออออออออออออออออออออออออออออออออออออออออออออออออออผ   
                                                                           
