     ษอออออออออออออออออออออออออออออออออออออออออออออออออออออออออออออออออป   
     บ  AXIL IBM-PC V3.00                       10-08-2014   14:28:59  บ   
     บ  Spectrum: QTD10078.SPE                                     0.s บ   
     ศอออออออออออออออออออออออออออออออออออออออออออออออออออออออออออออออออผ   
     ษอออออออออออออออออออออออออออออออออออออออออออออออออออออออออออออออออป   
     บ  Fitting Region: channels 130 -1800        3 iterations done    บ   
     บ  ChiSquare =    14.1   last change =   .04%    lambda= 1.E-05   บ   
     ฬอออออออออออออออออออออออออออออออออออออออออออออออออออออออออออออออออน   
     บ                        CALIBRATION  DATA                        บ   
     ฬออออออออออออออออหออออออออออออออออออออออออหอออออออออออออออออออออออน   
     บ                บ   Initial estimate     บ    Final estimate     บ   
     ฬออออออออออออออออฮออออออออออออออออออออออออฮอออออออออออออออออออออออน   
     บ  ZERO (eV)     บ      -68.7 ๑   100.0   บ     -68.7 ๑     2.7   บ   
     บ  GAIN (eV/ch)  บ     20.248 ๑   2.000   บ    20.248 ๑    .005   บ   
     บ det NOISE (eV) บ      182.1 ๑    40.0   บ     182.1 ๑     7.7   บ   
     บ  FANO factor   บ       .055 ๑    .050   บ      .055 ๑    .008   บ   
     ศออออออออออออออออสออออออออออออออออออออออออสอออออออออออออออออออออออผ   
     ษอออออออออออออออออออออออออออออออออออออออออออออออออออออออออออออออออป   
     บ                           PEAK  DATA                            บ   
     ฬอออออออออออออออออออออออออออออออออออออออออออออออออออออออออออออออออน   
     บ  # Line       E(KeV)  rel. int.   peak area   st. dev    chi-sq บ   
     บ               chan#   fwhm (eV)      backgr            tot. abs บ   
     ฬอออออออออออออออออออออออออออออออออออออออออออออออออออออออออออออออออน   
     บ                                                                 บ   
     บ  1 Pt-L1                             59761. ๑    351.           บ   
     บ    L1M3       11.231    .39992       23900. ๑    141.    223.9  บ   
     บ              558.056    215.22         229.           9.83E-01  บ   
     บ    L1M2       10.854    .33846       20227. ๑    120.     96.3  บ   
     บ              539.438    214.19         210.           9.82E-01  บ   
     บ    L1N3       13.361    .11195        6690. ๑     42.     28.6  บ   
     บ              663.250    220.93         207.           9.87E-01  บ   
     บ    L1N2       13.270    .08745        5226. ๑     34.     21.6  บ   
     บ              658.756    220.69         208.           9.86E-01  บ   
     บ    L1O3       13.822    .03448        2060. ๑     19.      6.2  บ   
     บ              686.017    222.15         201.           9.86E-01  บ   
     บ    L1M5       11.758    .01663         994. ๑     16.     39.0  บ   
     บ              584.083    216.64         224.           9.85E-01  บ   
     บ    L1M4       11.676    .01112         664. ๑     15.     75.5  บ   
     บ              580.034    216.42         225.           9.85E-01  บ   
     บ                                                                 บ   
     บ  2 Pt-L2                            127592. ๑    437.           บ   
     บ    L2M4       11.071    .79220      101079. ๑    347.    136.6  บ   
     บ              550.155    214.78         231.           9.83E-01  บ   
     บ    L2N4       12.943    .16358       20872. ๑     73.    104.0  บ   
     บ              642.607    219.82         211.           9.86E-01  บ   
     บ    L2M1        9.975    .02146        2738. ๑     17.    103.5  บ   
     บ              496.027    211.77         218.           9.77E-01  บ   
     บ    L2N1       12.552    .00561         715. ๑     15.     18.7  บ   
     บ              623.296    218.78         215.           9.84E-01  บ   
     บ    L2O4       13.271    .01525        1946. ๑     16.     21.6  บ   
     บ              658.805    220.70         208.           9.86E-01  บ   
     บ    L2O1       13.173    .00110         141. ๑     14.     30.6  บ   
     บ              653.966    220.44         209.           9.86E-01  บ   
     บ    L2M3       10.627    .00080         102. ๑     15.     26.1  บ   
     บ              528.227    213.57         212.           9.81E-01  บ   
     บ                                                                 บ   
     บ  3 Pt-L3                             22946. ๑    170.           บ   
     บ    L3M5        9.442    .71362       16375. ๑    122.    126.5  บ   
     บ              469.704    210.29         223.           9.73E-01  บ   
     บ    L3M4        9.362    .08105        1860. ๑     20.     78.6  บ   
     บ              465.753    210.07         223.           9.72E-01  บ   
     บ    L3N5       11.251    .14054        3225. ๑     28.    228.9  บ   
     บ              559.044    215.27         229.           9.84E-01  บ   
     บ    L3M1        8.268    .03904         896. ๑     17.     84.8  บ   
     บ              411.723    207.00         233.           9.60E-01  บ   
     บ    L3N1       10.842    .00978         224. ๑     15.     95.1  บ   
     บ              538.845    214.15         210.           9.82E-01  บ   
     บ    L3O1       11.462    .00192          44. ๑     15.    259.5  บ   
     บ              569.465    215.84         227.           9.84E-01  บ   
     บ    L3O5       11.561    .01405         322. ๑     15.    120.2  บ   
     บ              574.354    216.11         226.           9.85E-01  บ   
     บ                                                                 บ   
     บ  4 Pile_up                            -108. ๑     17.           บ   
     บ    L3O5       22.142    .25568         -28. ๑     12.      2.4  บ   
     บ             1096.915    243.09         118.           8.99E-01  บ   
     บ    L3O1       22.304    .13809         -15. ๑     11.      2.3  บ   
     บ             1104.932    243.48         116.           8.94E-01  บ   
     บ    L3O5       24.014    .10559         -11. ๑     10.      1.3  บ   
     บ             1189.367    247.56          96.           8.39E-01  บ   
     บ    L2N4       21.925    .10437         -11. ๑     11.      2.8  บ   
     บ             1086.192    242.57         120.           9.05E-01  บ   
     บ    L2M1       20.505    .09095         -10. ๑     12.      1.1  บ   
     บ             1016.061    239.12         138.           9.41E-01  บ   
     บ    L2N1       24.384    .07139          -8. ๑     10.      2.3  บ   
     บ             1207.626    248.43          92.           8.26E-01  บ   
     บ    L3M5       24.176    .02851          -3. ๑     10.      1.8  บ   
     บ             1197.384    247.94          94.           8.33E-01  บ   
     บ    L3N5       22.087    .02819          -3. ๑     11.      2.4  บ   
     บ             1094.209    242.96         118.           9.00E-01  บ   
     บ    L3M1       20.667    .02456          -3. ๑     12.      1.4  บ   
     บ             1024.078    239.52         136.           9.37E-01  บ   
     บ    L3N1       23.797    .02155          -2. ๑     10.      1.8  บ   
     บ             1178.644    247.05          99.           8.46E-01  บ   
     บ               24.546    .01928          -2. ๑      9.      2.7  บ   
     บ             1215.643    248.82          90.           8.21E-01  บ   
     บ               22.377    .01878          -2. ๑     11.      1.8  บ   
     บ             1108.513    243.66         115.           8.92E-01  บ   
     บ               22.467    .01865          -2. ๑     11.      1.5  บ   
     บ             1112.949    243.87         114.           8.89E-01  บ   
     บ               20.288    .01856          -2. ๑     12.      1.7  บ   
     บ             1005.338    238.59         140.           9.45E-01  บ   
     บ               26.256    .01474          -2. ๑      8.       .9  บ   
     บ             1300.078    252.81          72.           7.59E-01  บ   
     บ               24.167    .01457          -2. ๑     10.      1.8  บ   
     บ             1196.902    247.92          94.           8.34E-01  บ   
     บ               21.046    .01385          -1. ๑     11.      1.5  บ   
     บ             1042.787    240.44         131.           9.28E-01  บ   
     บ               22.747    .01270          -1. ๑     11.      1.2  บ   
     บ             1126.772    244.55         111.           8.81E-01  บ   
     บ                                                                 บ   
     ศอออออออออออออออออออออออออออออออออออออออออออออออออออออออออออออออออผ   
                                                                           
     ษอออออออออออออออออออออออออออออออออออออออออออออออออออออออออออออออออป   
     บ                         FILTER BACKGROUND                       บ   
     ศอออออออออออออออออออออออออออออออออออออออออออออออออออออออออออออออออผ   
                                                                           
