     ษอออออออออออออออออออออออออออออออออออออออออออออออออออออออออออออออออป   
     บ  AXIL IBM-PC V3.00                       10-08-2014   14:28:44  บ   
     บ  Spectrum: QTD10024.SPE                                     0.s บ   
     ศอออออออออออออออออออออออออออออออออออออออออออออออออออออออออออออออออผ   
     ษอออออออออออออออออออออออออออออออออออออออออออออออออออออออออออออออออป   
     บ  Fitting Region: channels 130 -1800        2 iterations done    บ   
     บ  ChiSquare =     7.2   last change =   .00%    lambda= 1.E-04   บ   
     ฬอออออออออออออออออออออออออออออออออออออออออออออออออออออออออออออออออน   
     บ                        CALIBRATION  DATA                        บ   
     ฬออออออออออออออออหออออออออออออออออออออออออหอออออออออออออออออออออออน   
     บ                บ   Initial estimate     บ    Final estimate     บ   
     ฬออออออออออออออออฮออออออออออออออออออออออออฮอออออออออออออออออออออออน   
     บ  ZERO (eV)     บ      -42.2 ๑   100.0   บ     -42.2 ๑    98.4   บ   
     บ  GAIN (eV/ch)  บ     20.223 ๑   2.000   บ    20.223 ๑    .415   บ   
     บ det NOISE (eV) บ      213.5 ๑    40.0   บ     213.5 ๑    59.8   บ   
     บ  FANO factor   บ       .043 ๑    .050   บ      .043 ๑    .051   บ   
     ศออออออออออออออออสออออออออออออออออออออออออสอออออออออออออออออออออออผ   
     ษอออออออออออออออออออออออออออออออออออออออออออออออออออออออออออออออออป   
     บ                           PEAK  DATA                            บ   
     ฬอออออออออออออออออออออออออออออออออออออออออออออออออออออออออออออออออน   
     บ  # Line       E(KeV)  rel. int.   peak area   st. dev    chi-sq บ   
     บ               chan#   fwhm (eV)      backgr            tot. abs บ   
     ฬอออออออออออออออออออออออออออออออออออออออออออออออออออออออออออออออออน   
     บ                                                                 บ   
     บ  1 Cr-Ka                                 4. ๑      5.           บ   
     บ    KA1         5.412   1.00000           4. ๑      7.       .8  บ   
     บ              269.707    224.85          22.           8.68E-01  บ   
     บ                                                                 บ   
     บ  2 Cr-Kb                                -7. ๑      4.           บ   
     บ    KB1         5.947   1.00000          -7. ๑      6.       .5  บ   
     บ              296.163    225.94          20.           8.98E-01  บ   
     บ                                                                 บ   
     บ  3 Pile_up                               0. ๑      0.           บ   
     บ                                                                 บ   
     ศอออออออออออออออออออออออออออออออออออออออออออออออออออออออออออออออออผ   
                                                                           
     ษอออออออออออออออออออออออออออออออออออออออออออออออออออออออออออออออออป   
     บ                         FILTER BACKGROUND                       บ   
     ศอออออออออออออออออออออออออออออออออออออออออออออออออออออออออออออออออผ   
                                                                           
