     ษอออออออออออออออออออออออออออออออออออออออออออออออออออออออออออออออออป   
     บ  AXIL IBM-PC V3.00                       10-08-2014   14:26:57  บ   
     บ  Spectrum: QTD10023.SPE                                     0.s บ   
     ศอออออออออออออออออออออออออออออออออออออออออออออออออออออออออออออออออผ   
     ษอออออออออออออออออออออออออออออออออออออออออออออออออออออออออออออออออป   
     บ  Fitting Region: channels 130 - 500        4 iterations done    บ   
     บ  ChiSquare =   243.6   last change =   .04%    lambda= 1.E-06   บ   
     ฬอออออออออออออออออออออออออออออออออออออออออออออออออออออออออออออออออน   
     บ                        CALIBRATION  DATA                        บ   
     ฬออออออออออออออออหออออออออออออออออออออออออหอออออออออออออออออออออออน   
     บ                บ   Initial estimate     บ    Final estimate     บ   
     ฬออออออออออออออออฮออออออออออออออออออออออออฮอออออออออออออออออออออออน   
     บ  ZERO (eV)     บ      -30.3 ๑   100.0   บ     -30.3 ๑      .6   บ   
     บ  GAIN (eV/ch)  บ     20.251 ๑   2.000   บ    20.251 ๑    .002   บ   
     บ det NOISE (eV) บ      -73.5 ๑    40.0   บ     -73.5 ๑    -3.5   บ   
     บ  FANO factor   บ       .229 ๑    .050   บ      .229 ๑    .003   บ   
     ศออออออออออออออออสออออออออออออออออออออออออสอออออออออออออออออออออออผ   
     ษอออออออออออออออออออออออออออออออออออออออออออออออออออออออออออออออออป   
     บ                           PEAK  DATA                            บ   
     ฬอออออออออออออออออออออออออออออออออออออออออออออออออออออออออออออออออน   
     บ  # Line       E(KeV)  rel. int.   peak area   st. dev    chi-sq บ   
     บ               chan#   fwhm (eV)      backgr            tot. abs บ   
     ฬอออออออออออออออออออออออออออออออออออออออออออออออออออออออออออออออออน   
     บ                                                                 บ   
     บ  1 V -Ka                           3509704. ๑   1874.           บ   
     บ    KA1         4.950   1.00000     3509704. ๑   1874.    160.9  บ   
     บ              245.929    137.15        1365.           8.31E-01  บ   
     บ                                                                 บ   
     บ  2 V -Kb                            518970. ๑    722.           บ   
     บ    KB1         5.427   1.00000      518970. ๑    722.    105.3  บ   
     บ              269.484    145.41         928.           8.69E-01  บ   
     บ                                                                 บ   
     บ  3 Pile_up                           23625. ๑    180.           บ   
     บ    KA1         9.900    .77158       18229. ๑    139.     45.2  บ   
     บ              490.363    207.43         136.           9.76E-01  บ   
     บ    KB1        10.377    .22842        5396. ๑     41.    262.9  บ   
     บ              513.917    212.99           0.           9.79E-01  บ   
     บ                                                                 บ   
     ศอออออออออออออออออออออออออออออออออออออออออออออออออออออออออออออออออผ   
                                                                           
     ษอออออออออออออออออออออออออออออออออออออออออออออออออออออออออออออออออป   
     บ                         FILTER BACKGROUND                       บ   
     ศอออออออออออออออออออออออออออออออออออออออออออออออออออออออออออออออออผ   
                                                                           
