     ษอออออออออออออออออออออออออออออออออออออออออออออออออออออออออออออออออป   
     บ  AXIL IBM-PC V3.00                       10-08-2014   14:26:58  บ   
     บ  Spectrum: QTD10024.SPE                                     0.s บ   
     ศอออออออออออออออออออออออออออออออออออออออออออออออออออออออออออออออออผ   
     ษอออออออออออออออออออออออออออออออออออออออออออออออออออออออออออออออออป   
     บ  Fitting Region: channels 130 - 500        4 iterations done    บ   
     บ  ChiSquare =   330.6   last change =   .09%    lambda= 1.E-06   บ   
     ฬอออออออออออออออออออออออออออออออออออออออออออออออออออออออออออออออออน   
     บ                        CALIBRATION  DATA                        บ   
     ฬออออออออออออออออหออออออออออออออออออออออออหอออออออออออออออออออออออน   
     บ                บ   Initial estimate     บ    Final estimate     บ   
     ฬออออออออออออออออฮออออออออออออออออออออออออฮอออออออออออออออออออออออน   
     บ  ZERO (eV)     บ      -73.3 ๑   100.0   บ     -73.3 ๑      .9   บ   
     บ  GAIN (eV/ch)  บ     20.406 ๑   2.000   บ    20.406 ๑    .003   บ   
     บ det NOISE (eV) บ     -112.8 ๑    40.0   บ    -112.8 ๑    -3.0   บ   
     บ  FANO factor   บ       .285 ๑    .050   บ      .285 ๑    .004   บ   
     ศออออออออออออออออสออออออออออออออออออออออออสอออออออออออออออออออออออผ   
     ษอออออออออออออออออออออออออออออออออออออออออออออออออออออออออออออออออป   
     บ                           PEAK  DATA                            บ   
     ฬอออออออออออออออออออออออออออออออออออออออออออออออออออออออออออออออออน   
     บ  # Line       E(KeV)  rel. int.   peak area   st. dev    chi-sq บ   
     บ               chan#   fwhm (eV)      backgr            tot. abs บ   
     ฬอออออออออออออออออออออออออออออออออออออออออออออออออออออออออออออออออน   
     บ                                                                 บ   
     บ  1 Cr-Ka                           4187560. ๑   2047.           บ   
     บ    KA1         5.412   1.00000     4187560. ๑   2047.    127.4  บ   
     บ              268.814    142.13        1095.           8.68E-01  บ   
     บ                                                                 บ   
     บ  2 Cr-Kb                            620663. ๑    789.           บ   
     บ    KB1         5.947   1.00000      620663. ๑    789.     82.6  บ   
     บ              295.032    153.15         728.           8.98E-01  บ   
     บ                                                                 บ   
     บ  3 Pile_up                               0. ๑      0.           บ   
     บ                                                                 บ   
     ศอออออออออออออออออออออออออออออออออออออออออออออออออออออออออออออออออผ   
                                                                           
     ษอออออออออออออออออออออออออออออออออออออออออออออออออออออออออออออออออป   
     บ                         FILTER BACKGROUND                       บ   
     ศอออออออออออออออออออออออออออออออออออออออออออออออออออออออออออออออออผ   
                                                                           
