     ษอออออออออออออออออออออออออออออออออออออออออออออออออออออออออออออออออป   
     บ  AXIL IBM-PC V3.00                       10-08-2014   14:27:03  บ   
     บ  Spectrum: QTD10028.SPE                                     0.s บ   
     ศอออออออออออออออออออออออออออออออออออออออออออออออออออออออออออออออออผ   
     ษอออออออออออออออออออออออออออออออออออออออออออออออออออออออออออออออออป   
     บ  Fitting Region: channels 130 - 500        4 iterations done    บ   
     บ  ChiSquare =   390.8   last change =   .09%    lambda= 1.E-06   บ   
     ฬอออออออออออออออออออออออออออออออออออออออออออออออออออออออออออออออออน   
     บ                        CALIBRATION  DATA                        บ   
     ฬออออออออออออออออหออออออออออออออออออออออออหอออออออออออออออออออออออน   
     บ                บ   Initial estimate     บ    Final estimate     บ   
     ฬออออออออออออออออฮออออออออออออออออออออออออฮอออออออออออออออออออออออน   
     บ  ZERO (eV)     บ      -63.2 ๑   100.0   บ     -63.2 ๑      .7   บ   
     บ  GAIN (eV/ch)  บ     20.320 ๑   2.000   บ    20.320 ๑    .002   บ   
     บ det NOISE (eV) บ     -128.6 ๑    40.0   บ    -128.6 ๑    -2.5   บ   
     บ  FANO factor   บ       .262 ๑    .050   บ      .262 ๑    .003   บ   
     ศออออออออออออออออสออออออออออออออออออออออออสอออออออออออออออออออออออผ   
     ษอออออออออออออออออออออออออออออออออออออออออออออออออออออออออออออออออป   
     บ                           PEAK  DATA                            บ   
     ฬอออออออออออออออออออออออออออออออออออออออออออออออออออออออออออออออออน   
     บ  # Line       E(KeV)  rel. int.   peak area   st. dev    chi-sq บ   
     บ               chan#   fwhm (eV)      backgr            tot. abs บ   
     ฬอออออออออออออออออออออออออออออออออออออออออออออออออออออออออออออออออน   
     บ                                                                 บ   
     บ  1 Ni-Ka                           6697597. ๑   2589.           บ   
     บ    KA1         7.478    .66126     4428857. ๑   1713.    173.2  บ   
     บ              371.130    158.84        3480.           9.47E-01  บ   
     บ    KA2         7.461    .33874     2268740. ๑    879.    157.3  บ   
     บ              370.293    158.54        3533.           9.47E-01  บ   
     บ                                                                 บ   
     บ  2 Ni-Kb                            969818. ๑    986.           บ   
     บ    KB1         8.265   1.00000      969818. ๑    987.    120.3  บ   
     บ              409.861    172.12        1941.           9.60E-01  บ   
     บ                                                                 บ   
     บ  3 Pile_up                               0. ๑      0.           บ   
     บ                                                                 บ   
     ศอออออออออออออออออออออออออออออออออออออออออออออออออออออออออออออออออผ   
                                                                           
     ษอออออออออออออออออออออออออออออออออออออออออออออออออออออออออออออออออป   
     บ                         FILTER BACKGROUND                       บ   
     ศอออออออออออออออออออออออออออออออออออออออออออออออออออออออออออออออออผ   
                                                                           
