     ษอออออออออออออออออออออออออออออออออออออออออออออออออออออออออออออออออป   
     บ  AXIL IBM-PC V3.00                       10-08-2014   14:27:06  บ   
     บ  Spectrum: QTD10030.SPE                                     0.s บ   
     ศอออออออออออออออออออออออออออออออออออออออออออออออออออออออออออออออออผ   
     ษอออออออออออออออออออออออออออออออออออออออออออออออออออออออออออออออออป   
     บ  Fitting Region: channels 130 - 500        5 iterations done    บ   
     บ  ChiSquare =   231.3   last change =   .00%    lambda= 1.E-07   บ   
     ฬอออออออออออออออออออออออออออออออออออออออออออออออออออออออออออออออออน   
     บ                        CALIBRATION  DATA                        บ   
     ฬออออออออออออออออหออออออออออออออออออออออออหอออออออออออออออออออออออน   
     บ                บ   Initial estimate     บ    Final estimate     บ   
     ฬออออออออออออออออฮออออออออออออออออออออออออฮอออออออออออออออออออออออน   
     บ  ZERO (eV)     บ      -47.0 ๑   100.0   บ     -47.0 ๑      .7   บ   
     บ  GAIN (eV/ch)  บ     20.266 ๑   2.000   บ    20.266 ๑    .002   บ   
     บ det NOISE (eV) บ     -101.2 ๑    40.0   บ    -101.2 ๑    -3.2   บ   
     บ  FANO factor   บ       .206 ๑    .050   บ      .206 ๑    .002   บ   
     ศออออออออออออออออสออออออออออออออออออออออออสอออออออออออออออออออออออผ   
     ษอออออออออออออออออออออออออออออออออออออออออออออออออออออออออออออออออป   
     บ                           PEAK  DATA                            บ   
     ฬอออออออออออออออออออออออออออออออออออออออออออออออออออออออออออออออออน   
     บ  # Line       E(KeV)  rel. int.   peak area   st. dev    chi-sq บ   
     บ               chan#   fwhm (eV)      backgr            tot. abs บ   
     ฬอออออออออออออออออออออออออออออออออออออออออออออออออออออออออออออออออน   
     บ                                                                 บ   
     บ  1 Zn-Ka                           7555850. ๑   2754.           บ   
     บ    KA1         8.639    .66048     4990459. ๑   1824.    115.6  บ   
     บ              428.596    166.78       17762.           9.65E-01  บ   
     บ    KA2         8.616    .33952     2565391. ๑    945.    106.7  บ   
     บ              427.461    166.48       17837.           9.65E-01  บ   
     บ                                                                 บ   
     บ  2 Zn-Kb                           1079692. ๑   1047.           บ   
     บ    KB1         9.572   1.00000     1079692. ๑   1053.     61.7  บ   
     บ              474.634    178.68       11823.           9.74E-01  บ   
     บ                                                                 บ   
     บ  3 Pile_up                               0. ๑      0.           บ   
     บ                                                                 บ   
     ศอออออออออออออออออออออออออออออออออออออออออออออออออออออออออออออออออผ   
                                                                           
     ษอออออออออออออออออออออออออออออออออออออออออออออออออออออออออออออออออป   
     บ                         FILTER BACKGROUND                       บ   
     ศอออออออออออออออออออออออออออออออออออออออออออออออออออออออออออออออออผ   
                                                                           
