     ษอออออออออออออออออออออออออออออออออออออออออออออออออออออออออออออออออป   
     บ  AXIL IBM-PC V3.00                       10-08-2014   14:27:01  บ   
     บ  Spectrum: QTD10026.SPE                                     0.s บ   
     ศอออออออออออออออออออออออออออออออออออออออออออออออออออออออออออออออออผ   
     ษอออออออออออออออออออออออออออออออออออออออออออออออออออออออออออออออออป   
     บ  Fitting Region: channels 130 - 500        5 iterations done    บ   
     บ  ChiSquare =   348.4   last change =   .00%    lambda= 1.E-07   บ   
     ฬอออออออออออออออออออออออออออออออออออออออออออออออออออออออออออออออออน   
     บ                        CALIBRATION  DATA                        บ   
     ฬออออออออออออออออหออออออออออออออออออออออออหอออออออออออออออออออออออน   
     บ                บ   Initial estimate     บ    Final estimate     บ   
     ฬออออออออออออออออฮออออออออออออออออออออออออฮอออออออออออออออออออออออน   
     บ  ZERO (eV)     บ      -94.3 ๑   100.0   บ     -94.3 ๑      .8   บ   
     บ  GAIN (eV/ch)  บ     20.437 ๑   2.000   บ    20.437 ๑    .003   บ   
     บ det NOISE (eV) บ     -118.9 ๑    40.0   บ    -118.9 ๑    -2.7   บ   
     บ  FANO factor   บ       .271 ๑    .050   บ      .271 ๑    .003   บ   
     ศออออออออออออออออสออออออออออออออออออออออออสอออออออออออออออออออออออผ   
     ษอออออออออออออออออออออออออออออออออออออออออออออออออออออออออออออออออป   
     บ                           PEAK  DATA                            บ   
     ฬอออออออออออออออออออออออออออออออออออออออออออออออออออออออออออออออออน   
     บ  # Line       E(KeV)  rel. int.   peak area   st. dev    chi-sq บ   
     บ               chan#   fwhm (eV)      backgr            tot. abs บ   
     ฬอออออออออออออออออออออออออออออออออออออออออออออออออออออออออออออออออน   
     บ                                                                 บ   
     บ  1 Fe-Ka                           5557356. ๑   2358.           บ   
     บ    KA1         6.399   1.00000     5557356. ๑   2359.    139.8  บ   
     บ              317.721    151.25        2620.           9.17E-01  บ   
     บ                                                                 บ   
     บ  2 Fe-Kb                            814152. ๑    904.           บ   
     บ    KB1         7.059   1.00000      814152. ๑    904.     90.5  บ   
     บ              350.015    163.38        1513.           9.38E-01  บ   
     บ                                                                 บ   
     บ  3 Pile_up                               0. ๑      0.           บ   
     บ                                                                 บ   
     ศอออออออออออออออออออออออออออออออออออออออออออออออออออออออออออออออออผ   
                                                                           
     ษอออออออออออออออออออออออออออออออออออออออออออออออออออออออออออออออออป   
     บ                         FILTER BACKGROUND                       บ   
     ศอออออออออออออออออออออออออออออออออออออออออออออออออออออออออออออออออผ   
                                                                           
