     ษอออออออออออออออออออออออออออออออออออออออออออออออออออออออออออออออออป   
     บ  AXIL IBM-PC V3.00                       10-08-2014   14:27:02  บ   
     บ  Spectrum: QTD10027.SPE                                     0.s บ   
     ศอออออออออออออออออออออออออออออออออออออออออออออออออออออออออออออออออผ   
     ษอออออออออออออออออออออออออออออออออออออออออออออออออออออออออออออออออป   
     บ  Fitting Region: channels 130 - 500        5 iterations done    บ   
     บ  ChiSquare =   326.6   last change =   .00%    lambda= 1.E-07   บ   
     ฬอออออออออออออออออออออออออออออออออออออออออออออออออออออออออออออออออน   
     บ                        CALIBRATION  DATA                        บ   
     ฬออออออออออออออออหออออออออออออออออออออออออหอออออออออออออออออออออออน   
     บ                บ   Initial estimate     บ    Final estimate     บ   
     ฬออออออออออออออออฮออออออออออออออออออออออออฮอออออออออออออออออออออออน   
     บ  ZERO (eV)     บ      -72.8 ๑   100.0   บ     -72.8 ๑      .8   บ   
     บ  GAIN (eV/ch)  บ     20.357 ๑   2.000   บ    20.357 ๑    .002   บ   
     บ det NOISE (eV) บ     -114.7 ๑    40.0   บ    -114.7 ๑    -2.8   บ   
     บ  FANO factor   บ       .252 ๑    .050   บ      .252 ๑    .003   บ   
     ศออออออออออออออออสออออออออออออออออออออออออสอออออออออออออออออออออออผ   
     ษอออออออออออออออออออออออออออออออออออออออออออออออออออออออออออออออออป   
     บ                           PEAK  DATA                            บ   
     ฬอออออออออออออออออออออออออออออออออออออออออออออออออออออออออออออออออน   
     บ  # Line       E(KeV)  rel. int.   peak area   st. dev    chi-sq บ   
     บ               chan#   fwhm (eV)      backgr            tot. abs บ   
     ฬอออออออออออออออออออออออออออออออออออออออออออออออออออออออออออออออออน   
     บ                                                                 บ   
     บ  1 Co-Ka                           6140666. ๑   2479.           บ   
     บ    KA1         6.925   1.00000     6140666. ๑   2480.    133.4  บ   
     บ              343.758    155.20        4265.           9.34E-01  บ   
     บ                                                                 บ   
     บ  2 Co-Kb                            892749. ๑    947.           บ   
     บ    KB1         7.649   1.00000      892749. ๑    948.     97.4  บ   
     บ              379.324    167.28        2235.           9.50E-01  บ   
     บ                                                                 บ   
     บ  3 Pile_up                               0. ๑      0.           บ   
     บ                                                                 บ   
     ศอออออออออออออออออออออออออออออออออออออออออออออออออออออออออออออออออผ   
                                                                           
     ษอออออออออออออออออออออออออออออออออออออออออออออออออออออออออออออออออป   
     บ                         FILTER BACKGROUND                       บ   
     ศอออออออออออออออออออออออออออออออออออออออออออออออออออออออออออออออออผ   
                                                                           
