     ษอออออออออออออออออออออออออออออออออออออออออออออออออออออออออออออออออป   
     บ  AXIL IBM-PC V3.00                       10-08-2014   14:26:56  บ   
     บ  Spectrum: QTD10022.SPE                                     0.s บ   
     ศอออออออออออออออออออออออออออออออออออออออออออออออออออออออออออออออออผ   
     ษอออออออออออออออออออออออออออออออออออออออออออออออออออออออออออออออออป   
     บ  Fitting Region: channels 130 - 500        5 iterations done    บ   
     บ  ChiSquare =   276.9   last change =   .04%    lambda= 1.E-07   บ   
     ฬอออออออออออออออออออออออออออออออออออออออออออออออออออออออออออออออออน   
     บ                        CALIBRATION  DATA                        บ   
     ฬออออออออออออออออหออออออออออออออออออออออออหอออออออออออออออออออออออน   
     บ                บ   Initial estimate     บ    Final estimate     บ   
     ฬออออออออออออออออฮออออออออออออออออออออออออฮอออออออออออออออออออออออน   
     บ  ZERO (eV)     บ      -38.2 ๑   100.0   บ     -38.2 ๑      .7   บ   
     บ  GAIN (eV/ch)  บ     20.290 ๑   2.000   บ    20.290 ๑    .003   บ   
     บ det NOISE (eV) บ       34.4 ๑    40.0   บ      34.4 ๑     7.9   บ   
     บ  FANO factor   บ       .173 ๑    .050   บ      .173 ๑    .004   บ   
     ศออออออออออออออออสออออออออออออออออออออออออสอออออออออออออออออออออออผ   
     ษอออออออออออออออออออออออออออออออออออออออออออออออออออออออออออออออออป   
     บ                           PEAK  DATA                            บ   
     ฬอออออออออออออออออออออออออออออออออออออออออออออออออออออออออออออออออน   
     บ  # Line       E(KeV)  rel. int.   peak area   st. dev    chi-sq บ   
     บ               chan#   fwhm (eV)      backgr            tot. abs บ   
     ฬอออออออออออออออออออออออออออออออออออออออออออออออออออออออออออออออออน   
     บ                                                                 บ   
     บ  1 Ti-Ka                           2754866. ๑   1660.           บ   
     บ    KA1         4.509   1.00000     2754866. ๑   1660.    161.4  บ   
     บ              224.110    133.50         536.           7.84E-01  บ   
     บ                                                                 บ   
     บ  2 Ti-Kb                            408711. ๑    640.           บ   
     บ    KB1         4.932   1.00000      408711. ๑    640.     76.6  บ   
     บ              244.957    139.22         367.           8.30E-01  บ   
     บ                                                                 บ   
     บ  3 Pile_up                           10198. ๑    108.           บ   
     บ    KA1         9.018    .75823        7733. ๑     84.     26.7  บ   
     บ              446.334    185.63         418.           9.69E-01  บ   
     บ    KB1         9.441    .22507        2295. ๑     33.      8.1  บ   
     บ              467.182    189.78         481.           9.73E-01  บ   
     บ    KA1         9.864    .01670         170. ๑     24.    225.6  บ   
     บ              488.029    193.85         593.           9.76E-01  บ   
     บ                                                                 บ   
     ศอออออออออออออออออออออออออออออออออออออออออออออออออออออออออออออออออผ   
                                                                           
     ษอออออออออออออออออออออออออออออออออออออออออออออออออออออออออออออออออป   
     บ                         FILTER BACKGROUND                       บ   
     ศอออออออออออออออออออออออออออออออออออออออออออออออออออออออออออออออออผ   
                                                                           
