     ษอออออออออออออออออออออออออออออออออออออออออออออออออออออออออออออออออป   
     บ  AXIL IBM-PC V3.00                       10-08-2014   14:27:04  บ   
     บ  Spectrum: QTD10029.SPE                                     0.s บ   
     ศอออออออออออออออออออออออออออออออออออออออออออออออออออออออออออออออออผ   
     ษอออออออออออออออออออออออออออออออออออออออออออออออออออออออออออออออออป   
     บ  Fitting Region: channels 130 - 500        5 iterations done    บ   
     บ  ChiSquare =   419.9   last change =   .00%    lambda= 1.E-07   บ   
     ฬอออออออออออออออออออออออออออออออออออออออออออออออออออออออออออออออออน   
     บ                        CALIBRATION  DATA                        บ   
     ฬออออออออออออออออหออออออออออออออออออออออออหอออออออออออออออออออออออน   
     บ                บ   Initial estimate     บ    Final estimate     บ   
     ฬออออออออออออออออฮออออออออออออออออออออออออฮอออออออออออออออออออออออน   
     บ  ZERO (eV)     บ      -48.0 ๑   100.0   บ     -48.0 ๑      .7   บ   
     บ  GAIN (eV/ch)  บ     20.274 ๑   2.000   บ    20.274 ๑    .002   บ   
     บ det NOISE (eV) บ     -124.8 ๑    40.0   บ    -124.8 ๑    -2.6   บ   
     บ  FANO factor   บ       .245 ๑    .050   บ      .245 ๑    .003   บ   
     ศออออออออออออออออสออออออออออออออออออออออออสอออออออออออออออออออออออผ   
     ษอออออออออออออออออออออออออออออออออออออออออออออออออออออออออออออออออป   
     บ                           PEAK  DATA                            บ   
     ฬอออออออออออออออออออออออออออออออออออออออออออออออออออออออออออออออออน   
     บ  # Line       E(KeV)  rel. int.   peak area   st. dev    chi-sq บ   
     บ               chan#   fwhm (eV)      backgr            tot. abs บ   
     ฬอออออออออออออออออออออออออออออออออออออออออออออออออออออออออออออออออน   
     บ                                                                 บ   
     บ  1 Cu-Ka                           7187233. ๑   2682.           บ   
     บ    KA1         8.048    .66084     4749633. ๑   1773.    177.2  บ   
     บ              399.328    163.11        3638.           9.57E-01  บ   
     บ    KA2         8.028    .33916     2437600. ๑    912.    158.6  บ   
     บ              398.342    162.79        3684.           9.57E-01  บ   
     บ                                                                 บ   
     บ  2 Cu-Kb                           1033225. ๑   1018.           บ   
     บ    KB1         8.905   1.00000     1033225. ๑   1019.    101.1  บ   
     บ              441.599    176.34        2155.           9.68E-01  บ   
     บ                                                                 บ   
     บ  3 Pile_up                               0. ๑      0.           บ   
     บ                                                                 บ   
     ศอออออออออออออออออออออออออออออออออออออออออออออออออออออออออออออออออผ   
                                                                           
     ษอออออออออออออออออออออออออออออออออออออออออออออออออออออออออออออออออป   
     บ                         FILTER BACKGROUND                       บ   
     ศอออออออออออออออออออออออออออออออออออออออออออออออออออออออออออออออออผ   
                                                                           
