     ษอออออออออออออออออออออออออออออออออออออออออออออออออออออออออออออออออป   
     บ  AXIL IBM-PC V3.00                       10-08-2014   14:23:45  บ   
     บ  Spectrum: QTD10040.SPE                                     0.s บ   
     ศอออออออออออออออออออออออออออออออออออออออออออออออออออออออออออออออออผ   
     ษอออออออออออออออออออออออออออออออออออออออออออออออออออออออออออออออออป   
     บ  Fitting Region: channels 100 -1980        4 iterations done    บ   
     บ  ChiSquare =   176.2   last change =   .02%    lambda= 1.E-06   บ   
     ฬอออออออออออออออออออออออออออออออออออออออออออออออออออออออออออออออออน   
     บ                        CALIBRATION  DATA                        บ   
     ฬออออออออออออออออหออออออออออออออออออออออออหอออออออออออออออออออออออน   
     บ                บ   Initial estimate     บ    Final estimate     บ   
     ฬออออออออออออออออฮออออออออออออออออออออออออฮอออออออออออออออออออออออน   
     บ  ZERO (eV)     บ      -61.9 ๑   100.0   บ     -61.9 ๑      .4   บ   
     บ  GAIN (eV/ch)  บ     20.255 ๑   2.000   บ    20.255 ๑    .001   บ   
     บ det NOISE (eV) บ     -137.5 ๑    40.0   บ    -137.5 ๑    -2.4   บ   
     บ  FANO factor   บ       .198 ๑    .050   บ      .198 ๑    .001   บ   
     ศออออออออออออออออสออออออออออออออออออออออออสอออออออออออออออออออออออผ   
     ษอออออออออออออออออออออออออออออออออออออออออออออออออออออออออออออออออป   
     บ                           PEAK  DATA                            บ   
     ฬอออออออออออออออออออออออออออออออออออออออออออออออออออออออออออออออออน   
     บ  # Line       E(KeV)  rel. int.   peak area   st. dev    chi-sq บ   
     บ               chan#   fwhm (eV)      backgr            tot. abs บ   
     ฬอออออออออออออออออออออออออออออออออออออออออออออออออออออออออออออออออน   
     บ                                                                 บ   
     บ  1 Zr-Ka                           7323791. ๑   2707.           บ   
     บ    KA1        15.775    .65677     4810061. ๑   1778.    134.4  บ   
     บ              781.879    218.93        1542.           9.88E-01  บ   
     บ    KA2        15.691    .34323     2513730. ๑    930.    112.2  บ   
     บ              777.732    218.11        1566.           9.88E-01  บ   
     บ                                                                 บ   
     บ  2 Zr-Kb                           1155436. ๑   1076.           บ   
     บ    KB1        17.663    .87511     1011128. ๑    942.    162.5  บ   
     บ              875.091    236.49        1035.           9.81E-01  บ   
     บ    KB2        17.970    .12489      144308. ๑    138.     18.7  บ   
     บ              890.247    239.23        1063.           9.79E-01  บ   
     บ                                                                 บ   
     บ  3 Pile_up                          112410. ๑    337.           บ   
     บ    L1O3       31.492    .74597       83880. ๑    252.      8.2  บ   
     บ             1557.853    338.42          98.           5.82E-01  บ   
     บ    L1O2       33.409    .20604       23168. ๑     70.      2.6  บ   
     บ             1652.489    350.22         133.           5.27E-01  บ   
     บ    L1M5       33.716    .02941        3307. ๑     15.      2.2  บ   
     บ             1667.645    352.07         137.           5.19E-01  บ   
     บ    L1M4       35.326    .01423        1600. ๑     13.      1.4  บ   
     บ             1747.124    361.63         155.           4.78E-01  บ   
     บ    L1N5       35.633    .00406         457. ๑     12.      2.2  บ   
     บ             1762.280    363.42         153.           4.71E-01  บ   
     บ                                                                 บ   
     ศอออออออออออออออออออออออออออออออออออออออออออออออออออออออออออออออออผ   
                                                                           
     ษอออออออออออออออออออออออออออออออออออออออออออออออออออออออออออออออออป   
     บ                         FILTER BACKGROUND                       บ   
     ศอออออออออออออออออออออออออออออออออออออออออออออออออออออออออออออออออผ   
                                                                           
