     ษอออออออออออออออออออออออออออออออออออออออออออออออออออออออออออออออออป   
     บ  AXIL IBM-PC V3.00                       10-08-2014   14:23:59  บ   
     บ  Spectrum: QTD10082.SPE                                     0.s บ   
     ศอออออออออออออออออออออออออออออออออออออออออออออออออออออออออออออออออผ   
     ษอออออออออออออออออออออออออออออออออออออออออออออออออออออออออออออออออป   
     บ  Fitting Region: channels 100 -1980        3 iterations done    บ   
     บ  ChiSquare =   180.6   last change =   .01%    lambda= 1.E-05   บ   
     ฬอออออออออออออออออออออออออออออออออออออออออออออออออออออออออออออออออน   
     บ                        CALIBRATION  DATA                        บ   
     ฬออออออออออออออออหออออออออออออออออออออออออหอออออออออออออออออออออออน   
     บ                บ   Initial estimate     บ    Final estimate     บ   
     ฬออออออออออออออออฮออออออออออออออออออออออออฮอออออออออออออออออออออออน   
     บ  ZERO (eV)     บ      -30.7 ๑   100.0   บ     -30.7 ๑      .3   บ   
     บ  GAIN (eV/ch)  บ     20.218 ๑   2.000   บ    20.218 ๑    .001   บ   
     บ det NOISE (eV) บ      107.1 ๑    40.0   บ     107.1 ๑     1.6   บ   
     บ  FANO factor   บ       .110 ๑    .050   บ      .110 ๑    .001   บ   
     ศออออออออออออออออสออออออออออออออออออออออออสอออออออออออออออออออออออผ   
     ษอออออออออออออออออออออออออออออออออออออออออออออออออออออออออออออออออป   
     บ                           PEAK  DATA                            บ   
     ฬอออออออออออออออออออออออออออออออออออออออออออออออออออออออออออออออออน   
     บ  # Line       E(KeV)  rel. int.   peak area   st. dev    chi-sq บ   
     บ               chan#   fwhm (eV)      backgr            tot. abs บ   
     ฬอออออออออออออออออออออออออออออออออออออออออออออออออออออออออออออออออน   
     บ                                                                 บ   
     บ  1 Pb-L1                            293088. ๑    778.           บ   
     บ    L1M3       12.793    .37802      110793. ๑    295.    998.2  บ   
     บ              634.265    204.05         268.           9.85E-01  บ   
     บ    L1M2       12.306    .34544      101246. ๑    269.    501.9  บ   
     บ              610.177    201.22         283.           9.83E-01  บ   
     บ    L1N3       15.218    .10996       32229. ๑     87.    817.4  บ   
     บ              754.205    217.61         222.           9.87E-01  บ   
     บ    L1N2       15.101    .09081       26615. ๑     72.    888.5  บ   
     บ              748.419    216.97         226.           9.87E-01  บ   
     บ    L1O3       15.765    .03930       11519. ๑     34.    128.0  บ   
     บ              781.260    220.55         207.           9.88E-01  บ   
     บ    L1M5       13.377    .01893        5549. ๑     22.     24.6  บ   
     บ              663.149    207.40         250.           9.87E-01  บ   
     บ    L1M4       13.275    .01262        3698. ๑     19.     48.8  บ   
     บ              658.104    206.81         253.           9.86E-01  บ   
     บ    L1N5       15.453    .00301         882. ๑     15.    323.2  บ   
     บ              765.829    218.88         216.           9.88E-01  บ   
     บ    L1N4       15.427    .00190         558. ๑     15.    388.0  บ   
     บ              764.543    218.74         217.           9.88E-01  บ   
     บ                                                                 บ   
     บ  2 Pb-L2                           1651302. ๑   1527.           บ   
     บ    L2M4       12.614    .78003     1288072. ๑   1191.   1188.3  บ   
     บ              625.411    203.01         273.           9.85E-01  บ   
     บ    L2N4       14.764    .16802      277454. ๑    257.   1991.5  บ   
     บ              731.750    215.13         236.           9.87E-01  บ   
     บ    L2M1       11.349    .02148       35465. ๑     37.    301.8  บ   
     บ              562.844    195.53         314.           9.84E-01  บ   
     บ    L2N1       14.308    .00561        9266. ๑     17.     26.6  บ   
     บ              709.197    212.62         224.           9.87E-01  บ   
     บ    L2O4       15.178    .02276       37576. ๑     38.    819.2  บ   
     บ              752.227    217.39         224.           9.87E-01  บ   
     บ    L2O1       15.053    .00120        1986. ๑     15.    994.9  บ   
     บ              746.044    216.71         227.           9.87E-01  บ   
     บ    L2M3       12.127    .00090        1483. ๑     17.    604.4  บ   
     บ              601.324    200.17         288.           9.83E-01  บ   
     บ                                                                 บ   
     บ  3 Pb-L3                           2778907. ๑   1795.           บ   
     บ    L3M5       10.552    .69240     1924119. ๑   1243.    225.8  บ   
     บ              523.424    190.67         342.           9.80E-01  บ   
     บ    L3M4       10.450    .07873      218792. ๑    142.    165.4  บ   
     บ              518.379    190.04         307.           9.80E-01  บ   
     บ    L3N5       12.623    .14017      389517. ๑    252.   1188.3  บ   
     บ              625.856    203.07         273.           9.85E-01  บ   
     บ    L3N4       12.601    .01566       43524. ๑     33.   1185.2  บ   
     บ              624.768    202.94         274.           9.84E-01  บ   
     บ    L3M1        9.185    .04029      111967. ๑     75.    173.2  บ   
     บ              455.812    182.02         350.           9.71E-01  บ   
     บ    L3N1       12.143    .01012       28133. ๑     25.    601.7  บ   
     บ              602.115    200.26         288.           9.83E-01  บ   
     บ    L3O1       12.888    .00211        5864. ๑     17.    418.4  บ   
     บ              638.963    204.60         265.           9.85E-01  บ   
     บ    L3O5       13.015    .02051       56990. ๑     40.    187.9  บ   
     บ              645.245    205.33         261.           9.86E-01  บ   
     บ                                                                 บ   
     บ  4 Pile_up                           24864. ๑    160.           บ   
     บ    L3O5       23.168    .29700        7524. ๑     49.      7.7  บ   
     บ             1147.399    257.08          71.           8.67E-01  บ   
     บ               21.104    .16596        4204. ๑     29.      4.5  บ   
     บ             1045.328    247.44         104.           9.27E-01  บ   
     บ    L2N1       25.231    .13288        3366. ๑     23.      8.0  บ   
     บ             1249.471    266.38          50.           7.96E-01  บ   
     บ    L3M5       25.316    .04788        1213. ๑     11.      5.4  บ   
     บ             1253.654    266.75          49.           7.93E-01  บ   
     บ    L3N5       27.380    .04285        1085. ๑      9.      6.1  บ   
     บ             1355.725    275.72          29.           7.19E-01  บ   
     บ    L3M1       21.002    .03774         956. ๑     12.      4.6  บ   
     บ             1040.283    246.95         105.           9.29E-01  บ   
     บ    L3N1       23.066    .03377         856. ๑     10.     10.8  บ   
     บ             1142.354    256.61          72.           8.70E-01  บ   
     บ               23.350    .02009         509. ๑      9.      1.4  บ   
     บ             1156.405    257.92          68.           8.61E-01  บ   
     บ               19.737    .01931         489. ๑     12.     47.7  บ   
     บ              977.716    240.84         130.           9.56E-01  บ   
     บ               25.413    .01798         455. ๑      8.      1.5  บ   
     บ             1258.476    267.18          48.           7.90E-01  บ   
     บ               22.858    .01744         442. ๑      9.     12.5  บ   
     บ             1132.081    255.66          75.           8.77E-01  บ   
     บ               21.801    .01728         438. ๑     10.      2.2  บ   
     บ             1079.787    250.74          92.           9.08E-01  บ   
     บ               25.720    .01696         430. ๑      7.      4.4  บ   
     บ             1273.624    268.53          45.           7.79E-01  บ   
     บ               24.922    .01560         395. ๑      8.     10.4  บ   
     บ             1234.152    265.00          54.           8.07E-01  บ   
     บ               27.783    .01518         384. ๑      6.      5.1  บ   
     บ             1375.695    277.44          26.           7.05E-01  บ   
     บ               23.567    .00983         249. ๑      8.      1.2  บ   
     บ             1167.148    258.91          65.           8.54E-01  บ   
     บ               25.631    .00880         223. ๑      7.      4.4  บ   
     บ             1269.220    268.14          45.           7.82E-01  บ   
     บ               21.901    .00612         155. ๑     10.      2.3  บ   
     บ             1084.748    251.21          90.           9.06E-01  บ   
     บ               23.965    .00548         139. ๑      8.      1.4  บ   
     บ             1186.819    260.71          61.           8.41E-01  บ   
     บ               25.214    .00544         138. ๑      7.      8.5  บ   
     บ             1248.609    266.30          50.           7.97E-01  บ   
     บ               22.694    .00511         129. ๑      9.      6.5  บ   
     บ             1123.979    254.90          78.           8.82E-01  บ   
     บ               24.758    .00457         116. ๑      7.      6.4  บ   
     บ             1226.051    264.27          55.           8.13E-01  บ   
     บ               29.528    .00345          88. ๑      4.      5.4  บ   
     บ             1461.980    284.75          14.           6.44E-01  บ   
     บ               27.562    .00290          73. ๑      5.      8.1  บ   
     บ             1364.731    276.49          27.           7.12E-01  บ   
     บ               23.949    .00279          71. ๑      8.      1.4  บ   
     บ             1186.042    260.64          61.           8.41E-01  บ   
     บ               27.070    .00252          64. ๑      6.      1.9  บ   
     บ             1340.407    274.39          31.           7.30E-01  บ   
     บ               29.932    .00245          62. ๑      4.      4.5  บ   
     บ             1481.950    286.42          13.           6.31E-01  บ   
     บ               23.248    .00228          58. ๑      8.      4.6  บ   
     บ             1151.360    257.45          70.           8.65E-01  บ   
     บ               19.635    .00220          56. ๑     11.     23.5  บ   
     บ              972.671    240.34         132.           9.58E-01  บ   
     บ               20.900    .00215          54. ๑     10.      3.5  บ   
     บ             1035.238    246.47         107.           9.32E-01  บ   
     บ               26.317    .00198          50. ๑      6.      3.4  บ   
     บ             1303.164    271.14          38.           7.57E-01  บ   
     บ               22.756    .00198          50. ๑      9.      8.6  บ   
     บ             1127.036    255.19          77.           8.80E-01  บ   
     บ               25.618    .00193          49. ๑      7.      4.5  บ   
     บ             1268.579    268.08          46.           7.82E-01  บ   
     บ               28.381    .00178          45. ๑      5.      2.1  บ   
     บ             1405.235    279.96          21.           6.84E-01  บ   
     บ               24.860    .00160          41. ๑      7.      8.8  บ   
     บ             1231.100    264.73          54.           8.09E-01  บ   
     บ               26.924    .00143          36. ๑      6.      1.5  บ   
     บ             1333.172    273.76          33.           7.35E-01  บ   
     บ               27.779    .00142          36. ๑      5.      5.1  บ   
     บ             1375.474    277.42          26.           7.05E-01  บ   
     บ               21.983    .00117          30. ๑      9.      2.4  บ   
     บ             1088.793    251.59          89.           9.03E-01  บ   
     บ               23.465    .00112          28. ๑      8.      1.3  บ   
     บ             1162.103    258.44          67.           8.57E-01  บ   
     บ               25.104    .00106          27. ๑      7.      9.6  บ   
     บ             1243.158    265.81          51.           8.01E-01  บ   
     บ               27.966    .00103          26. ๑      5.      4.6  บ   
     บ             1384.701    278.21          24.           6.98E-01  บ   
     บ               21.491    .00101          26. ๑     10.      2.3  บ   
     บ             1064.469    249.28          97.           9.17E-01  บ   
     บ                                                                 บ   
     ศอออออออออออออออออออออออออออออออออออออออออออออออออออออออออออออออออผ   
                                                                           
     ษอออออออออออออออออออออออออออออออออออออออออออออออออออออออออออออออออป   
     บ                         FILTER BACKGROUND                       บ   
     ศอออออออออออออออออออออออออออออออออออออออออออออออออออออออออออออออออผ   
                                                                           
