     ษอออออออออออออออออออออออออออออออออออออออออออออออออออออออออออออออออป   
     บ  AXIL IBM-PC V3.00                       10-08-2014   14:23:36  บ   
     บ  Spectrum: QTD10022.SPE                                     0.s บ   
     ศอออออออออออออออออออออออออออออออออออออออออออออออออออออออออออออออออผ   
     ษอออออออออออออออออออออออออออออออออออออออออออออออออออออออออออออออออป   
     บ  Fitting Region: channels 100 -1980        4 iterations done    บ   
     บ  ChiSquare =    33.3   last change =   .06%    lambda= 1.E-06   บ   
     ฬอออออออออออออออออออออออออออออออออออออออออออออออออออออออออออออออออน   
     บ                        CALIBRATION  DATA                        บ   
     ฬออออออออออออออออหออออออออออออออออออออออออหอออออออออออออออออออออออน   
     บ                บ   Initial estimate     บ    Final estimate     บ   
     ฬออออออออออออออออฮออออออออออออออออออออออออฮอออออออออออออออออออออออน   
     บ  ZERO (eV)     บ      -53.1 ๑   100.0   บ     -53.1 ๑     1.3   บ   
     บ  GAIN (eV/ch)  บ     20.355 ๑   2.000   บ    20.355 ๑    .006   บ   
     บ det NOISE (eV) บ      -55.6 ๑    40.0   บ     -55.6 ๑    -8.6   บ   
     บ  FANO factor   บ       .218 ๑    .050   บ      .218 ๑    .007   บ   
     ศออออออออออออออออสออออออออออออออออออออออออสอออออออออออออออออออออออผ   
     ษอออออออออออออออออออออออออออออออออออออออออออออออออออออออออออออออออป   
     บ                           PEAK  DATA                            บ   
     ฬอออออออออออออออออออออออออออออออออออออออออออออออออออออออออออออออออน   
     บ  # Line       E(KeV)  rel. int.   peak area   st. dev    chi-sq บ   
     บ               chan#   fwhm (eV)      backgr            tot. abs บ   
     ฬอออออออออออออออออออออออออออออออออออออออออออออออออออออออออออออออออน   
     บ                                                                 บ   
     บ  1 Ti-Ka                           1176804. ๑   1085.           บ   
     บ    KA1         4.509   1.00000     1176804. ๑   1085.     63.2  บ   
     บ              224.125    133.87         139.           7.84E-01  บ   
     บ                                                                 บ   
     บ  2 Ti-Kb                            191712. ๑    438.           บ   
     บ    KB1         4.932   1.00000      191712. ๑    438.     29.7  บ   
     บ              244.906    141.04         132.           8.30E-01  บ   
     บ                                                                 บ   
     บ  3 Pile_up                            1904. ๑     47.           บ   
     บ    L1N3        9.018    .73941        1408. ๑     37.     12.3  บ   
     บ              445.643    197.33         115.           9.69E-01  บ   
     บ    L1N2        9.441    .24095         459. ๑     15.      3.8  บ   
     บ              466.424    202.26         108.           9.73E-01  บ   
     บ    L1O3        9.864    .01963          37. ๑     10.      6.3  บ   
     บ              487.206    207.08         102.           9.76E-01  บ   
     บ                                                                 บ   
     ศอออออออออออออออออออออออออออออออออออออออออออออออออออออออออออออออออผ   
                                                                           
     ษอออออออออออออออออออออออออออออออออออออออออออออออออออออออออออออออออป   
     บ                         FILTER BACKGROUND                       บ   
     ศอออออออออออออออออออออออออออออออออออออออออออออออออออออออออออออออออผ   
                                                                           
