     ษอออออออออออออออออออออออออออออออออออออออออออออออออออออออออออออออออป   
     บ  AXIL IBM-PC V3.00                       10-08-2014   14:23:48  บ   
     บ  Spectrum: QTD10046.SPE                                     0.s บ   
     ศอออออออออออออออออออออออออออออออออออออออออออออออออออออออออออออออออผ   
     ษอออออออออออออออออออออออออออออออออออออออออออออออออออออออออออออออออป   
     บ  Fitting Region: channels 100 -1980        3 iterations done    บ   
     บ  ChiSquare =    16.8   last change =   .02%    lambda= 1.E-05   บ   
     ฬอออออออออออออออออออออออออออออออออออออออออออออออออออออออออออออออออน   
     บ                        CALIBRATION  DATA                        บ   
     ฬออออออออออออออออหออออออออออออออออออออออออหอออออออออออออออออออออออน   
     บ                บ   Initial estimate     บ    Final estimate     บ   
     ฬออออออออออออออออฮออออออออออออออออออออออออฮอออออออออออออออออออออออน   
     บ  ZERO (eV)     บ     -113.8 ๑   100.0   บ    -113.8 ๑     6.2   บ   
     บ  GAIN (eV/ch)  บ     20.848 ๑   2.000   บ    20.848 ๑    .045   บ   
     บ det NOISE (eV) บ       87.7 ๑    40.0   บ      87.7 ๑    17.1   บ   
     บ  FANO factor   บ       .121 ๑    .050   บ      .121 ๑    .034   บ   
     ศออออออออออออออออสออออออออออออออออออออออออสอออออออออออออออออออออออผ   
     ษอออออออออออออออออออออออออออออออออออออออออออออออออออออออออออออออออป   
     บ                           PEAK  DATA                            บ   
     ฬอออออออออออออออออออออออออออออออออออออออออออออออออออออออออออออออออน   
     บ  # Line       E(KeV)  rel. int.   peak area   st. dev    chi-sq บ   
     บ               chan#   fwhm (eV)      backgr            tot. abs บ   
     ฬอออออออออออออออออออออออออออออออออออออออออออออออออออออออออออออออออน   
     บ                                                                 บ   
     บ  1 Pd-L1                              4238. ๑     97.           บ   
     บ    L1M3        3.073    .51040        2163. ๑     51.     72.2  บ   
     บ              152.861    124.93         122.           4.88E-01  บ   
     บ    L1M2        3.045    .30011        1272. ๑     31.     71.7  บ   
     บ              151.518    124.64         123.           4.79E-01  บ   
     บ    L1N3        3.553    .18949         803. ๑     21.     53.9  บ   
     บ              175.886    129.78         116.           6.12E-01  บ   
     บ                                                                 บ   
     บ  2 Pd-L2                             10929. ๑    139.           บ   
     บ    L2M4        2.990    .87676        9582. ๑    123.     53.2  บ   
     บ              148.880    124.07         124.           4.60E-01  บ   
     บ    L2N4        3.329    .09802        1071. ๑     17.     91.8  บ   
     บ              165.141    127.54         119.           5.57E-01  บ   
     บ    L2M1        2.660    .01951         213. ๑     11.     17.3  บ   
     บ              133.051    120.60         106.           3.42E-01  บ   
     บ    L2N1        3.244    .00572          62. ๑     11.     75.6  บ   
     บ              161.064    126.68         120.           5.32E-01  บ   
     บ                                                                 บ   
     บ  3 Pd-L3                             24306. ๑    174.           บ   
     บ    L3M5        2.838    .86901       21122. ๑    152.       .8  บ   
     บ              141.589    122.49         105.           4.05E-01  บ   
     บ    L3N5        3.172    .10154        2468. ๑     21.     78.4  บ   
     บ              157.610    125.95         121.           5.16E-01  บ   
     บ    L3M1        2.503    .02201         535. ๑     11.     12.2  บ   
     บ              125.520    118.91         108.           2.79E-01  บ   
     บ    L3N1        3.087    .00744         181. ๑     11.     74.4  บ   
     บ              153.533    125.07         122.           4.93E-01  บ   
     บ                                                                 บ   
     บ  4 Pile_up                               0. ๑      9.           บ   
     บ    L2N4        5.848   1.00000           0. ๑     13.      2.3  บ   
     บ              285.989    150.83         104.           8.94E-01  บ   
     บ                                                                 บ   
     ศอออออออออออออออออออออออออออออออออออออออออออออออออออออออออออออออออผ   
                                                                           
     ษอออออออออออออออออออออออออออออออออออออออออออออออออออออออออออออออออป   
     บ                         FILTER BACKGROUND                       บ   
     ศอออออออออออออออออออออออออออออออออออออออออออออออออออออออออออออออออผ   
                                                                           
