     ษอออออออออออออออออออออออออออออออออออออออออออออออออออออออออออออออออป   
     บ  AXIL IBM-PC V3.00                       10-08-2014   14:24:00  บ   
     บ  Spectrum: QTD10083.SPE                                     0.s บ   
     ศอออออออออออออออออออออออออออออออออออออออออออออออออออออออออออออออออผ   
     ษอออออออออออออออออออออออออออออออออออออออออออออออออออออออออออออออออป   
     บ  Fitting Region: channels 100 -1980        3 iterations done    บ   
     บ  ChiSquare =   188.9   last change =   .01%    lambda= 1.E-05   บ   
     ฬอออออออออออออออออออออออออออออออออออออออออออออออออออออออออออออออออน   
     บ                        CALIBRATION  DATA                        บ   
     ฬออออออออออออออออหออออออออออออออออออออออออหอออออออออออออออออออออออน   
     บ                บ   Initial estimate     บ    Final estimate     บ   
     ฬออออออออออออออออฮออออออออออออออออออออออออฮอออออออออออออออออออออออน   
     บ  ZERO (eV)     บ      -30.3 ๑   100.0   บ     -30.3 ๑      .3   บ   
     บ  GAIN (eV/ch)  บ     20.216 ๑   2.000   บ    20.216 ๑    .001   บ   
     บ det NOISE (eV) บ      114.4 ๑    40.0   บ     114.4 ๑     1.5   บ   
     บ  FANO factor   บ       .104 ๑    .050   บ      .104 ๑    .001   บ   
     ศออออออออออออออออสออออออออออออออออออออออออสอออออออออออออออออออออออผ   
     ษอออออออออออออออออออออออออออออออออออออออออออออออออออออออออออออออออป   
     บ                           PEAK  DATA                            บ   
     ฬอออออออออออออออออออออออออออออออออออออออออออออออออออออออออออออออออน   
     บ  # Line       E(KeV)  rel. int.   peak area   st. dev    chi-sq บ   
     บ               chan#   fwhm (eV)      backgr            tot. abs บ   
     ฬอออออออออออออออออออออออออออออออออออออออออออออออออออออออออออออออออน   
     บ                                                                 บ   
     บ  1 Bi-L1                            290472. ๑    762.           บ   
     บ    L1M3       13.210    .37289      108314. ๑    285.    982.7  บ   
     บ              654.931    205.60         316.           9.86E-01  บ   
     บ    L1M2       12.691    .34774      101009. ๑    266.    520.2  บ   
     บ              629.258    202.80         337.           9.85E-01  บ   
     บ    L1N3       15.710    .10937       31768. ๑     85.    706.6  บ   
     บ              778.593    218.63         251.           9.88E-01  บ   
     บ    L1N2       15.582    .09174       26648. ๑     72.    809.3  บ   
     บ              772.262    217.98         256.           9.88E-01  บ   
     บ    L1O3       16.295    .02172        6309. ๑     22.    153.5  บ   
     บ              807.530    221.56         231.           9.87E-01  บ   
     บ    L1O2       16.271    .01882        5466. ๑     21.    153.5  บ   
     บ              806.343    221.44         232.           9.87E-01  บ   
     บ    L1M5       13.808    .01950        5663. ๑     23.     19.7  บ   
     บ              684.511    208.79         292.           9.86E-01  บ   
     บ    L1M4       13.700    .01302        3782. ๑     20.     49.4  บ   
     บ              679.169    208.22         296.           9.88E-01  บ   
     บ    L1N5       15.951    .00320         931. ๑     16.    243.1  บ   
     บ              790.514    219.84         243.           9.87E-01  บ   
     บ    L1N4       15.904    .00200         582. ๑     16.    349.9  บ   
     บ              788.189    219.60         244.           9.88E-01  บ   
     บ                                                                 บ   
     บ  2 Bi-L2                           1706548. ๑   1541.           บ   
     บ    L2M4       13.024    .77725     1326411. ๑   1198.   1270.4  บ   
     บ              645.730    204.60         323.           9.86E-01  บ   
     บ    L2N4       15.248    .16913      288627. ๑    261.   2107.2  บ   
     บ              755.740    216.28         268.           9.87E-01  บ   
     บ    L2M1       11.712    .02148       36660. ๑     38.    313.2  บ   
     บ              580.832    197.39         380.           9.85E-01  บ   
     บ    L2N1       14.773    .00560        9564. ๑     18.     29.2  บ   
     บ              732.244    213.84         257.           9.87E-01  บ   
     บ    L2O4       15.685    .02444       41702. ๑     41.    712.6  บ   
     บ              777.357    218.50         252.           9.88E-01  บ   
     บ    L2O1       15.551    .00120        2051. ๑     16.    934.9  บ   
     บ              770.728    217.82         257.           9.88E-01  บ   
     บ    L2M3       12.534    .00090        1533. ๑     19.    568.3  บ   
     บ              621.492    201.94         344.           9.84E-01  บ   
     บ                                                                 บ   
     บ  3 Bi-L3                           2907824. ๑   1834.           บ   
     บ    L3M5       10.839    .68965     2005392. ๑   1265.    191.5  บ   
     บ              537.649    192.44         420.           9.82E-01  บ   
     บ    L3M4       10.731    .07843      228061. ๑    145.    178.5  บ   
     บ              532.307    191.82         425.           9.81E-01  บ   
     บ    L3N5       12.980    .14081      409461. ๑    259.   1258.2  บ   
     บ              643.554    204.36         325.           9.86E-01  บ   
     บ    L3N4       12.955    .01576       45817. ๑     34.   1243.4  บ   
     บ              642.317    204.23         326.           9.86E-01  บ   
     บ    L3M1        9.420    .04081      118668. ๑     78.    163.1  บ   
     บ              467.459    184.12         438.           9.73E-01  บ   
     บ    L3N1       12.482    .01032       30012. ๑     27.    556.2  บ   
     บ              618.920    201.65         346.           9.84E-01  บ   
     บ    L3O1       13.259    .00221        6426. ๑     18.    477.2  บ   
     บ              657.355    205.87         314.           9.86E-01  บ   
     บ    L3O5       13.395    .02201       63988. ๑     44.    124.2  บ   
     บ              664.082    206.60         308.           9.87E-01  บ   
     บ                                                                 บ   
     บ  4 Pile_up                           27438. ๑    168.           บ   
     บ               23.851    .29708        8341. ๑     52.      6.8  บ   
     บ             1181.293    256.49          64.           8.45E-01  บ   
     บ    L2N1       21.678    .16723        4695. ๑     30.      7.2  บ   
     บ             1073.800    246.95         102.           9.12E-01  บ   
     บ    L3M5       26.024    .13194        3704. ๑     24.      7.8  บ   
     บ             1288.785    265.68          40.           7.68E-01  บ   
     บ    L3N5       26.087    .04812        1351. ๑     10.      5.2  บ   
     บ             1291.891    265.94          39.           7.65E-01  บ   
     บ    L3M1       28.260    .04274        1200. ๑      9.      7.8  บ   
     บ             1399.384    274.82          19.           6.88E-01  บ   
     บ    L3N1       21.570    .03804        1068. ๑     12.      7.1  บ   
     บ             1068.458    246.47         104.           9.15E-01  บ   
     บ               23.743    .03379         949. ๑     10.     10.8  บ   
     บ             1175.950    256.02          66.           8.48E-01  บ   
     บ               20.259    .01979         556. ๑     12.     52.3  บ   
     บ             1003.609    240.52         134.           9.46E-01  บ   
     บ               24.052    .01914         537. ๑      8.      1.4  บ   
     บ             1191.217    257.35          61.           8.38E-01  บ   
     บ               22.432    .01758         494. ๑     10.      1.8  บ   
     บ             1111.102    250.30          87.           8.90E-01  บ   
     บ               26.225    .01700         477. ๑      7.      1.2  บ   
     บ             1298.710    266.52          38.           7.60E-01  บ   
     บ               23.530    .01685         473. ๑      9.     12.3  บ   
     บ             1165.409    255.10          69.           8.55E-01  บ   
     บ               25.703    .01497         420. ๑      7.     11.2  บ   
     บ             1272.902    264.34          44.           7.79E-01  บ   
     บ               26.535    .01225         344. ๑      6.      1.7  บ   
     บ             1314.042    267.80          34.           7.49E-01  บ   
     บ               28.708    .01088         306. ๑      4.      3.3  บ   
     บ             1421.535    276.62          16.           6.72E-01  บ   
     บ               24.234    .01067         300. ๑      8.      2.3  บ   
     บ             1200.232    258.13          58.           8.31E-01  บ   
     บ               26.407    .00948         266. ๑      6.      1.5  บ   
     บ             1307.725    267.27          36.           7.54E-01  บ   
     บ               22.551    .00611         172. ๑      9.      1.4  บ   
     บ             1116.983    250.83          85.           8.87E-01  บ   
     บ               25.979    .00547         154. ๑      6.      9.5  บ   
     บ             1286.549    265.50          40.           7.69E-01  บ   
     บ               24.724    .00543         152. ๑      7.      2.4  บ   
     บ             1224.475    260.22          52.           8.14E-01  บ   
     บ               23.324    .00526         148. ๑      9.      5.7  บ   
     บ             1155.196    254.21          72.           8.62E-01  บ   
     บ               26.419    .00479         134. ๑      6.      1.5  บ   
     บ             1308.302    267.32          35.           7.53E-01  บ   
     บ               25.497    .00467         131. ๑      7.      5.1  บ   
     บ             1262.688    263.48          46.           7.87E-01  บ   
     บ               28.592    .00425         119. ๑      4.      6.6  บ   
     บ             1415.795    276.15          17.           6.76E-01  บ   
     บ               30.496    .00346          97. ๑      3.      5.2  บ   
     บ             1509.982    283.67           7.           6.13E-01  บ   
     บ               24.668    .00285          80. ๑      7.      2.6  บ   
     บ             1221.700    259.98          52.           8.16E-01  บ   
     บ               28.461    .00275          77. ๑      4.      8.3  บ   
     บ             1409.308    275.63          18.           6.81E-01  บ   
     บ               27.939    .00242          68. ๑      5.       .5  บ   
     บ             1383.500    273.53          22.           6.99E-01  บ   
     บ               20.151    .00225          63. ๑     12.     88.3  บ   
     บ              998.267    240.02         136.           9.48E-01  บ   
     บ               23.944    .00218          61. ๑      8.      3.0  บ   
     บ             1185.875    256.89          63.           8.41E-01  บ   
     บ               21.462    .00216          61. ๑     10.      5.8  บ   
     บ             1063.115    245.98         106.           9.18E-01  บ   
     บ               27.123    .00196          55. ๑      5.      3.1  บ   
     บ             1343.130    270.21          28.           7.28E-01  บ   
     บ               23.422    .00192          54. ๑      8.      9.2  บ   
     บ             1160.067    254.63          70.           8.59E-01  บ   
     บ               30.944    .00176          49. ๑      2.      2.2  บ   
     บ             1532.133    285.41           5.           5.99E-01  บ   
     บ               29.296    .00175          49. ๑      4.      2.4  บ   
     บ             1450.622    278.96          13.           6.52E-01  บ   
     บ               25.612    .00159          45. ๑      7.      9.8  บ   
     บ             1268.395    263.96          45.           7.83E-01  บ   
     บ               28.643    .00154          43. ๑      4.      4.0  บ   
     บ             1418.323    276.36          17.           6.75E-01  บ   
     บ               27.785    .00142          40. ๑      5.      1.1  บ   
     บ             1375.888    272.91          23.           7.05E-01  บ   
     บ               26.427    .00139          39. ๑      6.      1.5  บ   
     บ             1308.700    267.35          35.           7.53E-01  บ   
     บ               24.126    .00121          34. ๑      8.      1.8  บ   
     บ             1194.890    257.67          60.           8.35E-01  บ   
     บ               22.633    .00113          32. ๑      9.      1.6  บ   
     บ             1121.026    251.18          84.           8.84E-01  บ   
     บ                                                                 บ   
     ศอออออออออออออออออออออออออออออออออออออออออออออออออออออออออออออออออผ   
                                                                           
     ษอออออออออออออออออออออออออออออออออออออออออออออออออออออออออออออออออป   
     บ                         FILTER BACKGROUND                       บ   
     ศอออออออออออออออออออออออออออออออออออออออออออออออออออออออออออออออออผ   
                                                                           
