     ษอออออออออออออออออออออออออออออออออออออออออออออออออออออออออออออออออป   
     บ  AXIL IBM-PC V3.00                       10-08-2014   14:23:40  บ   
     บ  Spectrum: QTD10026.SPE                                     0.s บ   
     ศอออออออออออออออออออออออออออออออออออออออออออออออออออออออออออออออออผ   
     ษอออออออออออออออออออออออออออออออออออออออออออออออออออออออออออออออออป   
     บ  Fitting Region: channels 100 -1980        4 iterations done    บ   
     บ  ChiSquare =    93.1   last change =   .06%    lambda= 1.E-06   บ   
     ฬอออออออออออออออออออออออออออออออออออออออออออออออออออออออออออออออออน   
     บ                        CALIBRATION  DATA                        บ   
     ฬออออออออออออออออหออออออออออออออออออออออออหอออออออออออออออออออออออน   
     บ                บ   Initial estimate     บ    Final estimate     บ   
     ฬออออออออออออออออฮออออออออออออออออออออออออฮอออออออออออออออออออออออน   
     บ  ZERO (eV)     บ      -54.4 ๑   100.0   บ     -54.4 ๑      .6   บ   
     บ  GAIN (eV/ch)  บ     20.312 ๑   2.000   บ    20.312 ๑    .002   บ   
     บ det NOISE (eV) บ      -47.4 ๑    40.0   บ     -47.4 ๑    -5.7   บ   
     บ  FANO factor   บ       .182 ๑    .050   บ      .182 ๑    .003   บ   
     ศออออออออออออออออสออออออออออออออออออออออออสอออออออออออออออออออออออผ   
     ษอออออออออออออออออออออออออออออออออออออออออออออออออออออออออออออออออป   
     บ                           PEAK  DATA                            บ   
     ฬอออออออออออออออออออออออออออออออออออออออออออออออออออออออออออออออออน   
     บ  # Line       E(KeV)  rel. int.   peak area   st. dev    chi-sq บ   
     บ               chan#   fwhm (eV)      backgr            tot. abs บ   
     ฬอออออออออออออออออออออออออออออออออออออออออออออออออออออออออออออออออน   
     บ                                                                 บ   
     บ  1 Fe-Ka                           3597910. ๑   1897.           บ   
     บ    KA1         6.399   1.00000     3597910. ๑   1897.    146.1  บ   
     บ              317.720    150.49         202.           9.17E-01  บ   
     บ                                                                 บ   
     บ  2 Fe-Kb                            589163. ๑    768.           บ   
     บ    KB1         7.059   1.00000      589163. ๑    768.     74.8  บ   
     บ              350.214    158.79         185.           9.38E-01  บ   
     บ                                                                 บ   
     บ  3 Pile_up                           18250. ๑    139.           บ   
     บ    L1N3       12.798    .73811       13471. ๑    103.     61.7  บ   
     บ              632.760    218.04         103.           9.85E-01  บ   
     บ    L1N2       13.458    .24204        4417. ๑     35.     10.5  บ   
     บ              665.254    223.85          90.           9.87E-01  บ   
     บ    L1O3       14.118    .01984         362. ๑      9.      1.8  บ   
     บ              697.747    229.52          78.           9.87E-01  บ   
     บ                                                                 บ   
     ศอออออออออออออออออออออออออออออออออออออออออออออออออออออออออออออออออผ   
                                                                           
     ษอออออออออออออออออออออออออออออออออออออออออออออออออออออออออออออออออป   
     บ                         FILTER BACKGROUND                       บ   
     ศอออออออออออออออออออออออออออออออออออออออออออออออออออออออออออออออออผ   
                                                                           
