     ษอออออออออออออออออออออออออออออออออออออออออออออออออออออออออออออออออป   
     บ  AXIL IBM-PC V3.00                       10-08-2014   14:23:44  บ   
     บ  Spectrum: QTD10030.SPE                                     0.s บ   
     ศอออออออออออออออออออออออออออออออออออออออออออออออออออออออออออออออออผ   
     ษอออออออออออออออออออออออออออออออออออออออออออออออออออออออออออออออออป   
     บ  Fitting Region: channels 100 -1980        4 iterations done    บ   
     บ  ChiSquare =   156.4   last change =   .00%    lambda= 1.E-06   บ   
     ฬอออออออออออออออออออออออออออออออออออออออออออออออออออออออออออออออออน   
     บ                        CALIBRATION  DATA                        บ   
     ฬออออออออออออออออหออออออออออออออออออออออออหอออออออออออออออออออออออน   
     บ                บ   Initial estimate     บ    Final estimate     บ   
     ฬออออออออออออออออฮออออออออออออออออออออออออฮอออออออออออออออออออออออน   
     บ  ZERO (eV)     บ      -39.3 ๑   100.0   บ     -39.3 ๑      .4   บ   
     บ  GAIN (eV/ch)  บ     20.247 ๑   2.000   บ    20.247 ๑    .001   บ   
     บ det NOISE (eV) บ      -86.4 ๑    40.0   บ     -86.4 ๑    -2.4   บ   
     บ  FANO factor   บ       .193 ๑    .050   บ      .193 ๑    .002   บ   
     ศออออออออออออออออสออออออออออออออออออออออออสอออออออออออออออออออออออผ   
     ษอออออออออออออออออออออออออออออออออออออออออออออออออออออออออออออออออป   
     บ                           PEAK  DATA                            บ   
     ฬอออออออออออออออออออออออออออออออออออออออออออออออออออออออออออออออออน   
     บ  # Line       E(KeV)  rel. int.   peak area   st. dev    chi-sq บ   
     บ               chan#   fwhm (eV)      backgr            tot. abs บ   
     ฬอออออออออออออออออออออออออออออออออออออออออออออออออออออออออออออออออน   
     บ                                                                 บ   
     บ  1 Zn-Ka                           5975333. ๑   2445.           บ   
     บ    KA1         8.639    .66048     3946565. ๑   1615.    176.6  บ   
     บ              428.627    167.92         305.           9.65E-01  บ   
     บ    KA2         8.616    .33952     2028768. ๑    830.    173.5  บ   
     บ              427.491    167.64         306.           9.65E-01  บ   
     บ                                                                 บ   
     บ  2 Zn-Kb                            956041. ๑    978.           บ   
     บ    KB1         9.572   1.00000      956041. ๑    978.     57.6  บ   
     บ              474.709    179.02         266.           9.74E-01  บ   
     บ                                                                 บ   
     บ  3 Pile_up                           61866. ๑    249.           บ   
     บ    L1N2       17.262    .74313       45975. ๑    186.     19.1  บ   
     บ              854.541    252.57          80.           9.84E-01  บ   
     บ    L1O3       18.203    .23784       14714. ๑     60.      3.5  บ   
     บ              901.008    260.15          61.           9.77E-01  บ   
     บ    L1O2       19.144    .01903        1177. ๑      8.      5.4  บ   
     บ              947.475    267.51          49.           9.66E-01  บ   
     บ                                                                 บ   
     ศอออออออออออออออออออออออออออออออออออออออออออออออออออออออออออออออออผ   
                                                                           
     ษอออออออออออออออออออออออออออออออออออออออออออออออออออออออออออออออออป   
     บ                         FILTER BACKGROUND                       บ   
     ศอออออออออออออออออออออออออออออออออออออออออออออออออออออออออออออออออผ   
                                                                           
