     ษอออออออออออออออออออออออออออออออออออออออออออออออออออออออออออออออออป   
     บ  AXIL IBM-PC V3.00                       10-08-2014   14:23:57  บ   
     บ  Spectrum: QTD10079.SPE                                     0.s บ   
     ศอออออออออออออออออออออออออออออออออออออออออออออออออออออออออออออออออผ   
     ษอออออออออออออออออออออออออออออออออออออออออออออออออออออออออออออออออป   
     บ  Fitting Region: channels 100 -1980        3 iterations done    บ   
     บ  ChiSquare =   145.5   last change =   .00%    lambda= 1.E-05   บ   
     ฬอออออออออออออออออออออออออออออออออออออออออออออออออออออออออออออออออน   
     บ                        CALIBRATION  DATA                        บ   
     ฬออออออออออออออออหออออออออออออออออออออออออหอออออออออออออออออออออออน   
     บ                บ   Initial estimate     บ    Final estimate     บ   
     ฬออออออออออออออออฮออออออออออออออออออออออออฮอออออออออออออออออออออออน   
     บ  ZERO (eV)     บ      -25.1 ๑   100.0   บ     -25.1 ๑      .4   บ   
     บ  GAIN (eV/ch)  บ     20.211 ๑   2.000   บ    20.211 ๑    .001   บ   
     บ det NOISE (eV) บ       82.5 ๑    40.0   บ      82.5 ๑     2.4   บ   
     บ  FANO factor   บ       .131 ๑    .050   บ      .131 ๑    .001   บ   
     ศออออออออออออออออสออออออออออออออออออออออออสอออออออออออออออออออออออผ   
     ษอออออออออออออออออออออออออออออออออออออออออออออออออออออออออออออออออป   
     บ                           PEAK  DATA                            บ   
     ฬอออออออออออออออออออออออออออออออออออออออออออออออออออออออออออออออออน   
     บ  # Line       E(KeV)  rel. int.   peak area   st. dev    chi-sq บ   
     บ               chan#   fwhm (eV)      backgr            tot. abs บ   
     ฬอออออออออออออออออออออออออออออออออออออออออออออออออออออออออออออออออน   
     บ                                                                 บ   
     บ  1 Au-L1                            291973. ๑    836.           บ   
     บ    L1M3       11.610    .39347      114883. ๑    329.   1269.2  บ   
     บ              575.681    197.90         242.           9.85E-01  บ   
     บ    L1M2       11.205    .33922       99043. ๑    284.    481.6  บ   
     บ              555.642    195.03         256.           9.83E-01  บ   
     บ    L1N3       13.809    .11093       32388. ๑     94.    762.5  บ   
     บ              684.483    212.82         175.           9.86E-01  บ   
     บ    L1N2       13.710    .08795       25679. ๑     75.    877.8  บ   
     บ              679.585    212.17         178.           9.88E-01  บ   
     บ    L1O3       14.291    .03558       10388. ๑     33.     94.8  บ   
     บ              708.331    215.96         180.           9.87E-01  บ   
     บ    L1M5       12.147    .01707        4983. ๑     21.     11.6  บ   
     บ              602.250    201.65         224.           9.83E-01  บ   
     บ    L1M4       12.062    .01137        3321. ๑     18.     10.6  บ   
     บ              598.045    201.06         227.           9.83E-01  บ   
     บ    L1N5       14.020    .00270         790. ๑     14.    366.3  บ   
     บ              694.923    214.20         188.           9.86E-01  บ   
     บ    L1N4       13.999    .00170         497. ๑     13.    404.4  บ   
     บ              693.884    214.06         170.           9.86E-01  บ   
     บ                                                                 บ   
     บ  2 Au-L2                           1491523. ๑   1411.           บ   
     บ    L2M4       11.442    .78916     1177053. ๑   1114.    914.2  บ   
     บ              567.368    196.71         248.           9.84E-01  บ   
     บ    L2N4       13.382    .16464      245567. ๑    233.   2058.1  บ   
     บ              663.356    210.01         187.           9.87E-01  บ   
     บ    L2M1       10.308    .02147       32028. ๑     34.    246.1  บ   
     บ              511.260    188.51         257.           9.79E-01  บ   
     บ    L2N1       12.974    .00561        8360. ๑     16.     19.7  บ   
     บ              643.169    207.28         199.           9.86E-01  บ   
     บ    L2O4       13.730    .01722       25679. ๑     28.    836.7  บ   
     บ              680.574    212.30         177.           9.86E-01  บ   
     บ    L2O1       13.626    .00110        1645. ๑     14.   1137.8  บ   
     บ              675.428    211.62         180.           9.87E-01  บ   
     บ    L2M3       10.992    .00080        1190. ๑     16.    845.5  บ   
     บ              545.103    193.50         264.           9.82E-01  บ   
     บ                                                                 บ   
     บ  3 Au-L3                           2355215. ๑   1627.           บ   
     บ    L3M5        9.716    .69991     1648430. ๑   1139.    209.6  บ   
     บ              481.969    184.08         278.           9.75E-01  บ   
     บ    L3M4        9.628    .07954      187345. ๑    130.    162.5  บ   
     บ              477.615    183.41         281.           9.74E-01  บ   
     บ    L3N5       11.585    .13890      327139. ๑    227.   1309.0  บ   
     บ              574.444    197.72         243.           9.85E-01  บ   
     บ    L3N4       11.567    .01543       36346. ๑     30.   1308.9  บ   
     บ              573.553    197.60         244.           9.85E-01  บ   
     บ    L3M1        8.494    .03888       91564. ๑     66.    184.0  บ   
     บ              421.507    174.58         324.           9.63E-01  บ   
     บ    L3N1       11.160    .00977       23006. ๑     23.    560.0  บ   
     บ              553.415    194.70         258.           9.83E-01  บ   
     บ    L3O1       11.811    .00192        4518. ๑     16.    622.1  บ   
     บ              585.626    199.31         236.           9.86E-01  บ   
     บ    L3O5       11.916    .01565       36867. ๑     30.    251.8  บ   
     บ              590.821    200.04         232.           9.86E-01  บ   
     บ                                                                 บ   
     บ  4 Pile_up                           19455. ๑    141.           บ   
     บ    L3O5       21.149    .25239        4975. ๑     37.      4.1  บ   
     บ             1047.653    256.42          49.           9.26E-01  บ   
     บ               19.414    .19674        3878. ๑     29.      4.1  บ   
     บ              961.810    246.81          75.           9.61E-01  บ   
     บ    L2N1       21.297    .10252        2021. ๑     16.      2.6  บ   
     บ             1054.958    257.23          47.           9.22E-01  บ   
     บ    L3M5       22.884    .08095        1595. ๑     13.      5.4  บ   
     บ             1133.497    265.69          32.           8.76E-01  บ   
     บ    L3N5       23.032    .06576        1296. ๑     11.      3.6  บ   
     บ             1140.802    266.46          31.           8.72E-01  บ   
     บ    L3M1       23.089    .05266        1038. ๑      9.      2.4  บ   
     บ             1143.641    266.76          30.           8.70E-01  บ   
     บ    L3N1       24.824    .03378         666. ๑      6.      5.3  บ   
     บ             1229.485    275.68          16.           8.11E-01  บ   
     บ               20.904    .02615         515. ๑      8.      5.9  บ   
     บ             1035.507    255.09          52.           9.32E-01  บ   
     บ               18.201    .01963         387. ๑     10.      2.0  บ   
     บ              901.792    239.87          97.           9.77E-01  บ   
     บ               23.459    .01830         361. ๑      6.      3.2  บ   
     บ             1161.945    268.69          27.           8.58E-01  บ   
     บ               22.639    .01678         331. ๑      6.      7.1  บ   
     บ             1121.351    264.40          35.           8.84E-01  บ   
     บ               24.972    .01372         270. ๑      4.      7.7  บ   
     บ             1236.789    276.42          15.           8.05E-01  บ   
     บ               23.179    .01336         263. ๑      6.      1.7  บ   
     บ             1148.106    267.23          29.           8.67E-01  บ   
     บ               19.936    .01259         248. ๑      8.    119.8  บ   
     บ              987.635    249.74          66.           9.52E-01  บ   
     บ               25.194    .01174         231. ๑      4.      7.9  บ   
     บ             1247.788    277.54          13.           7.98E-01  บ   
     บ               21.623    .00790         156. ๑      7.      2.2  บ   
     บ             1071.106    258.99          43.           9.13E-01  บ   
     บ               20.015    .00687         135. ๑      8.    130.1  บ   
     บ              991.545    250.19          65.           9.51E-01  บ   
     บ               22.786    .00681         134. ๑      6.      5.9  บ   
     บ             1128.655    265.17          33.           8.79E-01  บ   
     บ               20.084    .00511         101. ๑      8.    126.6  บ   
     บ              994.940    250.57          64.           9.49E-01  บ   
     บ               23.358    .00507         100. ๑      5.      3.4  บ   
     บ             1156.950    268.16          28.           8.61E-01  บ   
     บ               25.342    .00477          94. ๑      4.      7.0  บ   
     บ             1255.093    278.28          12.           7.92E-01  บ   
     บ               21.750    .00441          87. ๑      6.      1.9  บ   
     บ             1077.389    259.67          41.           9.10E-01  บ   
     บ               26.764    .00352          69. ๑      2.      3.0  บ   
     บ             1325.472    285.32           6.           7.41E-01  บ   
     บ               24.579    .00350          69. ๑      4.      1.8  บ   
     บ             1217.338    274.43          17.           8.19E-01  บ   
     บ               21.876    .00263          52. ๑      6.      1.4  บ   
     บ             1083.623    260.35          40.           9.06E-01  บ   
     บ               27.134    .00245          48. ๑      2.      2.8  บ   
     บ             1343.776    287.12           5.           7.28E-01  บ   
     บ               23.998    .00223          44. ๑      5.      2.0  บ   
     บ             1188.617    271.47          22.           8.40E-01  บ   
     บ               23.506    .00206          41. ๑      5.      3.1  บ   
     บ             1164.254    268.93          26.           8.56E-01  บ   
     บ               22.681    .00179          35. ๑      6.      7.3  บ   
     บ             1123.454    264.62          34.           8.83E-01  บ   
     บ               21.898    .00179          35. ๑      6.      1.6  บ   
     บ             1084.693    260.46          40.           9.06E-01  บ   
     บ               21.820    .00178          35. ๑      6.      1.6  บ   
     บ             1080.854    260.05          41.           9.08E-01  บ   
     บ               25.733    .00143          28. ๑      3.      1.4  บ   
     บ             1274.460    280.23          10.           7.78E-01  บ   
     บ               19.691    .00130          26. ๑      8.     44.8  บ   
     บ              975.489    248.37          70.           9.57E-01  บ   
     บ               24.948    .00122          24. ๑      4.      7.1  บ   
     บ             1235.642    276.30          15.           8.06E-01  บ   
     บ               24.416    .00115          23. ๑      4.      1.0  บ   
     บ             1209.297    273.61          19.           8.25E-01  บ   
     บ               23.555    .00114          22. ๑      5.      3.2  บ   
     บ             1166.697    269.18          26.           8.54E-01  บ   
     บ               25.298    .00106          21. ๑      4.      7.5  บ   
     บ             1252.937    278.06          13.           7.94E-01  บ   
     บ                                                                 บ   
     ศอออออออออออออออออออออออออออออออออออออออออออออออออออออออออออออออออผ   
                                                                           
     ษอออออออออออออออออออออออออออออออออออออออออออออออออออออออออออออออออป   
     บ                         FILTER BACKGROUND                       บ   
     ศอออออออออออออออออออออออออออออออออออออออออออออออออออออออออออออออออผ   
                                                                           
