     ษอออออออออออออออออออออออออออออออออออออออออออออออออออออออออออออออออป   
     บ  AXIL IBM-PC V3.00                       10-08-2014   14:23:39  บ   
     บ  Spectrum: QTD10025.SPE                                     0.s บ   
     ศอออออออออออออออออออออออออออออออออออออออออออออออออออออออออออออออออผ   
     ษอออออออออออออออออออออออออออออออออออออออออออออออออออออออออออออออออป   
     บ  Fitting Region: channels 100 -1980        4 iterations done    บ   
     บ  ChiSquare =    73.8   last change =   .02%    lambda= 1.E-06   บ   
     ฬอออออออออออออออออออออออออออออออออออออออออออออออออออออออออออออออออน   
     บ                        CALIBRATION  DATA                        บ   
     ฬออออออออออออออออหออออออออออออออออออออออออหอออออออออออออออออออออออน   
     บ                บ   Initial estimate     บ    Final estimate     บ   
     ฬออออออออออออออออฮออออออออออออออออออออออออฮอออออออออออออออออออออออน   
     บ  ZERO (eV)     บ      -52.1 ๑   100.0   บ     -52.1 ๑      .7   บ   
     บ  GAIN (eV/ch)  บ     20.316 ๑   2.000   บ    20.316 ๑    .002   บ   
     บ det NOISE (eV) บ      -69.6 ๑    40.0   บ     -69.6 ๑    -4.6   บ   
     บ  FANO factor   บ       .208 ๑    .050   บ      .208 ๑    .004   บ   
     ศออออออออออออออออสออออออออออออออออออออออออสอออออออออออออออออออออออผ   
     ษอออออออออออออออออออออออออออออออออออออออออออออออออออออออออออออออออป   
     บ                           PEAK  DATA                            บ   
     ฬอออออออออออออออออออออออออออออออออออออออออออออออออออออออออออออออออน   
     บ  # Line       E(KeV)  rel. int.   peak area   st. dev    chi-sq บ   
     บ               chan#   fwhm (eV)      backgr            tot. abs บ   
     ฬอออออออออออออออออออออออออออออออออออออออออออออออออออออออออออออออออน   
     บ                                                                 บ   
     บ  1 Mn-Ka                           2677596. ๑   1636.           บ   
     บ    KA1         5.895   1.00000     2677596. ๑   1636.    119.2  บ   
     บ              292.736    146.00         133.           8.96E-01  บ   
     บ                                                                 บ   
     บ  2 Mn-Kb                            441071. ๑    665.           บ   
     บ    KB1         6.491   1.00000      441071. ๑    665.     48.3  บ   
     บ              322.073    154.79         122.           9.21E-01  บ   
     บ                                                                 บ   
     บ  3 Pile_up                           10267. ๑    105.           บ   
     บ    L1N3       11.790    .73692        7566. ๑     78.     42.0  บ   
     บ              582.908    217.90          76.           9.86E-01  บ   
     บ    L1N2       12.386    .24304        2495. ๑     27.     23.2  บ   
     บ              612.245    223.89          68.           9.84E-01  บ   
     บ    L1O3       12.982    .02004         206. ๑      8.      1.3  บ   
     บ              641.582    229.72          61.           9.86E-01  บ   
     บ                                                                 บ   
     ศอออออออออออออออออออออออออออออออออออออออออออออออออออออออออออออออออผ   
                                                                           
     ษอออออออออออออออออออออออออออออออออออออออออออออออออออออออออออออออออป   
     บ                         FILTER BACKGROUND                       บ   
     ศอออออออออออออออออออออออออออออออออออออออออออออออออออออออออออออออออผ   
                                                                           
