     ษอออออออออออออออออออออออออออออออออออออออออออออออออออออออออออออออออป   
     บ  AXIL IBM-PC V3.00                       10-08-2014   14:23:46  บ   
     บ  Spectrum: QTD10042.SPE                                     0.s บ   
     ศอออออออออออออออออออออออออออออออออออออออออออออออออออออออออออออออออผ   
     ษอออออออออออออออออออออออออออออออออออออออออออออออออออออออออออออออออป   
     บ  Fitting Region: channels 100 -1980        2 iterations done    บ   
     บ  ChiSquare =  3010.2   last change =   .01%    lambda= 1.E-04   บ   
     ฬอออออออออออออออออออออออออออออออออออออออออออออออออออออออออออออออออน   
     บ                        CALIBRATION  DATA                        บ   
     ฬออออออออออออออออหออออออออออออออออออออออออหอออออออออออออออออออออออน   
     บ                บ   Initial estimate     บ    Final estimate     บ   
     ฬออออออออออออออออฮออออออออออออออออออออออออฮอออออออออออออออออออออออน   
     บ  ZERO (eV)     บ      -18.0 ๑   100.0   บ     -18.0 ๑     9.9   บ   
     บ  GAIN (eV/ch)  บ     20.073 ๑   2.000   บ    20.073 ๑    .087   บ   
     บ det NOISE (eV) บ      104.1 ๑    40.0   บ     104.1 ๑    18.3   บ   
     บ  FANO factor   บ       .212 ๑    .050   บ      .212 ๑    .054   บ   
     ศออออออออออออออออสออออออออออออออออออออออออสอออออออออออออออออออออออผ   
     ษอออออออออออออออออออออออออออออออออออออออออออออออออออออออออออออออออป   
     บ                           PEAK  DATA                            บ   
     ฬอออออออออออออออออออออออออออออออออออออออออออออออออออออออออออออออออน   
     บ  # Line       E(KeV)  rel. int.   peak area   st. dev    chi-sq บ   
     บ               chan#   fwhm (eV)      backgr            tot. abs บ   
     ฬอออออออออออออออออออออออออออออออออออออออออออออออออออออออออออออออออน   
     บ                                                                 บ   
     บ  1 Mo-L1                              2448. ๑    204.           บ   
     บ    L1M3        2.468    .76664        1877. ๑    171.      8.7  บ   
     บ              123.846    148.38        4770.           2.64E-01  บ   
     บ    L1N3        2.831    .23336         571. ๑     83.      3.8  บ   
     บ              141.930    153.82        4582.           4.02E-01  บ   
     บ                                                                 บ   
     บ  2 Mo-L2                             16618. ๑    625.           บ   
     บ    L2M4        2.395    .90817       15092. ๑    572.     17.1  บ   
     บ              120.210    147.26        4802.           2.35E-01  บ   
     บ    L2M1        2.120    .02827         470. ๑     70.     68.0  บ   
     บ              106.509    142.97        4593.           1.46E-01  บ   
     บ    L2N1        2.624    .06355        1056. ๑     79.      3.1  บ   
     บ              131.618    150.74        4685.           3.28E-01  บ   
     บ                                                                 บ   
     บ  3 Mo-L3                             29886. ๑    572.           บ   
     บ    L3M5        2.293    .96031       28700. ๑    553.     20.5  บ   
     บ              115.128    145.68        4855.           1.94E-01  บ   
     บ    L3M1        2.061    .02802         837. ๑     62.    198.1  บ   
     บ              103.570    142.03        3545.           1.24E-01  บ   
     บ    L3N1        2.456    .01168         349. ๑     69.      8.7  บ   
     บ              123.248    148.20        4770.           2.59E-01  บ   
     บ                                                                 บ   
     บ  4 Pile_up                              35. ๑     68.           บ   
     บ    L1N5        4.586    .64875          23. ๑     79.       .9  บ   
     บ              229.362    177.79        4264.           7.93E-01  บ   
     บ    L1N4        4.711    .35125          12. ๑     69.      1.2  บ   
     บ              235.591    179.37        4203.           8.08E-01  บ   
     บ                                                                 บ   
     ศอออออออออออออออออออออออออออออออออออออออออออออออออออออออออออออออออผ   
                                                                           
     ษอออออออออออออออออออออออออออออออออออออออออออออออออออออออออออออออออป   
     บ                         FILTER BACKGROUND                       บ   
     ศอออออออออออออออออออออออออออออออออออออออออออออออออออออออออออออออออผ   
                                                                           
