     ษอออออออออออออออออออออออออออออออออออออออออออออออออออออออออออออออออป   
     บ  AXIL IBM-PC V3.00                       10-08-2014   14:23:43  บ   
     บ  Spectrum: QTD10029.SPE                                     0.s บ   
     ศอออออออออออออออออออออออออออออออออออออออออออออออออออออออออออออออออผ   
     ษอออออออออออออออออออออออออออออออออออออออออออออออออออออออออออออออออป   
     บ  Fitting Region: channels 100 -1980        4 iterations done    บ   
     บ  ChiSquare =   142.8   last change =   .01%    lambda= 1.E-06   บ   
     ฬอออออออออออออออออออออออออออออออออออออออออออออออออออออออออออออออออน   
     บ                        CALIBRATION  DATA                        บ   
     ฬออออออออออออออออหออออออออออออออออออออออออหอออออออออออออออออออออออน   
     บ                บ   Initial estimate     บ    Final estimate     บ   
     ฬออออออออออออออออฮออออออออออออออออออออออออฮอออออออออออออออออออออออน   
     บ  ZERO (eV)     บ      -39.4 ๑   100.0   บ     -39.4 ๑      .4   บ   
     บ  GAIN (eV/ch)  บ     20.251 ๑   2.000   บ    20.251 ๑    .001   บ   
     บ det NOISE (eV) บ      -81.1 ๑    40.0   บ     -81.1 ๑    -2.7   บ   
     บ  FANO factor   บ       .193 ๑    .050   บ      .193 ๑    .002   บ   
     ศออออออออออออออออสออออออออออออออออออออออออสอออออออออออออออออออออออผ   
     ษอออออออออออออออออออออออออออออออออออออออออออออออออออออออออออออออออป   
     บ                           PEAK  DATA                            บ   
     ฬอออออออออออออออออออออออออออออออออออออออออออออออออออออออออออออออออน   
     บ  # Line       E(KeV)  rel. int.   peak area   st. dev    chi-sq บ   
     บ               chan#   fwhm (eV)      backgr            tot. abs บ   
     ฬอออออออออออออออออออออออออออออออออออออออออออออออออออออออออออออออออน   
     บ                                                                 บ   
     บ  1 Cu-Ka                           5491307. ๑   2343.           บ   
     บ    KA1         8.048    .66084     3628892. ๑   1549.    178.5  บ   
     บ              399.365    163.31         241.           9.57E-01  บ   
     บ    KA2         8.028    .33916     1862415. ๑    795.    162.5  บ   
     บ              398.377    163.06         242.           9.57E-01  บ   
     บ                                                                 บ   
     บ  2 Cu-Kb                            882152. ๑    940.           บ   
     บ    KB1         8.905   1.00000      882152. ๑    940.     69.4  บ   
     บ              441.684    173.81         244.           9.68E-01  บ   
     บ                                                                 บ   
     บ  3 Pile_up                           50236. ๑    225.           บ   
     บ    L1N2       16.082    .74230       37290. ๑    167.     18.9  บ   
     บ              796.113    244.66          91.           9.87E-01  บ   
     บ    L1O3       16.946    .23854       11983. ๑     54.      4.0  บ   
     บ              838.767    251.84          74.           9.85E-01  บ   
     บ    L1O2       17.810    .01916         963. ๑      9.      1.6  บ   
     บ              881.422    258.83          58.           9.80E-01  บ   
     บ                                                                 บ   
     ศอออออออออออออออออออออออออออออออออออออออออออออออออออออออออออออออออผ   
                                                                           
     ษอออออออออออออออออออออออออออออออออออออออออออออออออออออออออออออออออป   
     บ                         FILTER BACKGROUND                       บ   
     ศอออออออออออออออออออออออออออออออออออออออออออออออออออออออออออออออออผ   
                                                                           
