     ษอออออออออออออออออออออออออออออออออออออออออออออออออออออออออออออออออป   
     บ  AXIL IBM-PC V3.00                       10-08-2014   14:23:37  บ   
     บ  Spectrum: QTD10023.SPE                                     0.s บ   
     ศอออออออออออออออออออออออออออออออออออออออออออออออออออออออออออออออออผ   
     ษอออออออออออออออออออออออออออออออออออออออออออออออออออออออออออออออออป   
     บ  Fitting Region: channels 100 -1980        4 iterations done    บ   
     บ  ChiSquare =    47.3   last change =   .03%    lambda= 1.E-06   บ   
     ฬอออออออออออออออออออออออออออออออออออออออออออออออออออออออออออออออออน   
     บ                        CALIBRATION  DATA                        บ   
     ฬออออออออออออออออหออออออออออออออออออออออออหอออออออออออออออออออออออน   
     บ                บ   Initial estimate     บ    Final estimate     บ   
     ฬออออออออออออออออฮออออออออออออออออออออออออฮอออออออออออออออออออออออน   
     บ  ZERO (eV)     บ      -51.0 ๑   100.0   บ     -51.0 ๑     1.0   บ   
     บ  GAIN (eV/ch)  บ     20.333 ๑   2.000   บ    20.333 ๑    .004   บ   
     บ det NOISE (eV) บ      -71.3 ๑    40.0   บ     -71.3 ๑    -5.7   บ   
     บ  FANO factor   บ       .228 ๑    .050   บ      .228 ๑    .005   บ   
     ศออออออออออออออออสออออออออออออออออออออออออสอออออออออออออออออออออออผ   
     ษอออออออออออออออออออออออออออออออออออออออออออออออออออออออออออออออออป   
     บ                           PEAK  DATA                            บ   
     ฬอออออออออออออออออออออออออออออออออออออออออออออออออออออออออออออออออน   
     บ  # Line       E(KeV)  rel. int.   peak area   st. dev    chi-sq บ   
     บ               chan#   fwhm (eV)      backgr            tot. abs บ   
     ฬอออออออออออออออออออออออออออออออออออออออออออออออออออออออออออออออออน   
     บ                                                                 บ   
     บ  1 V -Ka                           1731473. ๑   1316.           บ   
     บ    KA1         4.950   1.00000     1731473. ๑   1316.     72.3  บ   
     บ              245.951    137.75         147.           8.31E-01  บ   
     บ                                                                 บ   
     บ  2 V -Kb                            282639. ๑    532.           บ   
     บ    KB1         5.427   1.00000      282639. ๑    532.     47.3  บ   
     บ              269.410    145.93         161.           8.69E-01  บ   
     บ                                                                 บ   
     บ  3 Pile_up                            4095. ๑     67.           บ   
     บ    L1N3        9.900    .73888        3026. ๑     51.     17.7  บ   
     บ              489.393    207.46         111.           9.76E-01  บ   
     บ    L1N2       10.377    .24140         989. ๑     19.      6.4  บ   
     บ              512.852    212.98         103.           9.79E-01  บ   
     บ    L1O3       10.854    .01972          81. ๑     10.      1.0  บ   
     บ              536.311    218.35         106.           9.82E-01  บ   
     บ                                                                 บ   
     ศอออออออออออออออออออออออออออออออออออออออออออออออออออออออออออออออออผ   
                                                                           
     ษอออออออออออออออออออออออออออออออออออออออออออออออออออออออออออออออออป   
     บ                         FILTER BACKGROUND                       บ   
     ศอออออออออออออออออออออออออออออออออออออออออออออออออออออออออออออออออผ   
                                                                           
