     ษอออออออออออออออออออออออออออออออออออออออออออออออออออออออออออออออออป   
     บ  AXIL IBM-PC V3.00                       10-08-2014   14:23:54  บ   
     บ  Spectrum: QTD10074.SPE                                     0.s บ   
     ศอออออออออออออออออออออออออออออออออออออออออออออออออออออออออออออออออผ   
     ษอออออออออออออออออออออออออออออออออออออออออออออออออออออออออออออออออป   
     บ  Fitting Region: channels 100 -1980        5 iterations done    บ   
     บ  ChiSquare =    98.8   last change =   .00%    lambda= 1.E-07   บ   
     ฬอออออออออออออออออออออออออออออออออออออออออออออออออออออออออออออออออน   
     บ                        CALIBRATION  DATA                        บ   
     ฬออออออออออออออออหออออออออออออออออออออออออหอออออออออออออออออออออออน   
     บ                บ   Initial estimate     บ    Final estimate     บ   
     ฬออออออออออออออออฮออออออออออออออออออออออออฮอออออออออออออออออออออออน   
     บ  ZERO (eV)     บ      -20.0 ๑   100.0   บ     -20.0 ๑      .5   บ   
     บ  GAIN (eV/ch)  บ     20.202 ๑   2.000   บ    20.202 ๑    .001   บ   
     บ det NOISE (eV) บ       70.2 ๑    40.0   บ      70.2 ๑     3.1   บ   
     บ  FANO factor   บ       .138 ๑    .050   บ      .138 ๑    .002   บ   
     ศออออออออออออออออสออออออออออออออออออออออออสอออออออออออออออออออออออผ   
     ษอออออออออออออออออออออออออออออออออออออออออออออออออออออออออออออออออป   
     บ                           PEAK  DATA                            บ   
     ฬอออออออออออออออออออออออออออออออออออออออออออออออออออออออออออออออออน   
     บ  # Line       E(KeV)  rel. int.   peak area   st. dev    chi-sq บ   
     บ               chan#   fwhm (eV)      backgr            tot. abs บ   
     ฬอออออออออออออออออออออออออออออออออออออออออออออออออออออออออออออออออน   
     บ                                                                 บ   
     บ  1 W -L1                            336021. ๑    863.           บ   
     บ    L1M3        9.819    .41627      139874. ๑    360.   1170.9  บ   
     บ              487.035    184.25         187.           9.76E-01  บ   
     บ    L1M2        9.525    .32896      110537. ๑    284.    572.1  บ   
     บ              472.482    181.87         195.           9.74E-01  บ   
     บ    L1N3       11.674    .11300       37971. ๑     98.    697.0  บ   
     บ              578.858    198.57         158.           9.85E-01  บ   
     บ    L1N2       11.608    .08415       28276. ๑     74.    808.5  บ   
     บ              575.591    198.08         160.           9.85E-01  บ   
     บ    L1O3       12.059    .03006       10101. ๑     29.     56.3  บ   
     บ              597.916    201.42         148.           9.83E-01  บ   
     บ    L1M5       10.291    .01442        4846. ๑     18.     25.8  บ   
     บ              510.399    188.00         174.           9.79E-01  บ   
     บ    L1M4       10.228    .00961        3230. ๑     16.    122.0  บ   
     บ              507.281    187.50         176.           9.78E-01  บ   
     บ    L1N5       11.851    .00353        1186. ๑     13.    332.9  บ   
     บ              587.620    199.88         153.           9.86E-01  บ   
     บ                                                                 บ   
     บ  2 W -L2                           1152051. ๑   1225.           บ   
     บ    L2M4        9.672    .80449      926818. ๑    986.    704.6  บ   
     บ              479.758    183.07         191.           9.75E-01  บ   
     บ    L2N4       11.286    .16044      184833. ๑    197.   1819.5  บ   
     บ              559.652    195.66         168.           9.84E-01  บ   
     บ    L2M1        8.724    .02168       24971. ๑     30.    146.4  บ   
     บ              432.832    175.25         219.           9.66E-01  บ   
     บ    L2N1       10.949    .00553        6376. ๑     15.     29.3  บ   
     บ              542.970    193.10         177.           9.82E-01  บ   
     บ    L2O4       11.539    .00615        7089. ๑     15.   1046.5  บ   
     บ              572.176    197.56         161.           9.85E-01  บ   
     บ    L2O1       11.468    .00101        1162. ๑     13.   1451.7  บ   
     บ              568.661    197.03         163.           9.84E-01  บ   
     บ    L2M3        9.261    .00070         803. ๑     14.    829.6  บ   
     บ              459.413    179.72         203.           9.71E-01  บ   
     บ                                                                 บ   
     บ  3 W -L3                           1540797. ๑   1272.           บ   
     บ    L3M5        8.398    .71392     1100011. ๑    908.    210.6  บ   
     บ              416.694    172.47         229.           9.62E-01  บ   
     บ    L3M4        8.335    .08099      124782. ๑    104.    165.1  บ   
     บ              413.576    171.93         231.           9.61E-01  บ   
     บ    L3N5        9.960    .15201      234215. ๑    194.   1197.8  บ   
     บ              494.014    185.38         183.           9.77E-01  บ   
     บ    L3M1        7.388    .03668       56514. ๑     49.    168.1  บ   
     บ              366.699    163.59         229.           9.45E-01  บ   
     บ    L3N1        9.612    .00920       14173. ๑     18.    709.0  บ   
     บ              476.788    182.58         193.           9.74E-01  บ   
     บ    L3O1       10.129    .00162        2501. ๑     14.    621.4  บ   
     บ              502.380    186.72         178.           9.78E-01  บ   
     บ    L3O5       10.200    .00558        8601. ๑     15.    279.3  บ   
     บ              505.895    187.28         177.           9.78E-01  บ   
     บ                                                                 บ   
     บ  4 Pile_up                           11016. ๑    107.           บ   
     บ    L3N1       18.064    .24756        2759. ๑     28.      3.0  บ   
     บ              895.146    241.49          51.           9.78E-01  บ   
     บ    L3O1       16.783    .16360        1823. ๑     19.      4.6  บ   
     บ              831.765    233.52          65.           9.86E-01  บ   
     บ    L3O5       19.344    .09365        1044. ๑     12.      7.6  บ   
     บ              958.528    249.20          35.           9.62E-01  บ   
     บ               18.352    .06257         697. ๑     10.      1.8  บ   
     บ              909.402    243.25          47.           9.75E-01  บ   
     บ    L2N1       19.678    .04937         550. ๑      8.     32.4  บ   
     บ              975.040    251.17          31.           9.57E-01  บ   
     บ    L3M5       19.632    .04734         528. ๑      8.     18.2  บ   
     บ              972.784    250.90          32.           9.58E-01  บ   
     บ    L3N5       18.211    .03739         417. ๑      8.      2.7  บ   
     บ              902.423    242.39          49.           9.77E-01  บ   
     บ    L3M1       20.958    .03735         416. ๑      6.      7.1  บ   
     บ             1038.422    258.60          20.           9.30E-01  บ   
     บ    L3N1       17.926    .03333         371. ๑      8.      5.0  บ   
     บ              888.359    240.65          53.           9.79E-01  บ   
     บ               19.491    .02829         315. ๑      7.      8.7  บ   
     บ              965.804    250.07          34.           9.60E-01  บ   
     บ               19.207    .02522         281. ๑      7.      8.4  บ   
     บ              951.740    248.39          37.           9.65E-01  บ   
     บ               20.024    .01991         222. ๑      6.    133.2  บ   
     บ              992.212    253.21          28.           9.51E-01  บ   
     บ               15.780    .01510         168. ๑      9.      6.9  บ   
     บ              782.087    227.08          81.           9.88E-01  บ   
     บ               21.305    .01506         168. ๑      4.      7.2  บ   
     บ             1055.593    260.57          17.           9.22E-01  บ   
     บ               17.060    .01142         127. ๑      8.      2.9  บ   
     บ              845.468    235.27          60.           9.85E-01  บ   
     บ               21.246    .00944         105. ๑      4.      7.5  บ   
     บ             1052.678    260.24          17.           9.23E-01  บ   
     บ               19.779    .00715          80. ๑      6.     68.5  บ   
     บ              980.060    251.77          30.           9.55E-01  บ   
     บ               17.116    .00667          74. ๑      8.      2.3  บ   
     บ              848.220    235.62          59.           9.84E-01  บ   
     บ               19.495    .00637          71. ๑      6.      8.7  บ   
     บ              965.996    250.10          34.           9.60E-01  บ   
     บ               19.920    .00598          67. ๑      5.    116.3  บ   
     บ              987.040    252.60          29.           9.53E-01  บ   
     บ               21.105    .00564          63. ๑      4.      8.8  บ   
     บ             1045.698    259.44          18.           9.27E-01  บ   
     บ               18.610    .00512          57. ๑      7.      1.7  บ   
     บ              922.196    244.81          44.           9.73E-01  บ   
     บ               18.396    .00505          56. ๑      7.      1.8  บ   
     บ              911.601    243.52          47.           9.75E-01  บ   
     บ               20.821    .00503          56. ๑      5.      3.8  บ   
     บ             1031.634    257.81          21.           9.34E-01  บ   
     บ               19.890    .00388          43. ๑      5.    104.1  บ   
     บ              985.578    252.42          29.           9.53E-01  บ   
     บ               19.354    .00381          42. ๑      6.      7.6  บ   
     บ              959.017    249.26          35.           9.62E-01  บ   
     บ               21.593    .00381          42. ๑      4.      5.0  บ   
     บ             1069.849    262.20          16.           9.14E-01  บ   
     บ               22.572    .00372          42. ๑      3.      3.1  บ   
     บ             1118.315    267.66           9.           8.86E-01  บ   
     บ               22.919    .00300          33. ๑      3.      2.3  บ   
     บ             1135.487    269.57           7.           8.75E-01  บ   
     บ               17.348    .00289          32. ๑      8.      3.5  บ   
     บ              859.724    237.07          56.           9.83E-01  บ   
     บ               20.451    .00270          30. ๑      5.     19.6  บ   
     บ             1013.304    255.68          24.           9.42E-01  บ   
     บ               18.674    .00228          25. ๑      7.      2.6  บ   
     บ              925.362    245.20          43.           9.72E-01  บ   
     บ               21.452    .00228          25. ๑      4.      6.7  บ   
     บ             1062.870    261.40          16.           9.18E-01  บ   
     บ               19.638    .00214          24. ๑      6.     21.6  บ   
     บ              973.081    250.94          32.           9.58E-01  บ   
     บ               21.731    .00204          23. ๑      4.      3.9  บ   
     บ             1076.685    262.98          15.           9.10E-01  บ   
     บ               21.168    .00203          23. ๑      4.      8.5  บ   
     บ             1048.806    259.79          18.           9.25E-01  บ   
     บ               17.207    .00173          19. ๑      8.      1.9  บ   
     บ              852.745    236.19          58.           9.84E-01  บ   
     บ               19.341    .00170          19. ๑      6.      7.6  บ   
     บ              958.358    249.18          35.           9.63E-01  บ   
     บ               19.070    .00170          19. ๑      6.      9.6  บ   
     บ              944.953    247.57          38.           9.67E-01  บ   
     บ               16.923    .00154          17. ๑      8.      5.3  บ   
     บ              838.681    234.40          62.           9.85E-01  บ   
     บ               20.621    .00129          14. ๑      5.      2.3  บ   
     บ             1021.740    256.66          22.           9.38E-01  บ   
     บ               18.684    .00128          14. ๑      7.      2.6  บ   
     บ              925.857    245.26          43.           9.72E-01  บ   
     บ               20.010    .00101          11. ๑      5.    130.8  บ   
     บ              991.495    253.12          28.           9.51E-01  บ   
     บ                                                                 บ   
     ศอออออออออออออออออออออออออออออออออออออออออออออออออออออออออออออออออผ   
                                                                           
     ษอออออออออออออออออออออออออออออออออออออออออออออออออออออออออออออออออป   
     บ                         FILTER BACKGROUND                       บ   
     ศอออออออออออออออออออออออออออออออออออออออออออออออออออออออออออออออออผ   
                                                                           
