     ษอออออออออออออออออออออออออออออออออออออออออออออออออออออออออออออออออป   
     บ  AXIL IBM-PC V3.00                       10-08-2014   14:23:47  บ   
     บ  Spectrum: QTD10045.SPE                                     0.s บ   
     ศอออออออออออออออออออออออออออออออออออออออออออออออออออออออออออออออออผ   
     ษอออออออออออออออออออออออออออออออออออออออออออออออออออออออออออออออออป   
     บ  Fitting Region: channels 100 -1980        4 iterations done    บ   
     บ  ChiSquare =    57.6   last change =   .06%    lambda= 1.E-04   บ   
     ฬอออออออออออออออออออออออออออออออออออออออออออออออออออออออออออออออออน   
     บ                        CALIBRATION  DATA                        บ   
     ฬออออออออออออออออหออออออออออออออออออออออออหอออออออออออออออออออออออน   
     บ                บ   Initial estimate     บ    Final estimate     บ   
     ฬออออออออออออออออฮออออออออออออออออออออออออฮอออออออออออออออออออออออน   
     บ  ZERO (eV)     บ      -67.6 ๑   100.0   บ     -67.6 ๑     6.7   บ   
     บ  GAIN (eV/ch)  บ     20.541 ๑   2.000   บ    20.541 ๑    .050   บ   
     บ det NOISE (eV) บ       56.5 ๑    40.0   บ      56.5 ๑    30.3   บ   
     บ  FANO factor   บ       .199 ๑    .050   บ      .199 ๑    .041   บ   
     ศออออออออออออออออสออออออออออออออออออออออออสอออออออออออออออออออออออผ   
     ษอออออออออออออออออออออออออออออออออออออออออออออออออออออออออออออออออป   
     บ                           PEAK  DATA                            บ   
     ฬอออออออออออออออออออออออออออออออออออออออออออออออออออออออออออออออออน   
     บ  # Line       E(KeV)  rel. int.   peak area   st. dev    chi-sq บ   
     บ               chan#   fwhm (eV)      backgr            tot. abs บ   
     ฬอออออออออออออออออออออออออออออออออออออออออออออออออออออออออออออออออน   
     บ                                                                 บ   
     บ  1 Rh-L1                              3368. ๑     89.           บ   
     บ    L1M3        2.916    .51082        1721. ๑     47.     44.5  บ   
     บ              145.248    124.74         161.           4.34E-01  บ   
     บ    L1M2        2.892    .29794        1004. ๑     29.     43.7  บ   
     บ              144.079    124.33         161.           4.25E-01  บ   
     บ    L1N3        3.364    .19124         644. ๑     21.     30.8  บ   
     บ              167.057    132.14         153.           5.66E-01  บ   
     บ                                                                 บ   
     บ  2 Rh-L2                              7644. ๑    125.           บ   
     บ    L2M4        2.834    .88581        6771. ๑    112.     34.0  บ   
     บ              141.256    123.34         162.           4.03E-01  บ   
     บ    L2N4        3.144    .08938         683. ๑     17.     48.2  บ   
     บ              156.347    128.56         157.           5.11E-01  บ   
     บ    L2M1        2.519    .01886         144. ๑     12.     11.0  บ   
     บ              125.921    117.79         140.           2.85E-01  บ   
     บ    L2N1        3.065    .00594          45. ๑     13.     55.0  บ   
     บ              152.501    127.25         158.           4.85E-01  บ   
     บ                                                                 บ   
     บ  3 Rh-L3                             17379. ๑    154.           บ   
     บ    L3M5        2.696    .88188       15327. ๑    136.      2.9  บ   
     บ              134.538    120.94         165.           3.57E-01  บ   
     บ    L3N5        3.001    .09006        1565. ๑     19.     49.7  บ   
     บ              149.386    126.18         159.           4.64E-01  บ   
     บ    L3M1        2.377    .02068         359. ๑     12.     12.4  บ   
     บ              119.008    115.21         142.           2.27E-01  บ   
     บ    L3N1        2.923    .00738         128. ๑     13.     44.5  บ   
     บ              145.589    124.86         161.           4.36E-01  บ   
     บ                                                                 บ   
     บ  4 Pile_up                               0. ๑      0.           บ   
     บ                                                                 บ   
     ศอออออออออออออออออออออออออออออออออออออออออออออออออออออออออออออออออผ   
                                                                           
     ษอออออออออออออออออออออออออออออออออออออออออออออออออออออออออออออออออป   
     บ                         FILTER BACKGROUND                       บ   
     ศอออออออออออออออออออออออออออออออออออออออออออออออออออออออออออออออออผ   
                                                                           
