     ษอออออออออออออออออออออออออออออออออออออออออออออออออออออออออออออออออป   
     บ  AXIL IBM-PC V3.00                       10-08-2014   14:23:38  บ   
     บ  Spectrum: QTD10024.SPE                                     0.s บ   
     ศอออออออออออออออออออออออออออออออออออออออออออออออออออออออออออออออออผ   
     ษอออออออออออออออออออออออออออออออออออออออออออออออออออออออออออออออออป   
     บ  Fitting Region: channels 100 -1980        4 iterations done    บ   
     บ  ChiSquare =    58.5   last change =   .04%    lambda= 1.E-06   บ   
     ฬอออออออออออออออออออออออออออออออออออออออออออออออออออออออออออออออออน   
     บ                        CALIBRATION  DATA                        บ   
     ฬออออออออออออออออหออออออออออออออออออออออออหอออออออออออออออออออออออน   
     บ                บ   Initial estimate     บ    Final estimate     บ   
     ฬออออออออออออออออฮออออออออออออออออออออออออฮอออออออออออออออออออออออน   
     บ  ZERO (eV)     บ      -49.0 ๑   100.0   บ     -49.0 ๑      .8   บ   
     บ  GAIN (eV/ch)  บ     20.315 ๑   2.000   บ    20.315 ๑    .003   บ   
     บ det NOISE (eV) บ      -73.4 ๑    40.0   บ     -73.4 ๑    -4.8   บ   
     บ  FANO factor   บ       .220 ๑    .050   บ      .220 ๑    .004   บ   
     ศออออออออออออออออสออออออออออออออออออออออออสอออออออออออออออออออออออผ   
     ษอออออออออออออออออออออออออออออออออออออออออออออออออออออออออออออออออป   
     บ                           PEAK  DATA                            บ   
     ฬอออออออออออออออออออออออออออออออออออออออออออออออออออออออออออออออออน   
     บ  # Line       E(KeV)  rel. int.   peak area   st. dev    chi-sq บ   
     บ               chan#   fwhm (eV)      backgr            tot. abs บ   
     ฬอออออออออออออออออออออออออออออออออออออออออออออออออออออออออออออออออน   
     บ                                                                 บ   
     บ  1 Cr-Ka                           2239686. ๑   1497.           บ   
     บ    KA1         5.412   1.00000     2239686. ๑   1497.     94.5  บ   
     บ              268.818    141.68         113.           8.68E-01  บ   
     บ                                                                 บ   
     บ  2 Cr-Kb                            370735. ๑    609.           บ   
     บ    KB1         5.947   1.00000      370735. ๑    609.     38.9  บ   
     บ              295.154    150.29         123.           8.98E-01  บ   
     บ                                                                 บ   
     บ  3 Pile_up                            6714. ๑     85.           บ   
     บ    L1N3       10.824    .73595        4941. ๑     63.     34.6  บ   
     บ              535.225    213.38          76.           9.82E-01  บ   
     บ    L1N2       11.359    .24385        1637. ๑     22.      6.0  บ   
     บ              561.561    219.20          77.           9.84E-01  บ   
     บ    L1O3       11.894    .02020         136. ๑      9.      1.2  บ   
     บ              587.896    224.87          70.           9.86E-01  บ   
     บ                                                                 บ   
     ศอออออออออออออออออออออออออออออออออออออออออออออออออออออออออออออออออผ   
                                                                           
     ษอออออออออออออออออออออออออออออออออออออออออออออออออออออออออออออออออป   
     บ                         FILTER BACKGROUND                       บ   
     ศอออออออออออออออออออออออออออออออออออออออออออออออออออออออออออออออออผ   
                                                                           
