     ษอออออออออออออออออออออออออออออออออออออออออออออออออออออออออออออออออป   
     บ  AXIL IBM-PC V3.00                       10-08-2014   14:23:49  บ   
     บ  Spectrum: QTD10047.SPE                                     0.s บ   
     ศอออออออออออออออออออออออออออออออออออออออออออออออออออออออออออออออออผ   
     ษอออออออออออออออออออออออออออออออออออออออออออออออออออออออออออออออออป   
     บ  Fitting Region: channels 100 -1980        3 iterations done    บ   
     บ  ChiSquare =    12.1   last change =   .04%    lambda= 1.E-05   บ   
     ฬอออออออออออออออออออออออออออออออออออออออออออออออออออออออออออออออออน   
     บ                        CALIBRATION  DATA                        บ   
     ฬออออออออออออออออหออออออออออออออออออออออออหอออออออออออออออออออออออน   
     บ                บ   Initial estimate     บ    Final estimate     บ   
     ฬออออออออออออออออฮออออออออออออออออออออออออฮอออออออออออออออออออออออน   
     บ  ZERO (eV)     บ     -101.1 ๑   100.0   บ    -101.1 ๑     5.4   บ   
     บ  GAIN (eV/ch)  บ     20.735 ๑   2.000   บ    20.735 ๑    .037   บ   
     บ det NOISE (eV) บ       44.8 ๑    40.0   บ      44.8 ๑    31.0   บ   
     บ  FANO factor   บ       .208 ๑    .050   บ      .208 ๑    .030   บ   
     ศออออออออออออออออสออออออออออออออออออออออออสอออออออออออออออออออออออผ   
     ษอออออออออออออออออออออออออออออออออออออออออออออออออออออออออออออออออป   
     บ                           PEAK  DATA                            บ   
     ฬอออออออออออออออออออออออออออออออออออออออออออออออออออออออออออออออออน   
     บ  # Line       E(KeV)  rel. int.   peak area   st. dev    chi-sq บ   
     บ               chan#   fwhm (eV)      backgr            tot. abs บ   
     ฬอออออออออออออออออออออออออออออออออออออออออออออออออออออออออออออออออน   
     บ                                                                 บ   
     บ  1 Ag-L1                              5921. ๑    114.           บ   
     บ    L1M3        3.234    .50249        2975. ๑     58.    102.2  บ   
     บ              160.842    127.83         120.           5.29E-01  บ   
     บ    L1M2        3.203    .29798        1764. ๑     36.    101.1  บ   
     บ              159.347    127.29         121.           5.19E-01  บ   
     บ    L1N3        3.747    .19079        1130. ๑     24.     66.3  บ   
     บ              185.582    136.43         113.           6.57E-01  บ   
     บ    L1M5        3.437    .00874          52. ๑     11.     75.0  บ   
     บ              170.632    131.30         118.           5.83E-01  บ   
     บ                                                                 บ   
     บ  2 Ag-L2                             14009. ๑    155.           บ   
     บ    L2M4        3.151    .86735       12151. ๑    135.     69.5  บ   
     บ              156.839    126.38         121.           5.10E-01  บ   
     บ    L2N4        3.520    .10722        1502. ๑     20.     97.8  บ   
     บ              174.635    132.70         116.           6.04E-01  บ   
     บ    L2M1        2.806    .01981         278. ๑     11.     19.8  บ   
     บ              140.201    120.18         105.           3.93E-01  บ   
     บ    L2N1        3.428    .00563          79. ๑     11.     75.0  บ   
     บ              170.198    131.15         118.           5.80E-01  บ   
     บ                                                                 บ   
     บ  3 Ag-L3                             32685. ๑    196.           บ   
     บ    L3M5        2.984    .86034       28120. ๑    169.      5.2  บ   
     บ              148.785    123.42         124.           4.58E-01  บ   
     บ    L3N5        3.348    .10933        3574. ๑     24.     73.5  บ   
     บ              166.340    129.79         119.           5.62E-01  บ   
     บ    L3M1        2.634    .02306         754. ๑     11.     13.8  บ   
     บ              131.906    116.97         107.           3.32E-01  บ   
     บ    L3N1        3.256    .00727         238. ๑     11.    102.1  บ   
     บ              161.903    128.21         120.           5.35E-01  บ   
     บ                                                                 บ   
     บ  4 Pile_up                              73. ๑     15.           บ   
     บ    L2M1        6.156    .54475          40. ๑     13.       .9  บ   
     บ              301.775    171.15         113.           9.08E-01  บ   
     บ    L2N1        5.968    .45525          33. ๑     12.       .9  บ   
     บ              292.694    168.70         101.           8.99E-01  บ   
     บ                                                                 บ   
     ศอออออออออออออออออออออออออออออออออออออออออออออออออออออออออออออออออผ   
                                                                           
     ษอออออออออออออออออออออออออออออออออออออออออออออออออออออออออออออออออป   
     บ                         FILTER BACKGROUND                       บ   
     ศอออออออออออออออออออออออออออออออออออออออออออออออออออออออออออออออออผ   
                                                                           
