     ษอออออออออออออออออออออออออออออออออออออออออออออออออออออออออออออออออป   
     บ  AXIL IBM-PC V3.00                       10-08-2014   14:23:55  บ   
     บ  Spectrum: QTD10078.SPE                                     0.s บ   
     ศอออออออออออออออออออออออออออออออออออออออออออออออออออออออออออออออออผ   
     ษอออออออออออออออออออออออออออออออออออออออออออออออออออออออออออออออออป   
     บ  Fitting Region: channels 100 -1980        3 iterations done    บ   
     บ  ChiSquare =   139.5   last change =   .02%    lambda= 1.E-05   บ   
     ฬอออออออออออออออออออออออออออออออออออออออออออออออออออออออออออออออออน   
     บ                        CALIBRATION  DATA                        บ   
     ฬออออออออออออออออหออออออออออออออออออออออออหอออออออออออออออออออออออน   
     บ                บ   Initial estimate     บ    Final estimate     บ   
     ฬออออออออออออออออฮออออออออออออออออออออออออฮอออออออออออออออออออออออน   
     บ  ZERO (eV)     บ      -29.5 ๑   100.0   บ     -29.5 ๑      .4   บ   
     บ  GAIN (eV/ch)  บ     20.217 ๑   2.000   บ    20.217 ๑    .001   บ   
     บ det NOISE (eV) บ       76.4 ๑    40.0   บ      76.4 ๑     2.6   บ   
     บ  FANO factor   บ       .136 ๑    .050   บ      .136 ๑    .001   บ   
     ศออออออออออออออออสออออออออออออออออออออออออสอออออออออออออออออออออออผ   
     ษอออออออออออออออออออออออออออออออออออออออออออออออออออออออออออออออออป   
     บ                           PEAK  DATA                            บ   
     ฬอออออออออออออออออออออออออออออออออออออออออออออออออออออออออออออออออน   
     บ  # Line       E(KeV)  rel. int.   peak area   st. dev    chi-sq บ   
     บ               chan#   fwhm (eV)      backgr            tot. abs บ   
     ฬอออออออออออออออออออออออออออออออออออออออออออออออออออออออออออออออออน   
     บ                                                                 บ   
     บ  1 Pt-L1                            318574. ๑    861.           บ   
     บ    L1M3       11.231    .39992      127404. ๑    345.   1608.7  บ   
     บ              556.984    196.19         255.           9.83E-01  บ   
     บ    L1M2       10.854    .33846      107824. ๑    292.    549.9  บ   
     บ              538.336    193.37         268.           9.82E-01  บ   
     บ    L1N3       13.361    .11195       35663. ๑     97.    867.3  บ   
     บ              662.341    211.39         185.           9.87E-01  บ   
     บ    L1N2       13.270    .08745       27859. ๑     77.   1082.6  บ   
     บ              657.840    210.76         188.           9.86E-01  บ   
     บ    L1O3       13.822    .03448       10984. ๑     33.     94.1  บ   
     บ              685.144    214.53         191.           9.86E-01  บ   
     บ    L1M5       11.758    .01663        5298. ๑     21.     12.0  บ   
     บ              583.051    200.06         236.           9.85E-01  บ   
     บ    L1M4       11.676    .01112        3542. ๑     18.     18.5  บ   
     บ              578.995    199.46         239.           9.85E-01  บ   
     บ                                                                 บ   
     บ  2 Pt-L2                           1459028. ๑   1371.           บ   
     บ    L2M4       11.071    .79220     1155847. ๑   1086.    910.8  บ   
     บ              549.070    195.00         260.           9.83E-01  บ   
     บ    L2N4       12.943    .16358      238668. ๑    225.   2079.0  บ   
     บ              641.665    208.49         198.           9.86E-01  บ   
     บ    L2M1        9.975    .02146       31310. ๑     34.    247.5  บ   
     บ              494.858    186.65         269.           9.77E-01  บ   
     บ    L2N1       12.552    .00561        8179. ๑     16.     21.7  บ   
     บ              622.325    205.75         210.           9.84E-01  บ   
     บ    L2O4       13.271    .01525       22250. ๑     25.   1082.6  บ   
     บ              657.889    210.77         188.           9.86E-01  บ   
     บ    L2O1       13.173    .00110        1610. ๑     14.   1405.2  บ   
     บ              653.042    210.09         191.           9.86E-01  บ   
     บ    L2M3       10.627    .00080        1164. ๑     17.    858.1  บ   
     บ              527.108    191.66         276.           9.81E-01  บ   
     บ                                                                 บ   
     บ  3 Pt-L3                           2158140. ๑   1539.           บ   
     บ    L3M5        9.442    .71362     1540102. ๑   1098.    227.8  บ   
     บ              468.494    182.45         288.           9.73E-01  บ   
     บ    L3M4        9.362    .08105      174906. ๑    126.    159.5  บ   
     บ              464.537    181.81         291.           9.72E-01  บ   
     บ    L3N5       11.251    .14054      303309. ๑    217.   1570.4  บ   
     บ              557.973    196.34         254.           9.84E-01  บ   
     บ    L3M1        8.268    .03904       84257. ๑     63.    160.6  บ   
     บ              410.423    172.84         334.           9.60E-01  บ   
     บ    L3N1       10.842    .00978       21097. ๑     22.    545.9  บ   
     บ              537.742    193.28         269.           9.82E-01  บ   
     บ    L3O1       11.462    .00192        4144. ๑     16.    835.0  บ   
     บ              568.410    197.89         246.           9.84E-01  บ   
     บ    L3O5       11.561    .01405       30324. ๑     27.    205.1  บ   
     บ              573.307    198.62         242.           9.85E-01  บ   
     บ                                                                 บ   
     บ  4 Pile_up                           17510. ๑    135.           บ   
     บ    L3O5       20.505    .25605        4529. ๑     36.      7.8  บ   
     บ             1015.700    255.85          55.           9.41E-01  บ   
     บ    L3N1       18.868    .18984        3358. ๑     27.      4.6  บ   
     บ              934.721    246.37          81.           9.69E-01  บ   
     บ    L3O1       20.679    .09533        1686. ๑     15.      1.7  บ   
     บ             1024.311    256.84          52.           9.37E-01  บ   
     บ    L3O5       22.142    .08634        1527. ๑     13.      6.4  บ   
     บ             1096.680    264.99          37.           8.99E-01  บ   
     บ               22.316    .06429        1137. ๑     11.      2.8  บ   
     บ             1105.291    265.94          35.           8.94E-01  บ   
     บ    L2N1       22.377    .05287         935. ๑      9.      2.2  บ   
     บ             1108.296    266.27          35.           8.92E-01  บ   
     บ    L3M5       24.014    .03566         631. ๑      7.      3.3  บ   
     บ             1189.276    275.07          19.           8.39E-01  บ   
     บ    L3N5       20.286    .02852         504. ๑      9.     69.2  บ   
     บ             1004.870    254.60          58.           9.45E-01  บ   
     บ    L3M1       22.739    .01934         342. ๑      6.      3.7  บ   
     บ             1126.231    268.25          31.           8.81E-01  บ   
     บ    L3N1       21.923    .01923         340. ๑      7.      7.4  บ   
     บ             1085.849    263.78          40.           9.05E-01  บ   
     บ               17.702    .01865         330. ๑     11.      1.1  บ   
     บ              877.054    239.39         104.           9.81E-01  บ   
     บ               24.188    .01327         235. ๑      5.      3.9  บ   
     บ             1197.887    275.99          18.           8.33E-01  บ   
     บ               24.377    .01304         231. ๑      4.      4.1  บ   
     บ             1207.211    276.98          17.           8.26E-01  บ   
     บ               19.339    .01258         222. ๑      9.      7.2  บ   
     บ              958.034    249.13          72.           9.63E-01  บ   
     บ               22.490    .01197         212. ๑      6.      2.2  บ   
     บ             1113.902    266.89          34.           8.88E-01  บ   
     บ               20.983    .00763         135. ๑      7.      1.3  บ   
     บ             1039.349    258.55          48.           9.30E-01  บ   
     บ               22.097    .00716         127. ๑      6.      6.6  บ   
     บ             1094.460    264.74          38.           9.00E-01  บ   
     บ               19.409    .00694         123. ๑      9.     10.8  บ   
     บ              961.488    249.54          71.           9.61E-01  บ   
     บ               22.620    .00515          91. ๑      6.      3.3  บ   
     บ             1120.328    267.60          32.           8.84E-01  บ   
     บ               24.551    .00485          86. ๑      4.      3.3  บ   
     บ             1215.822    277.89          16.           8.20E-01  บ   
     บ               19.513    .00468          83. ๑      8.     18.5  บ   
     บ              966.645    250.15          70.           9.60E-01  บ   
     บ               21.046    .00468          83. ๑      7.       .9  บ   
     บ             1042.468    258.91          47.           9.28E-01  บ   
     บ               23.795    .00397          70. ๑      5.      1.4  บ   
     บ             1178.445    273.91          21.           8.46E-01  บ   
     บ               25.886    .00368          65. ๑      3.      4.9  บ   
     บ             1281.871    284.79           8.           7.73E-01  บ   
     บ               26.249    .00269          48. ๑      3.      4.7  บ   
     บ             1299.806    286.64           7.           7.60E-01  บ   
     บ               21.211    .00260          46. ๑      7.       .9  บ   
     บ             1050.629    259.83          45.           9.24E-01  บ   
     บ               23.256    .00243          43. ๑      5.      1.7  บ   
     บ             1151.774    271.03          26.           8.64E-01  บ   
     บ               21.159    .00196          35. ๑      7.       .9  บ   
     บ             1048.057    259.54          46.           9.25E-01  บ   
     บ               22.794    .00192          34. ๑      6.      3.6  บ   
     บ             1128.939    268.54          30.           8.79E-01  บ   
     บ               21.986    .00181          32. ๑      6.      7.5  บ   
     บ             1088.956    264.13          39.           9.03E-01  บ   
     บ               21.220    .00174          31. ๑      7.      1.0  บ   
     บ             1051.079    259.88          45.           9.24E-01  บ   
     บ               24.893    .00164          29. ๑      4.      1.9  บ   
     บ             1232.754    279.68          13.           8.08E-01  บ   
     บ               24.158    .00145          26. ๑      4.      3.8  บ   
     บ             1196.380    275.83          18.           8.34E-01  บ   
     บ               19.120    .00140          25. ๑      9.      5.3  บ   
     บ              947.203    247.85          76.           9.66E-01  บ   
     บ               22.796    .00132          23. ๑      5.      3.6  บ   
     บ             1129.036    268.55          30.           8.79E-01  บ   
     บ               23.623    .00122          22. ๑      5.      1.0  บ   
     บ             1169.935    272.99          23.           8.52E-01  บ   
     บ               21.704    .00107          19. ๑      7.      5.1  บ   
     บ             1075.018    262.58          43.           9.11E-01  บ   
     บ               24.492    .00106          19. ๑      4.      3.7  บ   
     บ             1212.924    277.58          16.           8.22E-01  บ   
     บ                                                                 บ   
     ศอออออออออออออออออออออออออออออออออออออออออออออออออออออออออออออออออผ   
                                                                           
     ษอออออออออออออออออออออออออออออออออออออออออออออออออออออออออออออออออป   
     บ                         FILTER BACKGROUND                       บ   
     ศอออออออออออออออออออออออออออออออออออออออออออออออออออออออออออออออออผ   
                                                                           
