     ษอออออออออออออออออออออออออออออออออออออออออออออออออออออออออออออออออป   
     บ  AXIL IBM-PC V3.00                       10-08-2014   14:23:42  บ   
     บ  Spectrum: QTD10028.SPE                                     0.s บ   
     ศอออออออออออออออออออออออออออออออออออออออออออออออออออออออออออออออออผ   
     ษอออออออออออออออออออออออออออออออออออออออออออออออออออออออออออออออออป   
     บ  Fitting Region: channels 100 -1980        4 iterations done    บ   
     บ  ChiSquare =   125.9   last change =   .02%    lambda= 1.E-06   บ   
     ฬอออออออออออออออออออออออออออออออออออออออออออออออออออออออออออออออออน   
     บ                        CALIBRATION  DATA                        บ   
     ฬออออออออออออออออหออออออออออออออออออออออออหอออออออออออออออออออออออน   
     บ                บ   Initial estimate     บ    Final estimate     บ   
     ฬออออออออออออออออฮออออออออออออออออออออออออฮอออออออออออออออออออออออน   
     บ  ZERO (eV)     บ      -42.3 ๑   100.0   บ     -42.3 ๑      .4   บ   
     บ  GAIN (eV/ch)  บ     20.262 ๑   2.000   บ    20.262 ๑    .001   บ   
     บ det NOISE (eV) บ      -73.7 ๑    40.0   บ     -73.7 ๑    -3.1   บ   
     บ  FANO factor   บ       .192 ๑    .050   บ      .192 ๑    .002   บ   
     ศออออออออออออออออสออออออออออออออออออออออออสอออออออออออออออออออออออผ   
     ษอออออออออออออออออออออออออออออออออออออออออออออออออออออออออออออออออป   
     บ                           PEAK  DATA                            บ   
     ฬอออออออออออออออออออออออออออออออออออออออออออออออออออออออออออออออออน   
     บ  # Line       E(KeV)  rel. int.   peak area   st. dev    chi-sq บ   
     บ               chan#   fwhm (eV)      backgr            tot. abs บ   
     ฬอออออออออออออออออออออออออออออออออออออออออออออออออออออออออออออออออน   
     บ                                                                 บ   
     บ  1 Ni-Ka                           4884497. ๑   2210.           บ   
     บ    KA1         7.478    .66126     3229926. ๑   1462.    174.2  บ   
     บ              371.146    158.63         223.           9.47E-01  บ   
     บ    KA2         7.461    .33874     1654571. ๑    749.    159.0  บ   
     บ              370.307    158.41         224.           9.47E-01  บ   
     บ                                                                 บ   
     บ  2 Ni-Kb                            788218. ๑    888.           บ   
     บ    KB1         8.265   1.00000      788218. ๑    888.    110.2  บ   
     บ              409.987    168.48         229.           9.60E-01  บ   
     บ                                                                 บ   
     บ  3 Pile_up                           38617. ๑    198.           บ   
     บ    L1N2       14.944    .74128       28626. ๑    147.     26.8  บ   
     บ              739.635    236.03          91.           9.87E-01  บ   
     บ    L1O3       15.737    .23940        9245. ๑     48.      5.0  บ   
     บ              778.759    242.80          84.           9.88E-01  บ   
     บ    L1O2       16.530    .01933         746. ๑      9.       .9  บ   
     บ              817.884    249.39          69.           9.87E-01  บ   
     บ                                                                 บ   
     ศอออออออออออออออออออออออออออออออออออออออออออออออออออออออออออออออออผ   
                                                                           
     ษอออออออออออออออออออออออออออออออออออออออออออออออออออออออออออออออออป   
     บ                         FILTER BACKGROUND                       บ   
     ศอออออออออออออออออออออออออออออออออออออออออออออออออออออออออออออออออผ   
                                                                           
