     ษอออออออออออออออออออออออออออออออออออออออออออออออออออออออออออออออออป   
     บ  AXIL IBM-PC V3.00                       10-08-2014   14:23:52  บ   
     บ  Spectrum: QTD10051.SPE                                     0.s บ   
     ศอออออออออออออออออออออออออออออออออออออออออออออออออออออออออออออออออผ   
     ษอออออออออออออออออออออออออออออออออออออออออออออออออออออออออออออออออป   
     บ  Fitting Region: channels 100 -1980        3 iterations done    บ   
     บ  ChiSquare =    13.5   last change =   .00%    lambda= 1.E-05   บ   
     ฬอออออออออออออออออออออออออออออออออออออออออออออออออออออออออออออออออน   
     บ                        CALIBRATION  DATA                        บ   
     ฬออออออออออออออออหออออออออออออออออออออออออหอออออออออออออออออออออออน   
     บ                บ   Initial estimate     บ    Final estimate     บ   
     ฬออออออออออออออออฮออออออออออออออออออออออออฮอออออออออออออออออออออออน   
     บ  ZERO (eV)     บ      -48.0 ๑   100.0   บ     -48.0 ๑     2.4   บ   
     บ  GAIN (eV/ch)  บ     20.350 ๑   2.000   บ    20.350 ๑    .013   บ   
     บ det NOISE (eV) บ       62.3 ๑    40.0   บ      62.3 ๑    12.6   บ   
     บ  FANO factor   บ       .161 ๑    .050   บ      .161 ๑    .014   บ   
     ศออออออออออออออออสออออออออออออออออออออออออสอออออออออออออออออออออออผ   
     ษอออออออออออออออออออออออออออออออออออออออออออออออออออออออออออออออออป   
     บ                           PEAK  DATA                            บ   
     ฬอออออออออออออออออออออออออออออออออออออออออออออออออออออออออออออออออน   
     บ  # Line       E(KeV)  rel. int.   peak area   st. dev    chi-sq บ   
     บ               chan#   fwhm (eV)      backgr            tot. abs บ   
     ฬอออออออออออออออออออออออออออออออออออออออออออออออออออออออออออออออออน   
     บ                                                                 บ   
     บ  1 Sb-L1                             25030. ๑    214.           บ   
     บ    L1M3        3.933    .48794       12213. ๑    105.    309.6  บ   
     บ              195.624    131.91         163.           6.95E-01  บ   
     บ    L1M2        3.886    .29919        7489. ๑     65.    286.0  บ   
     บ              193.314    131.30         163.           6.86E-01  บ   
     บ    L1N3        4.600    .19086        4777. ๑     43.    222.5  บ   
     บ              228.400    140.33         150.           7.95E-01  บ   
     บ    L1O3        4.697    .01134         284. ๑     12.    198.3  บ   
     บ              233.166    141.52         148.           8.06E-01  บ   
     บ    L1M5        4.167    .01066         267. ๑     13.     59.7  บ   
     บ              207.122    134.93         158.           7.36E-01  บ   
     บ                                                                 บ   
     บ  2 Sb-L2                             37198. ๑    242.           บ   
     บ    L2M4        3.844    .83845       31189. ๑    203.    226.0  บ   
     บ              191.250    130.75         164.           6.78E-01  บ   
     บ    L2N4        4.348    .13511        5026. ๑     35.    300.6  บ   
     บ              216.017    137.21         155.           7.63E-01  บ   
     บ    L2M1        3.437    .02090         777. ๑     14.     34.7  บ   
     บ              171.251    125.28         172.           5.83E-01  บ   
     บ    L2N1        4.229    .00554         206. ๑     13.    170.2  บ   
     บ              210.169    135.71         157.           7.45E-01  บ   
     บ                                                                 บ   
     บ  3 Sb-L3                             63194. ๑    259.           บ   
     บ    L3M5        3.604    .82997       52449. ๑    215.     10.5  บ   
     บ              179.457    127.55         169.           6.25E-01  บ   
     บ    L3N5        4.101    .13568        8574. ๑     37.    120.0  บ   
     บ              203.879    134.08         160.           7.25E-01  บ   
     บ    L3M1        3.189    .02600        1643. ๑     15.     13.0  บ   
     บ              159.064    121.83         177.           5.22E-01  บ   
     บ    L3N1        3.980    .00732         463. ๑     13.    302.2  บ   
     บ              197.933    132.52         162.           7.04E-01  บ   
     บ    L3O1        4.126    .00103          65. ๑     13.     58.7  บ   
     บ              205.108    134.40         159.           7.29E-01  บ   
     บ                                                                 บ   
     บ  4 Pile_up                             215. ๑     25.           บ   
     บ    L2O4        7.476    .36552          79. ๑     15.      1.6  บ   
     บ              369.703    171.98         139.           9.47E-01  บ   
     บ    L2O1        7.208    .18844          40. ๑     13.      1.7  บ   
     บ              356.556    169.29         144.           9.41E-01  บ   
     บ    L2M3        7.743    .17726          38. ๑     12.      1.6  บ   
     บ              382.850    174.64         134.           9.52E-01  บ   
     บ    L3M5        7.707    .06400          14. ๑     12.      1.6  บ   
     บ              381.084    174.28         134.           9.52E-01  บ   
     บ    L3M4        7.975    .06207          13. ๑     11.      2.5  บ   
     บ              394.231    176.90         129.           9.56E-01  บ   
     บ    L3N5        8.209    .03636           8. ๑     11.      2.3  บ   
     บ              405.766    179.17         125.           9.60E-01  บ   
     บ    L3N4        7.952    .03610           8. ๑     11.      2.4  บ   
     บ              393.116    176.68         129.           9.56E-01  บ   
     บ    L3M1        8.477    .03526           8. ๑     11.      3.7  บ   
     บ              418.913    181.71         120.           9.63E-01  บ   
     บ    L3N1        8.220    .03501           8. ๑     11.      2.4  บ   
     บ              406.262    179.26         125.           9.60E-01  บ   
     บ                                                                 บ   
     ศอออออออออออออออออออออออออออออออออออออออออออออออออออออออออออออออออผ   
                                                                           
     ษอออออออออออออออออออออออออออออออออออออออออออออออออออออออออออออออออป   
     บ                         FILTER BACKGROUND                       บ   
     ศอออออออออออออออออออออออออออออออออออออออออออออออออออออออออออออออออผ   
                                                                           
