     ษอออออออออออออออออออออออออออออออออออออออออออออออออออออออออออออออออป   
     บ  AXIL IBM-PC V3.00                       10-08-2014   14:23:41  บ   
     บ  Spectrum: QTD10027.SPE                                     0.s บ   
     ศอออออออออออออออออออออออออออออออออออออออออออออออออออออออออออออออออผ   
     ษอออออออออออออออออออออออออออออออออออออออออออออออออออออออออออออออออป   
     บ  Fitting Region: channels 100 -1980        4 iterations done    บ   
     บ  ChiSquare =   107.2   last change =   .04%    lambda= 1.E-06   บ   
     ฬอออออออออออออออออออออออออออออออออออออออออออออออออออออออออออออออออน   
     บ                        CALIBRATION  DATA                        บ   
     ฬออออออออออออออออหออออออออออออออออออออออออหอออออออออออออออออออออออน   
     บ                บ   Initial estimate     บ    Final estimate     บ   
     ฬออออออออออออออออฮออออออออออออออออออออออออฮอออออออออออออออออออออออน   
     บ  ZERO (eV)     บ      -46.4 ๑   100.0   บ     -46.4 ๑      .5   บ   
     บ  GAIN (eV/ch)  บ     20.280 ๑   2.000   บ    20.280 ๑    .001   บ   
     บ det NOISE (eV) บ      -61.9 ๑    40.0   บ     -61.9 ๑    -4.1   บ   
     บ  FANO factor   บ       .188 ๑    .050   บ      .188 ๑    .002   บ   
     ศออออออออออออออออสออออออออออออออออออออออออสอออออออออออออออออออออออผ   
     ษอออออออออออออออออออออออออออออออออออออออออออออออออออออออออออออออออป   
     บ                           PEAK  DATA                            บ   
     ฬอออออออออออออออออออออออออออออออออออออออออออออออออออออออออออออออออน   
     บ  # Line       E(KeV)  rel. int.   peak area   st. dev    chi-sq บ   
     บ               chan#   fwhm (eV)      backgr            tot. abs บ   
     ฬอออออออออออออออออออออออออออออออออออออออออออออออออออออออออออออออออน   
     บ                                                                 บ   
     บ  1 Co-Ka                           4158931. ๑   2039.           บ   
     บ    KA1         6.925   1.00000     4158931. ๑   2039.    154.7  บ   
     บ              343.763    155.01         204.           9.34E-01  บ   
     บ                                                                 บ   
     บ  2 Co-Kb                            677805. ๑    824.           บ   
     บ    KB1         7.649   1.00000      677805. ๑    824.     47.4  บ   
     บ              379.464    164.14         185.           9.50E-01  บ   
     บ                                                                 บ   
     บ  3 Pile_up                           26088. ๑    164.           บ   
     บ    L1N3       13.850    .73910       19282. ๑    122.     39.1  บ   
     บ              685.239    227.78          95.           9.86E-01  บ   
     บ    L1N2       14.574    .24122        6293. ๑     41.      6.7  บ   
     บ              720.940    234.09          82.           9.87E-01  บ   
     บ    L1O3       15.298    .01968         513. ๑      9.      1.9  บ   
     บ              756.641    240.23          77.           9.87E-01  บ   
     บ                                                                 บ   
     ศอออออออออออออออออออออออออออออออออออออออออออออออออออออออออออออออออผ   
                                                                           
     ษอออออออออออออออออออออออออออออออออออออออออออออออออออออออออออออออออป   
     บ                         FILTER BACKGROUND                       บ   
     ศอออออออออออออออออออออออออออออออออออออออออออออออออออออออออออออออออผ   
                                                                           
