     ษอออออออออออออออออออออออออออออออออออออออออออออออออออออออออออออออออป   
     บ  AXIL IBM-PC V3.00                       10-08-2014   14:23:50  บ   
     บ  Spectrum: QTD10050.SPE                                     0.s บ   
     ศอออออออออออออออออออออออออออออออออออออออออออออออออออออออออออออออออผ   
     ษอออออออออออออออออออออออออออออออออออออออออออออออออออออออออออออออออป   
     บ  Fitting Region: channels 100 -1980        4 iterations done    บ   
     บ  ChiSquare =    11.9   last change =   .02%    lambda= 1.E-06   บ   
     ฬอออออออออออออออออออออออออออออออออออออออออออออออออออออออออออออออออน   
     บ                        CALIBRATION  DATA                        บ   
     ฬออออออออออออออออหออออออออออออออออออออออออหอออออออออออออออออออออออน   
     บ                บ   Initial estimate     บ    Final estimate     บ   
     ฬออออออออออออออออฮออออออออออออออออออออออออฮอออออออออออออออออออออออน   
     บ  ZERO (eV)     บ      -46.8 ๑   100.0   บ     -46.8 ๑     2.9   บ   
     บ  GAIN (eV/ch)  บ     20.344 ๑   2.000   บ    20.344 ๑    .016   บ   
     บ det NOISE (eV) บ       69.5 ๑    40.0   บ      69.5 ๑    12.6   บ   
     บ  FANO factor   บ       .151 ๑    .050   บ      .151 ๑    .016   บ   
     ศออออออออออออออออสออออออออออออออออออออออออสอออออออออออออออออออออออผ   
     ษอออออออออออออออออออออออออออออออออออออออออออออออออออออออออออออออออป   
     บ                           PEAK  DATA                            บ   
     ฬอออออออออออออออออออออออออออออออออออออออออออออออออออออออออออออออออน   
     บ  # Line       E(KeV)  rel. int.   peak area   st. dev    chi-sq บ   
     บ               chan#   fwhm (eV)      backgr            tot. abs บ   
     ฬอออออออออออออออออออออออออออออออออออออออออออออออออออออออออออออออออน   
     บ                                                                 บ   
     บ  1 Sn-L1                             17353. ๑    179.           บ   
     บ    L1M3        3.750    .49267        8549. ๑     89.    226.8  บ   
     บ              186.629    130.07         139.           6.58E-01  บ   
     บ    L1M2        3.708    .29965        5200. ๑     55.    211.1  บ   
     บ              184.565    129.54         140.           6.49E-01  บ   
     บ    L1N3        4.377    .19111        3316. ๑     36.    163.7  บ   
     บ              217.449    137.61         129.           7.67E-01  บ   
     บ    L1O3        4.464    .00635         110. ๑     11.    148.5  บ   
     บ              221.726    138.63         128.           7.78E-01  บ   
     บ    L1M5        3.977    .01022         177. ๑     12.     57.0  บ   
     บ              197.787    132.85         136.           7.03E-01  บ   
     บ                                                                 บ   
     บ  2 Sn-L2                             28030. ๑    208.           บ   
     บ    L2M4        3.663    .84369       23649. ๑    176.    161.8  บ   
     บ              182.353    128.98         141.           6.39E-01  บ   
     บ    L2N4        4.131    .12993        3642. ๑     29.    224.7  บ   
     บ              205.357    134.70         133.           7.30E-01  บ   
     บ    L2M1        3.272    .02078         582. ๑     13.     25.7  บ   
     บ              163.133    124.00         147.           5.40E-01  บ   
     บ    L2N1        4.019    .00560         157. ๑     12.    102.8  บ   
     บ              199.852    133.35         135.           7.11E-01  บ   
     บ                                                                 บ   
     บ  3 Sn-L3                             51092. ๑    234.           บ   
     บ    L3M5        3.443    .83517       42670. ๑    196.      7.7  บ   
     บ              171.539    126.21         144.           5.84E-01  บ   
     บ    L3N5        3.905    .13109        6698. ๑     33.     84.8  บ   
     บ              194.248    131.97         137.           6.90E-01  บ   
     บ    L3M1        3.045    .02549        1303. ๑     14.     46.9  บ   
     บ              151.975    121.02         151.           4.79E-01  บ   
     บ    L3N1        3.793    .00731         373. ๑     12.    221.8  บ   
     บ              188.743    130.60         139.           6.67E-01  บ   
     บ    L3O1        3.923    .00093          48. ๑     12.     56.0  บ   
     บ              195.133    132.19         137.           6.93E-01  บ   
     บ                                                                 บ   
     บ  4 Pile_up                             147. ๑     20.           บ   
     บ    L2O4        7.132    .42457          62. ๑     13.      2.4  บ   
     บ              352.872    166.77         107.           9.39E-01  บ   
     บ    L2O1        6.886    .24165          35. ๑     12.      1.2  บ   
     บ              340.778    164.37         110.           9.33E-01  บ   
     บ    L2M3        7.378    .18649          27. ๑     11.      2.3  บ   
     บ              364.965    169.13         118.           9.45E-01  บ   
     บ    L3M5        7.350    .07841          11. ๑     11.      2.1  บ   
     บ              363.584    168.86         118.           9.44E-01  บ   
     บ    L3M4        7.596    .06888          10. ๑     11.      4.3  บ   
     บ              375.678    171.19         114.           9.49E-01  บ   
     บ                                                                 บ   
     ศอออออออออออออออออออออออออออออออออออออออออออออออออออออออออออออออออผ   
                                                                           
     ษอออออออออออออออออออออออออออออออออออออออออออออออออออออออออออออออออป   
     บ                         FILTER BACKGROUND                       บ   
     ศอออออออออออออออออออออออออออออออออออออออออออออออออออออออออออออออออผ   
                                                                           
